[0.083s] DEBUG:colcon:Command line arguments: ['/usr/bin/colcon', 'build']
[0.083s] DEBUG:colcon:Parsed command line arguments: Namespace(log_base=None, log_level=None, verb_name='build', build_base='build', install_base='install', merge_install=False, symlink_install=False, test_result_base=None, continue_on_error=False, executor='parallel', parallel_workers=4, event_handlers=None, ignore_user_meta=False, metas=['./colcon.meta'], base_paths=['.'], packages_ignore=None, packages_ignore_regex=None, paths=None, packages_up_to=None, packages_up_to_regex=None, packages_above=None, packages_above_and_dependencies=None, packages_above_depth=None, packages_select_by_dep=None, packages_skip_by_dep=None, packages_skip_up_to=None, packages_select_build_failed=False, packages_skip_build_finished=False, packages_select_test_failures=False, packages_skip_test_passed=False, packages_select=None, packages_skip=None, packages_select_regex=None, packages_skip_regex=None, packages_start=None, packages_end=None, allow_overriding=[], cmake_args=None, cmake_target=None, cmake_target_skip_unavailable=False, cmake_clean_cache=False, cmake_clean_first=False, cmake_force_configure=False, ament_cmake_args=None, catkin_cmake_args=None, catkin_skip_building_tests=False, verb_parser=<colcon_defaults.argument_parser.defaults.DefaultArgumentsDecorator object at 0x76b9daea3a60>, verb_extension=<colcon_core.verb.build.BuildVerb object at 0x76b9db068e50>, main=<bound method BuildVerb.main of <colcon_core.verb.build.BuildVerb object at 0x76b9db068e50>>)
[0.221s] Level 1:colcon.colcon_core.package_discovery:discover_packages(colcon_meta) check parameters
[0.222s] Level 1:colcon.colcon_core.package_discovery:discover_packages(recursive) check parameters
[0.222s] Level 1:colcon.colcon_core.package_discovery:discover_packages(ignore) check parameters
[0.222s] Level 1:colcon.colcon_core.package_discovery:discover_packages(path) check parameters
[0.222s] Level 1:colcon.colcon_core.package_discovery:discover_packages(colcon_meta) discover
[0.222s] Level 1:colcon.colcon_core.package_discovery:discover_packages(recursive) discover
[0.222s] INFO:colcon.colcon_core.package_discovery:Crawling recursively for packages in '/home/everygreen/ros2/bot_ws'
[0.222s] Level 1:colcon.colcon_core.package_identification:_identify(.) by extensions ['ignore', 'ignore_ament_install']
[0.222s] Level 1:colcon.colcon_core.package_identification:_identify(.) by extension 'ignore'
[0.222s] Level 1:colcon.colcon_core.package_identification:_identify(.) by extension 'ignore_ament_install'
[0.222s] Level 1:colcon.colcon_core.package_identification:_identify(.) by extensions ['colcon_pkg']
[0.222s] Level 1:colcon.colcon_core.package_identification:_identify(.) by extension 'colcon_pkg'
[0.222s] Level 1:colcon.colcon_core.package_identification:_identify(.) by extensions ['colcon_meta']
[0.222s] Level 1:colcon.colcon_core.package_identification:_identify(.) by extension 'colcon_meta'
[0.223s] Level 1:colcon.colcon_core.package_identification:_identify(.) by extensions ['ros']
[0.223s] Level 1:colcon.colcon_core.package_identification:_identify(.) by extension 'ros'
[0.232s] Level 1:colcon.colcon_core.package_identification:_identify(.) by extensions ['cmake', 'python']
[0.232s] Level 1:colcon.colcon_core.package_identification:_identify(.) by extension 'cmake'
[0.232s] Level 1:colcon.colcon_core.package_identification:_identify(.) by extension 'python'
[0.232s] Level 1:colcon.colcon_core.package_identification:_identify(.) by extensions ['python_setup_py']
[0.232s] Level 1:colcon.colcon_core.package_identification:_identify(.) by extension 'python_setup_py'
[0.232s] Level 1:colcon.colcon_core.package_identification:_identify(build) by extensions ['ignore', 'ignore_ament_install']
[0.232s] Level 1:colcon.colcon_core.package_identification:_identify(build) by extension 'ignore'
[0.232s] Level 1:colcon.colcon_core.package_identification:_identify(build) ignored
[0.233s] Level 1:colcon.colcon_core.package_identification:_identify(install) by extensions ['ignore', 'ignore_ament_install']
[0.233s] Level 1:colcon.colcon_core.package_identification:_identify(install) by extension 'ignore'
[0.233s] Level 1:colcon.colcon_core.package_identification:_identify(install) ignored
[0.233s] Level 1:colcon.colcon_core.package_identification:_identify(log) by extensions ['ignore', 'ignore_ament_install']
[0.233s] Level 1:colcon.colcon_core.package_identification:_identify(log) by extension 'ignore'
[0.233s] Level 1:colcon.colcon_core.package_identification:_identify(log) ignored
[0.233s] Level 1:colcon.colcon_core.package_identification:_identify(src) by extensions ['ignore', 'ignore_ament_install']
[0.233s] Level 1:colcon.colcon_core.package_identification:_identify(src) by extension 'ignore'
[0.233s] Level 1:colcon.colcon_core.package_identification:_identify(src) by extension 'ignore_ament_install'
[0.233s] Level 1:colcon.colcon_core.package_identification:_identify(src) by extensions ['colcon_pkg']
[0.233s] Level 1:colcon.colcon_core.package_identification:_identify(src) by extension 'colcon_pkg'
[0.233s] Level 1:colcon.colcon_core.package_identification:_identify(src) by extensions ['colcon_meta']
[0.233s] Level 1:colcon.colcon_core.package_identification:_identify(src) by extension 'colcon_meta'
[0.233s] Level 1:colcon.colcon_core.package_identification:_identify(src) by extensions ['ros']
[0.233s] Level 1:colcon.colcon_core.package_identification:_identify(src) by extension 'ros'
[0.233s] Level 1:colcon.colcon_core.package_identification:_identify(src) by extensions ['cmake', 'python']
[0.233s] Level 1:colcon.colcon_core.package_identification:_identify(src) by extension 'cmake'
[0.233s] Level 1:colcon.colcon_core.package_identification:_identify(src) by extension 'python'
[0.233s] Level 1:colcon.colcon_core.package_identification:_identify(src) by extensions ['python_setup_py']
[0.233s] Level 1:colcon.colcon_core.package_identification:_identify(src) by extension 'python_setup_py'
[0.234s] Level 1:colcon.colcon_core.package_identification:_identify(src/bot) by extensions ['ignore', 'ignore_ament_install']
[0.234s] Level 1:colcon.colcon_core.package_identification:_identify(src/bot) by extension 'ignore'
[0.234s] Level 1:colcon.colcon_core.package_identification:_identify(src/bot) by extension 'ignore_ament_install'
[0.234s] Level 1:colcon.colcon_core.package_identification:_identify(src/bot) by extensions ['colcon_pkg']
[0.234s] Level 1:colcon.colcon_core.package_identification:_identify(src/bot) by extension 'colcon_pkg'
[0.234s] Level 1:colcon.colcon_core.package_identification:_identify(src/bot) by extensions ['colcon_meta']
[0.234s] Level 1:colcon.colcon_core.package_identification:_identify(src/bot) by extension 'colcon_meta'
[0.234s] Level 1:colcon.colcon_core.package_identification:_identify(src/bot) by extensions ['ros']
[0.234s] Level 1:colcon.colcon_core.package_identification:_identify(src/bot) by extension 'ros'
[0.237s] DEBUG:colcon.colcon_core.package_identification:Package 'src/bot' with type 'ros.ament_cmake' and name 'bot'
[0.237s] Level 1:colcon.colcon_core.package_identification:_identify(src/bot_nav2) by extensions ['ignore', 'ignore_ament_install']
[0.237s] Level 1:colcon.colcon_core.package_identification:_identify(src/bot_nav2) by extension 'ignore'
[0.237s] Level 1:colcon.colcon_core.package_identification:_identify(src/bot_nav2) by extension 'ignore_ament_install'
[0.237s] Level 1:colcon.colcon_core.package_identification:_identify(src/bot_nav2) by extensions ['colcon_pkg']
[0.237s] Level 1:colcon.colcon_core.package_identification:_identify(src/bot_nav2) by extension 'colcon_pkg'
[0.237s] Level 1:colcon.colcon_core.package_identification:_identify(src/bot_nav2) by extensions ['colcon_meta']
[0.237s] Level 1:colcon.colcon_core.package_identification:_identify(src/bot_nav2) by extension 'colcon_meta'
[0.237s] Level 1:colcon.colcon_core.package_identification:_identify(src/bot_nav2) by extensions ['ros']
[0.237s] Level 1:colcon.colcon_core.package_identification:_identify(src/bot_nav2) by extension 'ros'
[0.238s] DEBUG:colcon.colcon_core.package_identification:Package 'src/bot_nav2' with type 'ros.ament_cmake' and name 'bot_nav2'
[0.238s] Level 1:colcon.colcon_core.package_identification:_identify(src/fishbot_description) by extensions ['ignore', 'ignore_ament_install']
[0.238s] Level 1:colcon.colcon_core.package_identification:_identify(src/fishbot_description) by extension 'ignore'
[0.238s] Level 1:colcon.colcon_core.package_identification:_identify(src/fishbot_description) by extension 'ignore_ament_install'
[0.238s] Level 1:colcon.colcon_core.package_identification:_identify(src/fishbot_description) by extensions ['colcon_pkg']
[0.238s] Level 1:colcon.colcon_core.package_identification:_identify(src/fishbot_description) by extension 'colcon_pkg'
[0.238s] Level 1:colcon.colcon_core.package_identification:_identify(src/fishbot_description) by extensions ['colcon_meta']
[0.238s] Level 1:colcon.colcon_core.package_identification:_identify(src/fishbot_description) by extension 'colcon_meta'
[0.238s] Level 1:colcon.colcon_core.package_identification:_identify(src/fishbot_description) by extensions ['ros']
[0.238s] Level 1:colcon.colcon_core.package_identification:_identify(src/fishbot_description) by extension 'ros'
[0.239s] DEBUG:colcon.colcon_core.package_identification:Package 'src/fishbot_description' with type 'ros.ament_cmake' and name 'fishbot_description'
[0.239s] Level 1:colcon.colcon_core.package_identification:_identify(src/waypoint) by extensions ['ignore', 'ignore_ament_install']
[0.239s] Level 1:colcon.colcon_core.package_identification:_identify(src/waypoint) by extension 'ignore'
[0.239s] Level 1:colcon.colcon_core.package_identification:_identify(src/waypoint) by extension 'ignore_ament_install'
[0.239s] Level 1:colcon.colcon_core.package_identification:_identify(src/waypoint) by extensions ['colcon_pkg']
[0.239s] Level 1:colcon.colcon_core.package_identification:_identify(src/waypoint) by extension 'colcon_pkg'
[0.239s] Level 1:colcon.colcon_core.package_identification:_identify(src/waypoint) by extensions ['colcon_meta']
[0.239s] Level 1:colcon.colcon_core.package_identification:_identify(src/waypoint) by extension 'colcon_meta'
[0.239s] Level 1:colcon.colcon_core.package_identification:_identify(src/waypoint) by extensions ['ros']
[0.239s] Level 1:colcon.colcon_core.package_identification:_identify(src/waypoint) by extension 'ros'
[0.240s] DEBUG:colcon.colcon_core.package_identification:Package 'src/waypoint' with type 'ros.ament_python' and name 'waypoint'
[0.240s] Level 1:colcon.colcon_core.package_discovery:discover_packages(recursive) using defaults
[0.240s] Level 1:colcon.colcon_core.package_discovery:discover_packages(ignore) discover
[0.240s] Level 1:colcon.colcon_core.package_discovery:discover_packages(ignore) using defaults
[0.240s] Level 1:colcon.colcon_core.package_discovery:discover_packages(path) discover
[0.240s] Level 1:colcon.colcon_core.package_discovery:discover_packages(path) using defaults
[0.257s] Level 1:colcon.colcon_core.package_discovery:discover_packages(prefix_path) check parameters
[0.257s] Level 1:colcon.colcon_core.package_discovery:discover_packages(prefix_path) discover
[0.258s] DEBUG:colcon.colcon_installed_package_information.package_discovery:Found 375 installed packages in /opt/ros/humble
[0.267s] Level 1:colcon.colcon_core.package_discovery:discover_packages(prefix_path) using defaults
[0.295s] Level 5:colcon.colcon_core.verb:set package 'bot' build argument 'cmake_args' from command line to 'None'
[0.295s] Level 5:colcon.colcon_core.verb:set package 'bot' build argument 'cmake_target' from command line to 'None'
[0.295s] Level 5:colcon.colcon_core.verb:set package 'bot' build argument 'cmake_target_skip_unavailable' from command line to 'False'
[0.296s] Level 5:colcon.colcon_core.verb:set package 'bot' build argument 'cmake_clean_cache' from command line to 'False'
[0.296s] Level 5:colcon.colcon_core.verb:set package 'bot' build argument 'cmake_clean_first' from command line to 'False'
[0.296s] Level 5:colcon.colcon_core.verb:set package 'bot' build argument 'cmake_force_configure' from command line to 'False'
[0.296s] Level 5:colcon.colcon_core.verb:set package 'bot' build argument 'ament_cmake_args' from command line to 'None'
[0.296s] Level 5:colcon.colcon_core.verb:set package 'bot' build argument 'catkin_cmake_args' from command line to 'None'
[0.296s] Level 5:colcon.colcon_core.verb:set package 'bot' build argument 'catkin_skip_building_tests' from command line to 'False'
[0.296s] DEBUG:colcon.colcon_core.verb:Building package 'bot' with the following arguments: {'ament_cmake_args': None, 'build_base': '/home/everygreen/ros2/bot_ws/build/bot', 'catkin_cmake_args': None, 'catkin_skip_building_tests': False, 'cmake_args': None, 'cmake_clean_cache': False, 'cmake_clean_first': False, 'cmake_force_configure': False, 'cmake_target': None, 'cmake_target_skip_unavailable': False, 'install_base': '/home/everygreen/ros2/bot_ws/install/bot', 'merge_install': False, 'path': '/home/everygreen/ros2/bot_ws/src/bot', 'symlink_install': False, 'test_result_base': None}
[0.296s] Level 5:colcon.colcon_core.verb:set package 'bot_nav2' build argument 'cmake_args' from command line to 'None'
[0.296s] Level 5:colcon.colcon_core.verb:set package 'bot_nav2' build argument 'cmake_target' from command line to 'None'
[0.296s] Level 5:colcon.colcon_core.verb:set package 'bot_nav2' build argument 'cmake_target_skip_unavailable' from command line to 'False'
[0.296s] Level 5:colcon.colcon_core.verb:set package 'bot_nav2' build argument 'cmake_clean_cache' from command line to 'False'
[0.296s] Level 5:colcon.colcon_core.verb:set package 'bot_nav2' build argument 'cmake_clean_first' from command line to 'False'
[0.296s] Level 5:colcon.colcon_core.verb:set package 'bot_nav2' build argument 'cmake_force_configure' from command line to 'False'
[0.296s] Level 5:colcon.colcon_core.verb:set package 'bot_nav2' build argument 'ament_cmake_args' from command line to 'None'
[0.296s] Level 5:colcon.colcon_core.verb:set package 'bot_nav2' build argument 'catkin_cmake_args' from command line to 'None'
[0.296s] Level 5:colcon.colcon_core.verb:set package 'bot_nav2' build argument 'catkin_skip_building_tests' from command line to 'False'
[0.296s] DEBUG:colcon.colcon_core.verb:Building package 'bot_nav2' with the following arguments: {'ament_cmake_args': None, 'build_base': '/home/everygreen/ros2/bot_ws/build/bot_nav2', 'catkin_cmake_args': None, 'catkin_skip_building_tests': False, 'cmake_args': None, 'cmake_clean_cache': False, 'cmake_clean_first': False, 'cmake_force_configure': False, 'cmake_target': None, 'cmake_target_skip_unavailable': False, 'install_base': '/home/everygreen/ros2/bot_ws/install/bot_nav2', 'merge_install': False, 'path': '/home/everygreen/ros2/bot_ws/src/bot_nav2', 'symlink_install': False, 'test_result_base': None}
[0.296s] Level 5:colcon.colcon_core.verb:set package 'fishbot_description' build argument 'cmake_args' from command line to 'None'
[0.296s] Level 5:colcon.colcon_core.verb:set package 'fishbot_description' build argument 'cmake_target' from command line to 'None'
[0.296s] Level 5:colcon.colcon_core.verb:set package 'fishbot_description' build argument 'cmake_target_skip_unavailable' from command line to 'False'
[0.296s] Level 5:colcon.colcon_core.verb:set package 'fishbot_description' build argument 'cmake_clean_cache' from command line to 'False'
[0.296s] Level 5:colcon.colcon_core.verb:set package 'fishbot_description' build argument 'cmake_clean_first' from command line to 'False'
[0.296s] Level 5:colcon.colcon_core.verb:set package 'fishbot_description' build argument 'cmake_force_configure' from command line to 'False'
[0.296s] Level 5:colcon.colcon_core.verb:set package 'fishbot_description' build argument 'ament_cmake_args' from command line to 'None'
[0.296s] Level 5:colcon.colcon_core.verb:set package 'fishbot_description' build argument 'catkin_cmake_args' from command line to 'None'
[0.296s] Level 5:colcon.colcon_core.verb:set package 'fishbot_description' build argument 'catkin_skip_building_tests' from command line to 'False'
[0.296s] DEBUG:colcon.colcon_core.verb:Building package 'fishbot_description' with the following arguments: {'ament_cmake_args': None, 'build_base': '/home/everygreen/ros2/bot_ws/build/fishbot_description', 'catkin_cmake_args': None, 'catkin_skip_building_tests': False, 'cmake_args': None, 'cmake_clean_cache': False, 'cmake_clean_first': False, 'cmake_force_configure': False, 'cmake_target': None, 'cmake_target_skip_unavailable': False, 'install_base': '/home/everygreen/ros2/bot_ws/install/fishbot_description', 'merge_install': False, 'path': '/home/everygreen/ros2/bot_ws/src/fishbot_description', 'symlink_install': False, 'test_result_base': None}
[0.297s] Level 5:colcon.colcon_core.verb:set package 'waypoint' build argument 'cmake_args' from command line to 'None'
[0.297s] Level 5:colcon.colcon_core.verb:set package 'waypoint' build argument 'cmake_target' from command line to 'None'
[0.297s] Level 5:colcon.colcon_core.verb:set package 'waypoint' build argument 'cmake_target_skip_unavailable' from command line to 'False'
[0.297s] Level 5:colcon.colcon_core.verb:set package 'waypoint' build argument 'cmake_clean_cache' from command line to 'False'
[0.297s] Level 5:colcon.colcon_core.verb:set package 'waypoint' build argument 'cmake_clean_first' from command line to 'False'
[0.297s] Level 5:colcon.colcon_core.verb:set package 'waypoint' build argument 'cmake_force_configure' from command line to 'False'
[0.297s] Level 5:colcon.colcon_core.verb:set package 'waypoint' build argument 'ament_cmake_args' from command line to 'None'
[0.297s] Level 5:colcon.colcon_core.verb:set package 'waypoint' build argument 'catkin_cmake_args' from command line to 'None'
[0.297s] Level 5:colcon.colcon_core.verb:set package 'waypoint' build argument 'catkin_skip_building_tests' from command line to 'False'
[0.297s] DEBUG:colcon.colcon_core.verb:Building package 'waypoint' with the following arguments: {'ament_cmake_args': None, 'build_base': '/home/everygreen/ros2/bot_ws/build/waypoint', 'catkin_cmake_args': None, 'catkin_skip_building_tests': False, 'cmake_args': None, 'cmake_clean_cache': False, 'cmake_clean_first': False, 'cmake_force_configure': False, 'cmake_target': None, 'cmake_target_skip_unavailable': False, 'install_base': '/home/everygreen/ros2/bot_ws/install/waypoint', 'merge_install': False, 'path': '/home/everygreen/ros2/bot_ws/src/waypoint', 'symlink_install': False, 'test_result_base': None}
[0.297s] INFO:colcon.colcon_core.executor:Executing jobs using 'parallel' executor
[0.298s] DEBUG:colcon.colcon_parallel_executor.executor.parallel:run_until_complete
[0.298s] INFO:colcon.colcon_ros.task.ament_cmake.build:Building ROS package in '/home/everygreen/ros2/bot_ws/src/bot' with build type 'ament_cmake'
[0.298s] INFO:colcon.colcon_cmake.task.cmake.build:Building CMake package in '/home/everygreen/ros2/bot_ws/src/bot'
[0.300s] INFO:colcon.colcon_core.plugin_system:Skipping extension 'colcon_core.shell.bat': Not used on non-Windows systems
[0.300s] INFO:colcon.colcon_core.shell:Skip shell extension 'powershell' for command environment: Not usable outside of PowerShell
[0.300s] DEBUG:colcon.colcon_core.shell:Skip shell extension 'dsv' for command environment
[0.302s] INFO:colcon.colcon_ros.task.ament_cmake.build:Building ROS package in '/home/everygreen/ros2/bot_ws/src/bot_nav2' with build type 'ament_cmake'
[0.302s] INFO:colcon.colcon_cmake.task.cmake.build:Building CMake package in '/home/everygreen/ros2/bot_ws/src/bot_nav2'
[0.302s] INFO:colcon.colcon_core.shell:Skip shell extension 'powershell' for command environment: Not usable outside of PowerShell
[0.302s] DEBUG:colcon.colcon_core.shell:Skip shell extension 'dsv' for command environment
[0.307s] INFO:colcon.colcon_ros.task.ament_cmake.build:Building ROS package in '/home/everygreen/ros2/bot_ws/src/fishbot_description' with build type 'ament_cmake'
[0.307s] INFO:colcon.colcon_cmake.task.cmake.build:Building CMake package in '/home/everygreen/ros2/bot_ws/src/fishbot_description'
[0.308s] INFO:colcon.colcon_core.shell:Skip shell extension 'powershell' for command environment: Not usable outside of PowerShell
[0.308s] DEBUG:colcon.colcon_core.shell:Skip shell extension 'dsv' for command environment
[0.313s] INFO:colcon.colcon_ros.task.ament_python.build:Building ROS package in '/home/everygreen/ros2/bot_ws/src/waypoint' with build type 'ament_python'
[0.313s] Level 1:colcon.colcon_core.shell:create_environment_hook('waypoint', 'ament_prefix_path')
[0.314s] INFO:colcon.colcon_core.shell:Creating environment hook '/home/everygreen/ros2/bot_ws/install/waypoint/share/waypoint/hook/ament_prefix_path.ps1'
[0.315s] INFO:colcon.colcon_core.shell:Creating environment descriptor '/home/everygreen/ros2/bot_ws/install/waypoint/share/waypoint/hook/ament_prefix_path.dsv'
[0.316s] INFO:colcon.colcon_core.shell:Creating environment hook '/home/everygreen/ros2/bot_ws/install/waypoint/share/waypoint/hook/ament_prefix_path.sh'
[0.316s] INFO:colcon.colcon_core.shell:Skip shell extension 'powershell' for command environment: Not usable outside of PowerShell
[0.316s] DEBUG:colcon.colcon_core.shell:Skip shell extension 'dsv' for command environment
[0.333s] DEBUG:colcon.colcon_core.event_handler.log_command:Invoking command in '/home/everygreen/ros2/bot_ws/build/bot': CMAKE_PREFIX_PATH=/opt/ros/humble /usr/bin/cmake --build /home/everygreen/ros2/bot_ws/build/bot -- -j4 -l4
[0.347s] DEBUG:colcon.colcon_core.event_handler.log_command:Invoking command in '/home/everygreen/ros2/bot_ws/build/bot_nav2': CMAKE_PREFIX_PATH=/opt/ros/humble /usr/bin/cmake --build /home/everygreen/ros2/bot_ws/build/bot_nav2 -- -j4 -l4
[0.349s] DEBUG:colcon.colcon_core.event_handler.log_command:Invoking command in '/home/everygreen/ros2/bot_ws/build/fishbot_description': CMAKE_PREFIX_PATH=/opt/ros/humble /usr/bin/cmake --build /home/everygreen/ros2/bot_ws/build/fishbot_description -- -j4 -l4
[0.607s] INFO:colcon.colcon_core.task.python.build:Building Python package in '/home/everygreen/ros2/bot_ws/src/waypoint'
[0.608s] INFO:colcon.colcon_core.shell:Skip shell extension 'powershell' for command environment: Not usable outside of PowerShell
[0.608s] DEBUG:colcon.colcon_core.shell:Skip shell extension 'dsv' for command environment
[0.616s] DEBUG:colcon.colcon_core.event_handler.log_command:Invoked command in '/home/everygreen/ros2/bot_ws/build/bot_nav2' returned '0': CMAKE_PREFIX_PATH=/opt/ros/humble /usr/bin/cmake --build /home/everygreen/ros2/bot_ws/build/bot_nav2 -- -j4 -l4
[0.633s] DEBUG:colcon.colcon_core.event_handler.log_command:Invoking command in '/home/everygreen/ros2/bot_ws/build/bot_nav2': CMAKE_PREFIX_PATH=/opt/ros/humble /usr/bin/cmake --install /home/everygreen/ros2/bot_ws/build/bot_nav2
[0.634s] DEBUG:colcon.colcon_core.event_handler.log_command:Invoked command in '/home/everygreen/ros2/bot_ws/build/bot' returned '0': CMAKE_PREFIX_PATH=/opt/ros/humble /usr/bin/cmake --build /home/everygreen/ros2/bot_ws/build/bot -- -j4 -l4
[0.634s] DEBUG:colcon.colcon_core.event_handler.log_command:Invoking command in '/home/everygreen/ros2/bot_ws/build/bot': CMAKE_PREFIX_PATH=/opt/ros/humble /usr/bin/cmake --install /home/everygreen/ros2/bot_ws/build/bot
[0.635s] DEBUG:colcon.colcon_core.event_handler.log_command:Invoked command in '/home/everygreen/ros2/bot_ws/build/fishbot_description' returned '0': CMAKE_PREFIX_PATH=/opt/ros/humble /usr/bin/cmake --build /home/everygreen/ros2/bot_ws/build/fishbot_description -- -j4 -l4
[0.643s] DEBUG:colcon.colcon_core.event_handler.log_command:Invoking command in '/home/everygreen/ros2/bot_ws/build/fishbot_description': CMAKE_PREFIX_PATH=/opt/ros/humble /usr/bin/cmake --install /home/everygreen/ros2/bot_ws/build/fishbot_description
[0.650s] Level 1:colcon.colcon_core.environment:create_environment_scripts_only(bot_nav2)
[0.655s] DEBUG:colcon.colcon_core.event_handler.log_command:Invoked command in '/home/everygreen/ros2/bot_ws/build/bot_nav2' returned '0': CMAKE_PREFIX_PATH=/opt/ros/humble /usr/bin/cmake --install /home/everygreen/ros2/bot_ws/build/bot_nav2
[0.659s] Level 1:colcon.colcon_core.environment:checking '/home/everygreen/ros2/bot_ws/install/bot_nav2' for CMake module files
[0.663s] Level 1:colcon.colcon_core.environment:checking '/home/everygreen/ros2/bot_ws/install/bot_nav2' for CMake config files
[0.663s] Level 1:colcon.colcon_core.shell:create_environment_hook('bot_nav2', 'cmake_prefix_path')
[0.664s] INFO:colcon.colcon_core.shell:Creating environment hook '/home/everygreen/ros2/bot_ws/install/bot_nav2/share/bot_nav2/hook/cmake_prefix_path.ps1'
[0.664s] INFO:colcon.colcon_core.shell:Creating environment descriptor '/home/everygreen/ros2/bot_ws/install/bot_nav2/share/bot_nav2/hook/cmake_prefix_path.dsv'
[0.665s] INFO:colcon.colcon_core.shell:Creating environment hook '/home/everygreen/ros2/bot_ws/install/bot_nav2/share/bot_nav2/hook/cmake_prefix_path.sh'
[0.665s] Level 1:colcon.colcon_core.environment:checking '/home/everygreen/ros2/bot_ws/install/bot_nav2/lib'
[0.666s] Level 1:colcon.colcon_core.environment:checking '/home/everygreen/ros2/bot_ws/install/bot_nav2/bin'
[0.666s] Level 1:colcon.colcon_core.environment:checking '/home/everygreen/ros2/bot_ws/install/bot_nav2/lib/pkgconfig/bot_nav2.pc'
[0.666s] Level 1:colcon.colcon_core.environment:checking '/home/everygreen/ros2/bot_ws/install/bot_nav2/lib/python3.10/site-packages'
[0.666s] Level 1:colcon.colcon_core.environment:checking '/home/everygreen/ros2/bot_ws/install/bot_nav2/bin'
[0.667s] INFO:colcon.colcon_core.shell:Creating package script '/home/everygreen/ros2/bot_ws/install/bot_nav2/share/bot_nav2/package.ps1'
[0.668s] INFO:colcon.colcon_core.shell:Creating package descriptor '/home/everygreen/ros2/bot_ws/install/bot_nav2/share/bot_nav2/package.dsv'
[0.669s] INFO:colcon.colcon_core.shell:Creating package script '/home/everygreen/ros2/bot_ws/install/bot_nav2/share/bot_nav2/package.sh'
[0.670s] INFO:colcon.colcon_core.shell:Creating package script '/home/everygreen/ros2/bot_ws/install/bot_nav2/share/bot_nav2/package.bash'
[0.671s] INFO:colcon.colcon_core.shell:Creating package script '/home/everygreen/ros2/bot_ws/install/bot_nav2/share/bot_nav2/package.zsh'
[0.671s] Level 1:colcon.colcon_core.environment:create_file_with_runtime_dependencies(/home/everygreen/ros2/bot_ws/install/bot_nav2/share/colcon-core/packages/bot_nav2)
[0.672s] Level 1:colcon.colcon_core.environment:create_environment_scripts_only(bot_nav2)
[0.672s] Level 1:colcon.colcon_core.environment:checking '/home/everygreen/ros2/bot_ws/install/bot_nav2' for CMake module files
[0.672s] Level 1:colcon.colcon_core.environment:checking '/home/everygreen/ros2/bot_ws/install/bot_nav2' for CMake config files
[0.672s] Level 1:colcon.colcon_core.shell:create_environment_hook('bot_nav2', 'cmake_prefix_path')
[0.673s] INFO:colcon.colcon_core.shell:Creating environment hook '/home/everygreen/ros2/bot_ws/install/bot_nav2/share/bot_nav2/hook/cmake_prefix_path.ps1'
[0.673s] INFO:colcon.colcon_core.shell:Creating environment descriptor '/home/everygreen/ros2/bot_ws/install/bot_nav2/share/bot_nav2/hook/cmake_prefix_path.dsv'
[0.673s] INFO:colcon.colcon_core.shell:Creating environment hook '/home/everygreen/ros2/bot_ws/install/bot_nav2/share/bot_nav2/hook/cmake_prefix_path.sh'
[0.674s] Level 1:colcon.colcon_core.environment:checking '/home/everygreen/ros2/bot_ws/install/bot_nav2/lib'
[0.674s] Level 1:colcon.colcon_core.environment:checking '/home/everygreen/ros2/bot_ws/install/bot_nav2/bin'
[0.674s] Level 1:colcon.colcon_core.environment:checking '/home/everygreen/ros2/bot_ws/install/bot_nav2/lib/pkgconfig/bot_nav2.pc'
[0.675s] Level 1:colcon.colcon_core.environment:checking '/home/everygreen/ros2/bot_ws/install/bot_nav2/lib/python3.10/site-packages'
[0.677s] Level 1:colcon.colcon_core.environment:checking '/home/everygreen/ros2/bot_ws/install/bot_nav2/bin'
[0.677s] INFO:colcon.colcon_core.shell:Creating package script '/home/everygreen/ros2/bot_ws/install/bot_nav2/share/bot_nav2/package.ps1'
[0.678s] INFO:colcon.colcon_core.shell:Creating package descriptor '/home/everygreen/ros2/bot_ws/install/bot_nav2/share/bot_nav2/package.dsv'
[0.679s] INFO:colcon.colcon_core.shell:Creating package script '/home/everygreen/ros2/bot_ws/install/bot_nav2/share/bot_nav2/package.sh'
[0.679s] INFO:colcon.colcon_core.shell:Creating package script '/home/everygreen/ros2/bot_ws/install/bot_nav2/share/bot_nav2/package.bash'
[0.680s] INFO:colcon.colcon_core.shell:Creating package script '/home/everygreen/ros2/bot_ws/install/bot_nav2/share/bot_nav2/package.zsh'
[0.680s] Level 1:colcon.colcon_core.environment:create_file_with_runtime_dependencies(/home/everygreen/ros2/bot_ws/install/bot_nav2/share/colcon-core/packages/bot_nav2)
[0.680s] Level 1:colcon.colcon_core.environment:create_environment_scripts_only(bot)
[0.681s] Level 1:colcon.colcon_core.environment:checking '/home/everygreen/ros2/bot_ws/install/bot' for CMake module files
[0.682s] Level 1:colcon.colcon_core.environment:checking '/home/everygreen/ros2/bot_ws/install/bot' for CMake config files
[0.682s] Level 1:colcon.colcon_core.shell:create_environment_hook('bot', 'cmake_prefix_path')
[0.682s] INFO:colcon.colcon_core.shell:Creating environment hook '/home/everygreen/ros2/bot_ws/install/bot/share/bot/hook/cmake_prefix_path.ps1'
[0.682s] DEBUG:colcon.colcon_core.event_handler.log_command:Invoked command in '/home/everygreen/ros2/bot_ws/build/bot' returned '0': CMAKE_PREFIX_PATH=/opt/ros/humble /usr/bin/cmake --install /home/everygreen/ros2/bot_ws/build/bot
[0.683s] INFO:colcon.colcon_core.shell:Creating environment descriptor '/home/everygreen/ros2/bot_ws/install/bot/share/bot/hook/cmake_prefix_path.dsv'
[0.683s] INFO:colcon.colcon_core.shell:Creating environment hook '/home/everygreen/ros2/bot_ws/install/bot/share/bot/hook/cmake_prefix_path.sh'
[0.683s] Level 1:colcon.colcon_core.environment:checking '/home/everygreen/ros2/bot_ws/install/bot/bin'
[0.683s] Level 1:colcon.colcon_core.environment:checking '/home/everygreen/ros2/bot_ws/install/bot/lib/pkgconfig/bot.pc'
[0.683s] Level 1:colcon.colcon_core.environment:checking '/home/everygreen/ros2/bot_ws/install/bot/lib/python3.10/site-packages'
[0.684s] Level 1:colcon.colcon_core.environment:checking '/home/everygreen/ros2/bot_ws/install/bot/bin'
[0.684s] INFO:colcon.colcon_core.shell:Creating package script '/home/everygreen/ros2/bot_ws/install/bot/share/bot/package.ps1'
[0.684s] INFO:colcon.colcon_core.shell:Creating package descriptor '/home/everygreen/ros2/bot_ws/install/bot/share/bot/package.dsv'
[0.685s] INFO:colcon.colcon_core.shell:Creating package script '/home/everygreen/ros2/bot_ws/install/bot/share/bot/package.sh'
[0.685s] INFO:colcon.colcon_core.shell:Creating package script '/home/everygreen/ros2/bot_ws/install/bot/share/bot/package.bash'
[0.686s] INFO:colcon.colcon_core.shell:Creating package script '/home/everygreen/ros2/bot_ws/install/bot/share/bot/package.zsh'
[0.686s] Level 1:colcon.colcon_core.environment:create_file_with_runtime_dependencies(/home/everygreen/ros2/bot_ws/install/bot/share/colcon-core/packages/bot)
[0.686s] Level 1:colcon.colcon_core.environment:create_environment_scripts_only(bot)
[0.686s] Level 1:colcon.colcon_core.environment:checking '/home/everygreen/ros2/bot_ws/install/bot' for CMake module files
[0.687s] Level 1:colcon.colcon_core.environment:checking '/home/everygreen/ros2/bot_ws/install/bot' for CMake config files
[0.687s] Level 1:colcon.colcon_core.shell:create_environment_hook('bot', 'cmake_prefix_path')
[0.687s] INFO:colcon.colcon_core.shell:Creating environment hook '/home/everygreen/ros2/bot_ws/install/bot/share/bot/hook/cmake_prefix_path.ps1'
[0.687s] INFO:colcon.colcon_core.shell:Creating environment descriptor '/home/everygreen/ros2/bot_ws/install/bot/share/bot/hook/cmake_prefix_path.dsv'
[0.687s] INFO:colcon.colcon_core.shell:Creating environment hook '/home/everygreen/ros2/bot_ws/install/bot/share/bot/hook/cmake_prefix_path.sh'
[0.688s] Level 1:colcon.colcon_core.environment:checking '/home/everygreen/ros2/bot_ws/install/bot/bin'
[0.688s] Level 1:colcon.colcon_core.environment:checking '/home/everygreen/ros2/bot_ws/install/bot/lib/pkgconfig/bot.pc'
[0.688s] Level 1:colcon.colcon_core.environment:checking '/home/everygreen/ros2/bot_ws/install/bot/lib/python3.10/site-packages'
[0.688s] Level 1:colcon.colcon_core.environment:checking '/home/everygreen/ros2/bot_ws/install/bot/bin'
[0.688s] INFO:colcon.colcon_core.shell:Creating package script '/home/everygreen/ros2/bot_ws/install/bot/share/bot/package.ps1'
[0.689s] INFO:colcon.colcon_core.shell:Creating package descriptor '/home/everygreen/ros2/bot_ws/install/bot/share/bot/package.dsv'
[0.689s] INFO:colcon.colcon_core.shell:Creating package script '/home/everygreen/ros2/bot_ws/install/bot/share/bot/package.sh'
[0.689s] INFO:colcon.colcon_core.shell:Creating package script '/home/everygreen/ros2/bot_ws/install/bot/share/bot/package.bash'
[0.690s] INFO:colcon.colcon_core.shell:Creating package script '/home/everygreen/ros2/bot_ws/install/bot/share/bot/package.zsh'
[0.690s] Level 1:colcon.colcon_core.environment:create_file_with_runtime_dependencies(/home/everygreen/ros2/bot_ws/install/bot/share/colcon-core/packages/bot)
[0.692s] Level 1:colcon.colcon_core.environment:create_environment_scripts_only(fishbot_description)
[0.692s] Level 1:colcon.colcon_core.environment:checking '/home/everygreen/ros2/bot_ws/install/fishbot_description' for CMake module files
[0.693s] Level 1:colcon.colcon_core.environment:checking '/home/everygreen/ros2/bot_ws/install/fishbot_description' for CMake config files
[0.693s] Level 1:colcon.colcon_core.shell:create_environment_hook('fishbot_description', 'cmake_prefix_path')
[0.693s] INFO:colcon.colcon_core.shell:Creating environment hook '/home/everygreen/ros2/bot_ws/install/fishbot_description/share/fishbot_description/hook/cmake_prefix_path.ps1'
[0.694s] DEBUG:colcon.colcon_core.event_handler.log_command:Invoked command in '/home/everygreen/ros2/bot_ws/build/fishbot_description' returned '0': CMAKE_PREFIX_PATH=/opt/ros/humble /usr/bin/cmake --install /home/everygreen/ros2/bot_ws/build/fishbot_description
[0.694s] INFO:colcon.colcon_core.shell:Creating environment descriptor '/home/everygreen/ros2/bot_ws/install/fishbot_description/share/fishbot_description/hook/cmake_prefix_path.dsv'
[0.695s] INFO:colcon.colcon_core.shell:Creating environment hook '/home/everygreen/ros2/bot_ws/install/fishbot_description/share/fishbot_description/hook/cmake_prefix_path.sh'
[0.695s] Level 1:colcon.colcon_core.environment:checking '/home/everygreen/ros2/bot_ws/install/fishbot_description/bin'
[0.695s] Level 1:colcon.colcon_core.environment:checking '/home/everygreen/ros2/bot_ws/install/fishbot_description/lib/pkgconfig/fishbot_description.pc'
[0.695s] Level 1:colcon.colcon_core.environment:checking '/home/everygreen/ros2/bot_ws/install/fishbot_description/lib/python3.10/site-packages'
[0.696s] Level 1:colcon.colcon_core.environment:checking '/home/everygreen/ros2/bot_ws/install/fishbot_description/bin'
[0.696s] INFO:colcon.colcon_core.shell:Creating package script '/home/everygreen/ros2/bot_ws/install/fishbot_description/share/fishbot_description/package.ps1'
[0.696s] INFO:colcon.colcon_core.shell:Creating package descriptor '/home/everygreen/ros2/bot_ws/install/fishbot_description/share/fishbot_description/package.dsv'
[0.697s] INFO:colcon.colcon_core.shell:Creating package script '/home/everygreen/ros2/bot_ws/install/fishbot_description/share/fishbot_description/package.sh'
[0.697s] INFO:colcon.colcon_core.shell:Creating package script '/home/everygreen/ros2/bot_ws/install/fishbot_description/share/fishbot_description/package.bash'
[0.697s] INFO:colcon.colcon_core.shell:Creating package script '/home/everygreen/ros2/bot_ws/install/fishbot_description/share/fishbot_description/package.zsh'
[0.698s] Level 1:colcon.colcon_core.environment:create_file_with_runtime_dependencies(/home/everygreen/ros2/bot_ws/install/fishbot_description/share/colcon-core/packages/fishbot_description)
[0.698s] Level 1:colcon.colcon_core.environment:create_environment_scripts_only(fishbot_description)
[0.698s] Level 1:colcon.colcon_core.environment:checking '/home/everygreen/ros2/bot_ws/install/fishbot_description' for CMake module files
[0.699s] Level 1:colcon.colcon_core.environment:checking '/home/everygreen/ros2/bot_ws/install/fishbot_description' for CMake config files
[0.699s] Level 1:colcon.colcon_core.shell:create_environment_hook('fishbot_description', 'cmake_prefix_path')
[0.699s] INFO:colcon.colcon_core.shell:Creating environment hook '/home/everygreen/ros2/bot_ws/install/fishbot_description/share/fishbot_description/hook/cmake_prefix_path.ps1'
[0.699s] INFO:colcon.colcon_core.shell:Creating environment descriptor '/home/everygreen/ros2/bot_ws/install/fishbot_description/share/fishbot_description/hook/cmake_prefix_path.dsv'
[0.700s] INFO:colcon.colcon_core.shell:Creating environment hook '/home/everygreen/ros2/bot_ws/install/fishbot_description/share/fishbot_description/hook/cmake_prefix_path.sh'
[0.701s] Level 1:colcon.colcon_core.environment:checking '/home/everygreen/ros2/bot_ws/install/fishbot_description/bin'
[0.701s] Level 1:colcon.colcon_core.environment:checking '/home/everygreen/ros2/bot_ws/install/fishbot_description/lib/pkgconfig/fishbot_description.pc'
[0.701s] Level 1:colcon.colcon_core.environment:checking '/home/everygreen/ros2/bot_ws/install/fishbot_description/lib/python3.10/site-packages'
[0.701s] Level 1:colcon.colcon_core.environment:checking '/home/everygreen/ros2/bot_ws/install/fishbot_description/bin'
[0.701s] INFO:colcon.colcon_core.shell:Creating package script '/home/everygreen/ros2/bot_ws/install/fishbot_description/share/fishbot_description/package.ps1'
[0.702s] INFO:colcon.colcon_core.shell:Creating package descriptor '/home/everygreen/ros2/bot_ws/install/fishbot_description/share/fishbot_description/package.dsv'
[0.703s] INFO:colcon.colcon_core.shell:Creating package script '/home/everygreen/ros2/bot_ws/install/fishbot_description/share/fishbot_description/package.sh'
[0.703s] INFO:colcon.colcon_core.shell:Creating package script '/home/everygreen/ros2/bot_ws/install/fishbot_description/share/fishbot_description/package.bash'
[0.704s] INFO:colcon.colcon_core.shell:Creating package script '/home/everygreen/ros2/bot_ws/install/fishbot_description/share/fishbot_description/package.zsh'
[0.704s] Level 1:colcon.colcon_core.environment:create_file_with_runtime_dependencies(/home/everygreen/ros2/bot_ws/install/fishbot_description/share/colcon-core/packages/fishbot_description)
[0.961s] DEBUG:colcon.colcon_core.event_handler.log_command:Invoking command in '/home/everygreen/ros2/bot_ws/src/waypoint': PYTHONPATH=/home/everygreen/ros2/bot_ws/build/waypoint/prefix_override:/usr/lib/python3/dist-packages/colcon_core/task/python/colcon_distutils_commands:/home/everygreen/ros2/bot_ws/install/waypoint/lib/python3.10/site-packages:${PYTHONPATH} /usr/bin/python3 -W ignore:setup.py install is deprecated -W ignore:easy_install command is deprecated setup.py egg_info --egg-base ../../build/waypoint build --build-base /home/everygreen/ros2/bot_ws/build/waypoint/build install --record /home/everygreen/ros2/bot_ws/build/waypoint/install.log --single-version-externally-managed install_data
[1.225s] Level 1:colcon.colcon_core.environment:checking '/home/everygreen/ros2/bot_ws/install/waypoint' for CMake module files
[1.226s] Level 1:colcon.colcon_core.environment:checking '/home/everygreen/ros2/bot_ws/install/waypoint' for CMake config files
[1.226s] Level 1:colcon.colcon_core.environment:checking '/home/everygreen/ros2/bot_ws/install/waypoint/lib'
[1.227s] Level 1:colcon.colcon_core.environment:checking '/home/everygreen/ros2/bot_ws/install/waypoint/bin'
[1.227s] Level 1:colcon.colcon_core.environment:checking '/home/everygreen/ros2/bot_ws/install/waypoint/lib/pkgconfig/waypoint.pc'
[1.227s] Level 1:colcon.colcon_core.environment:checking '/home/everygreen/ros2/bot_ws/install/waypoint/lib/python3.10/site-packages'
[1.226s] DEBUG:colcon.colcon_core.event_handler.log_command:Invoked command in '/home/everygreen/ros2/bot_ws/src/waypoint' returned '0': PYTHONPATH=/home/everygreen/ros2/bot_ws/build/waypoint/prefix_override:/usr/lib/python3/dist-packages/colcon_core/task/python/colcon_distutils_commands:/home/everygreen/ros2/bot_ws/install/waypoint/lib/python3.10/site-packages:${PYTHONPATH} /usr/bin/python3 -W ignore:setup.py install is deprecated -W ignore:easy_install command is deprecated setup.py egg_info --egg-base ../../build/waypoint build --build-base /home/everygreen/ros2/bot_ws/build/waypoint/build install --record /home/everygreen/ros2/bot_ws/build/waypoint/install.log --single-version-externally-managed install_data
[1.227s] Level 1:colcon.colcon_core.shell:create_environment_hook('waypoint', 'pythonpath')
[1.229s] INFO:colcon.colcon_core.shell:Creating environment hook '/home/everygreen/ros2/bot_ws/install/waypoint/share/waypoint/hook/pythonpath.ps1'
[1.230s] INFO:colcon.colcon_core.shell:Creating environment descriptor '/home/everygreen/ros2/bot_ws/install/waypoint/share/waypoint/hook/pythonpath.dsv'
[1.230s] INFO:colcon.colcon_core.shell:Creating environment hook '/home/everygreen/ros2/bot_ws/install/waypoint/share/waypoint/hook/pythonpath.sh'
[1.231s] Level 1:colcon.colcon_core.environment:checking '/home/everygreen/ros2/bot_ws/install/waypoint/bin'
[1.231s] Level 1:colcon.colcon_core.environment:create_environment_scripts_only(waypoint)
[1.231s] INFO:colcon.colcon_core.shell:Creating package script '/home/everygreen/ros2/bot_ws/install/waypoint/share/waypoint/package.ps1'
[1.234s] INFO:colcon.colcon_core.shell:Creating package descriptor '/home/everygreen/ros2/bot_ws/install/waypoint/share/waypoint/package.dsv'
[1.235s] INFO:colcon.colcon_core.shell:Creating package script '/home/everygreen/ros2/bot_ws/install/waypoint/share/waypoint/package.sh'
[1.235s] INFO:colcon.colcon_core.shell:Creating package script '/home/everygreen/ros2/bot_ws/install/waypoint/share/waypoint/package.bash'
[1.236s] INFO:colcon.colcon_core.shell:Creating package script '/home/everygreen/ros2/bot_ws/install/waypoint/share/waypoint/package.zsh'
[1.236s] Level 1:colcon.colcon_core.environment:create_file_with_runtime_dependencies(/home/everygreen/ros2/bot_ws/install/waypoint/share/colcon-core/packages/waypoint)
[1.237s] DEBUG:colcon.colcon_parallel_executor.executor.parallel:closing loop
[1.238s] DEBUG:colcon.colcon_parallel_executor.executor.parallel:loop closed
[1.238s] DEBUG:colcon.colcon_parallel_executor.executor.parallel:run_until_complete finished with '0'
[1.238s] DEBUG:colcon.colcon_core.event_reactor:joining thread
[1.245s] INFO:colcon.colcon_core.plugin_system:Skipping extension 'colcon_notification.desktop_notification.terminal_notifier': Not used on non-Darwin systems
[1.245s] INFO:colcon.colcon_core.plugin_system:Skipping extension 'colcon_notification.desktop_notification.win32': Not used on non-Windows systems
[1.245s] INFO:colcon.colcon_notification.desktop_notification:Sending desktop notification using 'notify2'
[1.264s] DEBUG:colcon.colcon_core.event_reactor:joined thread
[1.264s] INFO:colcon.colcon_core.shell:Creating prefix script '/home/everygreen/ros2/bot_ws/install/local_setup.ps1'
[1.265s] INFO:colcon.colcon_core.shell:Creating prefix util module '/home/everygreen/ros2/bot_ws/install/_local_setup_util_ps1.py'
[1.268s] INFO:colcon.colcon_core.shell:Creating prefix chain script '/home/everygreen/ros2/bot_ws/install/setup.ps1'
[1.269s] INFO:colcon.colcon_core.shell:Creating prefix script '/home/everygreen/ros2/bot_ws/install/local_setup.sh'
[1.270s] INFO:colcon.colcon_core.shell:Creating prefix util module '/home/everygreen/ros2/bot_ws/install/_local_setup_util_sh.py'
[1.270s] INFO:colcon.colcon_core.shell:Creating prefix chain script '/home/everygreen/ros2/bot_ws/install/setup.sh'
[1.271s] INFO:colcon.colcon_core.shell:Creating prefix script '/home/everygreen/ros2/bot_ws/install/local_setup.bash'
[1.275s] INFO:colcon.colcon_core.shell:Creating prefix chain script '/home/everygreen/ros2/bot_ws/install/setup.bash'
[1.276s] INFO:colcon.colcon_core.shell:Creating prefix script '/home/everygreen/ros2/bot_ws/install/local_setup.zsh'
[1.277s] INFO:colcon.colcon_core.shell:Creating prefix chain script '/home/everygreen/ros2/bot_ws/install/setup.zsh'
