/home/everygreen/ros2/bot_ws/install/waypoint/lib/python3.10/site-packages/waypoint/mutil_pose.py
/home/everygreen/ros2/bot_ws/install/waypoint/lib/python3.10/site-packages/waypoint/init_bot_pose.py
/home/everygreen/ros2/bot_ws/install/waypoint/lib/python3.10/site-packages/waypoint/go_to_pose.py
/home/everygreen/ros2/bot_ws/install/waypoint/lib/python3.10/site-packages/waypoint/get_pose.py
/home/everygreen/ros2/bot_ws/install/waypoint/lib/python3.10/site-packages/waypoint/__init__.py
/home/everygreen/ros2/bot_ws/install/waypoint/lib/python3.10/site-packages/waypoint/__pycache__/mutil_pose.cpython-310.pyc
/home/everygreen/ros2/bot_ws/install/waypoint/lib/python3.10/site-packages/waypoint/__pycache__/init_bot_pose.cpython-310.pyc
/home/everygreen/ros2/bot_ws/install/waypoint/lib/python3.10/site-packages/waypoint/__pycache__/go_to_pose.cpython-310.pyc
/home/everygreen/ros2/bot_ws/install/waypoint/lib/python3.10/site-packages/waypoint/__pycache__/get_pose.cpython-310.pyc
/home/everygreen/ros2/bot_ws/install/waypoint/lib/python3.10/site-packages/waypoint/__pycache__/__init__.cpython-310.pyc
/home/everygreen/ros2/bot_ws/install/waypoint/share/ament_index/resource_index/packages/waypoint
/home/everygreen/ros2/bot_ws/install/waypoint/share/waypoint/package.xml
/home/everygreen/ros2/bot_ws/install/waypoint/share/waypoint/config/waypoints.yaml
/home/everygreen/ros2/bot_ws/install/waypoint/share/waypoint/launch/pose_launch.py
/home/everygreen/ros2/bot_ws/install/waypoint/lib/python3.10/site-packages/waypoint-0.0.0-py3.10.egg-info/top_level.txt
/home/everygreen/ros2/bot_ws/install/waypoint/lib/python3.10/site-packages/waypoint-0.0.0-py3.10.egg-info/PKG-INFO
/home/everygreen/ros2/bot_ws/install/waypoint/lib/python3.10/site-packages/waypoint-0.0.0-py3.10.egg-info/entry_points.txt
/home/everygreen/ros2/bot_ws/install/waypoint/lib/python3.10/site-packages/waypoint-0.0.0-py3.10.egg-info/zip-safe
/home/everygreen/ros2/bot_ws/install/waypoint/lib/python3.10/site-packages/waypoint-0.0.0-py3.10.egg-info/requires.txt
/home/everygreen/ros2/bot_ws/install/waypoint/lib/python3.10/site-packages/waypoint-0.0.0-py3.10.egg-info/SOURCES.txt
/home/everygreen/ros2/bot_ws/install/waypoint/lib/python3.10/site-packages/waypoint-0.0.0-py3.10.egg-info/dependency_links.txt
/home/everygreen/ros2/bot_ws/install/waypoint/lib/waypoint/get_pose
/home/everygreen/ros2/bot_ws/install/waypoint/lib/waypoint/go_to_pose
/home/everygreen/ros2/bot_ws/install/waypoint/lib/waypoint/init_bot_pose
/home/everygreen/ros2/bot_ws/install/waypoint/lib/waypoint/mutil_pose
