[1.051s] Invoking command in '/home/everygreen/ros2/bot_ws/src/waypoint': PYTHONPATH=/home/everygreen/ros2/bot_ws/build/waypoint/prefix_override:/usr/lib/python3/dist-packages/colcon_core/task/python/colcon_distutils_commands:/home/everygreen/ros2/bot_ws/install/waypoint/lib/python3.10/site-packages:${PYTHONPATH} /usr/bin/python3 -W ignore:setup.py install is deprecated -W ignore:easy_install command is deprecated setup.py egg_info --egg-base ../../build/waypoint build --build-base /home/everygreen/ros2/bot_ws/build/waypoint/build install --record /home/everygreen/ros2/bot_ws/build/waypoint/install.log --single-version-externally-managed install_data
[1.289s] running egg_info
[1.291s] writing ../../build/waypoint/waypoint.egg-info/PKG-INFO
[1.291s] writing dependency_links to ../../build/waypoint/waypoint.egg-info/dependency_links.txt
[1.291s] writing entry points to ../../build/waypoint/waypoint.egg-info/entry_points.txt
[1.291s] writing requirements to ../../build/waypoint/waypoint.egg-info/requires.txt
[1.291s] writing top-level names to ../../build/waypoint/waypoint.egg-info/top_level.txt
[1.291s] reading manifest file '../../build/waypoint/waypoint.egg-info/SOURCES.txt'
[1.291s] adding license file 'LICENSE'
[1.293s] writing manifest file '../../build/waypoint/waypoint.egg-info/SOURCES.txt'
[1.293s] running build
[1.293s] running build_py
[1.293s] running install
[1.293s] running install_lib
[1.294s] running install_data
[1.296s] running install_egg_info
[1.297s] removing '/home/everygreen/ros2/bot_ws/install/waypoint/lib/python3.10/site-packages/waypoint-0.0.0-py3.10.egg-info' (and everything under it)
[1.298s] Copying ../../build/waypoint/waypoint.egg-info to /home/everygreen/ros2/bot_ws/install/waypoint/lib/python3.10/site-packages/waypoint-0.0.0-py3.10.egg-info
[1.299s] running install_scripts
[1.318s] Installing get_pose script to /home/everygreen/ros2/bot_ws/install/waypoint/lib/waypoint
[1.319s] Installing go_to_pose script to /home/everygreen/ros2/bot_ws/install/waypoint/lib/waypoint
[1.319s] Installing init_bot_pose script to /home/everygreen/ros2/bot_ws/install/waypoint/lib/waypoint
[1.319s] Installing mutil_pose script to /home/everygreen/ros2/bot_ws/install/waypoint/lib/waypoint
[1.319s] writing list of installed files to '/home/everygreen/ros2/bot_ws/build/waypoint/install.log'
[1.346s] Invoked command in '/home/everygreen/ros2/bot_ws/src/waypoint' returned '0': PYTHONPATH=/home/everygreen/ros2/bot_ws/build/waypoint/prefix_override:/usr/lib/python3/dist-packages/colcon_core/task/python/colcon_distutils_commands:/home/everygreen/ros2/bot_ws/install/waypoint/lib/python3.10/site-packages:${PYTHONPATH} /usr/bin/python3 -W ignore:setup.py install is deprecated -W ignore:easy_install command is deprecated setup.py egg_info --egg-base ../../build/waypoint build --build-base /home/everygreen/ros2/bot_ws/build/waypoint/build install --record /home/everygreen/ros2/bot_ws/build/waypoint/install.log --single-version-externally-managed install_data
