[0.025s] Invoking command in '/home/everygreen/ros2/bot_ws/build/fishbot_description': CMAKE_PREFIX_PATH=${CMAKE_PREFIX_PATH}:/home/everygreen/ros2/bot_ws/install/waypoint:/opt/ros/humble /usr/bin/cmake --build /home/everygreen/ros2/bot_ws/build/fishbot_description -- -j4 -l4
[0.297s] Invoked command in '/home/everygreen/ros2/bot_ws/build/fishbot_description' returned '0': CMAKE_PREFIX_PATH=${CMAKE_PREFIX_PATH}:/home/everygreen/ros2/bot_ws/install/waypoint:/opt/ros/humble /usr/bin/cmake --build /home/everygreen/ros2/bot_ws/build/fishbot_description -- -j4 -l4
[0.297s] Invoking command in '/home/everygreen/ros2/bot_ws/build/fishbot_description': CMAKE_PREFIX_PATH=${CMAKE_PREFIX_PATH}:/home/everygreen/ros2/bot_ws/install/waypoint:/opt/ros/humble /usr/bin/cmake --install /home/everygreen/ros2/bot_ws/build/fishbot_description
[0.315s] -- Install configuration: ""
[0.315s] -- Up-to-date: /home/everygreen/ros2/bot_ws/install/fishbot_description/share/fishbot_description/urdf
[0.315s] -- Up-to-date: /home/everygreen/ros2/bot_ws/install/fishbot_description/share/fishbot_description/urdf/fishbot
[0.319s] -- Up-to-date: /home/everygreen/ros2/bot_ws/install/fishbot_description/share/fishbot_description/urdf/fishbot/fishbot.ros2_control.xacro
[0.319s] -- Up-to-date: /home/everygreen/ros2/bot_ws/install/fishbot_description/share/fishbot_description/urdf/fishbot/fishbot.urdf.xacro
[0.320s] -- Up-to-date: /home/everygreen/ros2/bot_ws/install/fishbot_description/share/fishbot_description/urdf/fishbot/sensor
[0.321s] -- Up-to-date: /home/everygreen/ros2/bot_ws/install/fishbot_description/share/fishbot_description/urdf/fishbot/sensor/imu.urdf.xacro
[0.321s] -- Up-to-date: /home/everygreen/ros2/bot_ws/install/fishbot_description/share/fishbot_description/urdf/fishbot/sensor/laser.urdf.xacro
[0.321s] -- Up-to-date: /home/everygreen/ros2/bot_ws/install/fishbot_description/share/fishbot_description/urdf/fishbot/sensor/camera.urdf.xacro
[0.322s] -- Up-to-date: /home/everygreen/ros2/bot_ws/install/fishbot_description/share/fishbot_description/urdf/fishbot/common_inertia.xacro
[0.322s] -- Up-to-date: /home/everygreen/ros2/bot_ws/install/fishbot_description/share/fishbot_description/urdf/fishbot/base.urdf.xacro
[0.322s] -- Up-to-date: /home/everygreen/ros2/bot_ws/install/fishbot_description/share/fishbot_description/urdf/fishbot/actuator
[0.323s] -- Up-to-date: /home/everygreen/ros2/bot_ws/install/fishbot_description/share/fishbot_description/urdf/fishbot/actuator/caster.urdf.xacro
[0.323s] -- Up-to-date: /home/everygreen/ros2/bot_ws/install/fishbot_description/share/fishbot_description/urdf/fishbot/actuator/wheel.urdf.xacro
[0.323s] -- Up-to-date: /home/everygreen/ros2/bot_ws/install/fishbot_description/share/fishbot_description/urdf/fishbot/plugins
[0.323s] -- Up-to-date: /home/everygreen/ros2/bot_ws/install/fishbot_description/share/fishbot_description/urdf/fishbot/plugins/gazebo_sensor_plugin.xacro
[0.323s] -- Up-to-date: /home/everygreen/ros2/bot_ws/install/fishbot_description/share/fishbot_description/urdf/fishbot/plugins/gazebo_control_plugin.xacro
[0.323s] -- Up-to-date: /home/everygreen/ros2/bot_ws/install/fishbot_description/share/fishbot_description/config
[0.323s] -- Up-to-date: /home/everygreen/ros2/bot_ws/install/fishbot_description/share/fishbot_description/config/rviz
[0.323s] -- Up-to-date: /home/everygreen/ros2/bot_ws/install/fishbot_description/share/fishbot_description/config/rviz/dispaly_model.rviz
[0.323s] -- Up-to-date: /home/everygreen/ros2/bot_ws/install/fishbot_description/share/fishbot_description/config/fishbot_ros2_controller.yaml
[0.323s] -- Up-to-date: /home/everygreen/ros2/bot_ws/install/fishbot_description/share/ament_index/resource_index/package_run_dependencies/fishbot_description
[0.323s] -- Up-to-date: /home/everygreen/ros2/bot_ws/install/fishbot_description/share/ament_index/resource_index/parent_prefix_path/fishbot_description
[0.323s] -- Up-to-date: /home/everygreen/ros2/bot_ws/install/fishbot_description/share/fishbot_description/environment/ament_prefix_path.sh
[0.323s] -- Up-to-date: /home/everygreen/ros2/bot_ws/install/fishbot_description/share/fishbot_description/environment/ament_prefix_path.dsv
[0.326s] -- Up-to-date: /home/everygreen/ros2/bot_ws/install/fishbot_description/share/fishbot_description/environment/path.sh
[0.327s] -- Up-to-date: /home/everygreen/ros2/bot_ws/install/fishbot_description/share/fishbot_description/environment/path.dsv
[0.327s] -- Up-to-date: /home/everygreen/ros2/bot_ws/install/fishbot_description/share/fishbot_description/local_setup.bash
[0.327s] -- Up-to-date: /home/everygreen/ros2/bot_ws/install/fishbot_description/share/fishbot_description/local_setup.sh
[0.327s] -- Up-to-date: /home/everygreen/ros2/bot_ws/install/fishbot_description/share/fishbot_description/local_setup.zsh
[0.327s] -- Up-to-date: /home/everygreen/ros2/bot_ws/install/fishbot_description/share/fishbot_description/local_setup.dsv
[0.327s] -- Installing: /home/everygreen/ros2/bot_ws/install/fishbot_description/share/fishbot_description/package.dsv
[0.327s] -- Up-to-date: /home/everygreen/ros2/bot_ws/install/fishbot_description/share/ament_index/resource_index/packages/fishbot_description
[0.329s] -- Up-to-date: /home/everygreen/ros2/bot_ws/install/fishbot_description/share/fishbot_description/cmake/fishbot_descriptionConfig.cmake
[0.329s] -- Up-to-date: /home/everygreen/ros2/bot_ws/install/fishbot_description/share/fishbot_description/cmake/fishbot_descriptionConfig-version.cmake
[0.330s] -- Up-to-date: /home/everygreen/ros2/bot_ws/install/fishbot_description/share/fishbot_description/package.xml
[0.361s] Invoked command in '/home/everygreen/ros2/bot_ws/build/fishbot_description' returned '0': CMAKE_PREFIX_PATH=${CMAKE_PREFIX_PATH}:/home/everygreen/ros2/bot_ws/install/waypoint:/opt/ros/humble /usr/bin/cmake --install /home/everygreen/ros2/bot_ws/build/fishbot_description
