[0.025s] Invoking command in '/home/everygreen/ros2/bot_ws/build/bot': CMAKE_PREFIX_PATH=${CMAKE_PREFIX_PATH}:/home/everygreen/ros2/bot_ws/install/waypoint:/opt/ros/humble /usr/bin/cmake --build /home/everygreen/ros2/bot_ws/build/bot -- -j4 -l4
[0.251s] Invoked command in '/home/everygreen/ros2/bot_ws/build/bot' returned '0': CMAKE_PREFIX_PATH=${CMAKE_PREFIX_PATH}:/home/everygreen/ros2/bot_ws/install/waypoint:/opt/ros/humble /usr/bin/cmake --build /home/everygreen/ros2/bot_ws/build/bot -- -j4 -l4
[0.259s] Invoking command in '/home/everygreen/ros2/bot_ws/build/bot': CMAKE_PREFIX_PATH=${CMAKE_PREFIX_PATH}:/home/everygreen/ros2/bot_ws/install/waypoint:/opt/ros/humble /usr/bin/cmake --install /home/everygreen/ros2/bot_ws/build/bot
[0.271s] -- Install configuration: ""
[0.271s] -- Up-to-date: /home/everygreen/ros2/bot_ws/install/bot/share/bot/launch
[0.275s] -- Up-to-date: /home/everygreen/ros2/bot_ws/install/bot/share/bot/launch/sim.launch.py
[0.276s] -- Up-to-date: /home/everygreen/ros2/bot_ws/install/bot/share/bot/worlds
[0.276s] -- Up-to-date: /home/everygreen/ros2/bot_ws/install/bot/share/bot/worlds/bot.world
[0.279s] -- Up-to-date: /home/everygreen/ros2/bot_ws/install/bot/share/bot/models
[0.279s] -- Up-to-date: /home/everygreen/ros2/bot_ws/install/bot/share/bot/models/bot_map
[0.279s] -- Up-to-date: /home/everygreen/ros2/bot_ws/install/bot/share/bot/models/bot_map/meshes
[0.279s] -- Up-to-date: /home/everygreen/ros2/bot_ws/install/bot/share/bot/models/bot_map/meshes/map.stl
[0.280s] -- Up-to-date: /home/everygreen/ros2/bot_ws/install/bot/share/bot/models/bot_map/model.config
[0.281s] -- Up-to-date: /home/everygreen/ros2/bot_ws/install/bot/share/bot/models/bot_map/model.sdf
[0.281s] -- Up-to-date: /home/everygreen/ros2/bot_ws/install/bot/share/ament_index/resource_index/package_run_dependencies/bot
[0.281s] -- Up-to-date: /home/everygreen/ros2/bot_ws/install/bot/share/ament_index/resource_index/parent_prefix_path/bot
[0.281s] -- Up-to-date: /home/everygreen/ros2/bot_ws/install/bot/share/bot/environment/ament_prefix_path.sh
[0.281s] -- Up-to-date: /home/everygreen/ros2/bot_ws/install/bot/share/bot/environment/ament_prefix_path.dsv
[0.281s] -- Up-to-date: /home/everygreen/ros2/bot_ws/install/bot/share/bot/environment/path.sh
[0.281s] -- Up-to-date: /home/everygreen/ros2/bot_ws/install/bot/share/bot/environment/path.dsv
[0.281s] -- Up-to-date: /home/everygreen/ros2/bot_ws/install/bot/share/bot/local_setup.bash
[0.281s] -- Up-to-date: /home/everygreen/ros2/bot_ws/install/bot/share/bot/local_setup.sh
[0.281s] -- Up-to-date: /home/everygreen/ros2/bot_ws/install/bot/share/bot/local_setup.zsh
[0.281s] -- Up-to-date: /home/everygreen/ros2/bot_ws/install/bot/share/bot/local_setup.dsv
[0.281s] -- Installing: /home/everygreen/ros2/bot_ws/install/bot/share/bot/package.dsv
[0.281s] -- Up-to-date: /home/everygreen/ros2/bot_ws/install/bot/share/ament_index/resource_index/packages/bot
[0.282s] -- Up-to-date: /home/everygreen/ros2/bot_ws/install/bot/share/bot/cmake/botConfig.cmake
[0.283s] -- Up-to-date: /home/everygreen/ros2/bot_ws/install/bot/share/bot/cmake/botConfig-version.cmake
[0.283s] -- Up-to-date: /home/everygreen/ros2/bot_ws/install/bot/share/bot/package.xml
[0.307s] Invoked command in '/home/everygreen/ros2/bot_ws/build/bot' returned '0': CMAKE_PREFIX_PATH=${CMAKE_PREFIX_PATH}:/home/everygreen/ros2/bot_ws/install/waypoint:/opt/ros/humble /usr/bin/cmake --install /home/everygreen/ros2/bot_ws/build/bot
