[0.504s] Invoking command in '/home/everygreen/ros2/bot_ws/src/waypoint': PYTHONPATH=/home/everygreen/ros2/bot_ws/build/waypoint/prefix_override:/usr/lib/python3/dist-packages/colcon_core/task/python/colcon_distutils_commands:/home/everygreen/ros2/bot_ws/install/waypoint/lib/python3.10/site-packages:${PYTHONPATH} /usr/bin/python3 -W ignore:setup.py install is deprecated -W ignore:easy_install command is deprecated setup.py egg_info --egg-base ../../build/waypoint build --build-base /home/everygreen/ros2/bot_ws/build/waypoint/build install --record /home/everygreen/ros2/bot_ws/build/waypoint/install.log --single-version-externally-managed install_data
[0.655s] running egg_info
[0.655s] writing ../../build/waypoint/waypoint.egg-info/PKG-INFO
[0.656s] writing dependency_links to ../../build/waypoint/waypoint.egg-info/dependency_links.txt
[0.656s] writing entry points to ../../build/waypoint/waypoint.egg-info/entry_points.txt
[0.656s] writing requirements to ../../build/waypoint/waypoint.egg-info/requires.txt
[0.656s] writing top-level names to ../../build/waypoint/waypoint.egg-info/top_level.txt
[0.657s] reading manifest file '../../build/waypoint/waypoint.egg-info/SOURCES.txt'
[0.657s] adding license file 'LICENSE'
[0.657s] writing manifest file '../../build/waypoint/waypoint.egg-info/SOURCES.txt'
[0.657s] running build
[0.658s] running build_py
[0.658s] running install
[0.658s] running install_lib
[0.659s] running install_data
[0.659s] running install_egg_info
[0.661s] removing '/home/everygreen/ros2/bot_ws/install/waypoint/lib/python3.10/site-packages/waypoint-0.0.0-py3.10.egg-info' (and everything under it)
[0.663s] Copying ../../build/waypoint/waypoint.egg-info to /home/everygreen/ros2/bot_ws/install/waypoint/lib/python3.10/site-packages/waypoint-0.0.0-py3.10.egg-info
[0.664s] running install_scripts
[0.680s] Installing get_pose script to /home/everygreen/ros2/bot_ws/install/waypoint/lib/waypoint
[0.681s] Installing go_to_pose script to /home/everygreen/ros2/bot_ws/install/waypoint/lib/waypoint
[0.681s] Installing init_bot_pose script to /home/everygreen/ros2/bot_ws/install/waypoint/lib/waypoint
[0.681s] Installing mutil_pose script to /home/everygreen/ros2/bot_ws/install/waypoint/lib/waypoint
[0.681s] writing list of installed files to '/home/everygreen/ros2/bot_ws/build/waypoint/install.log'
[0.697s] Invoked command in '/home/everygreen/ros2/bot_ws/src/waypoint' returned '0': PYTHONPATH=/home/everygreen/ros2/bot_ws/build/waypoint/prefix_override:/usr/lib/python3/dist-packages/colcon_core/task/python/colcon_distutils_commands:/home/everygreen/ros2/bot_ws/install/waypoint/lib/python3.10/site-packages:${PYTHONPATH} /usr/bin/python3 -W ignore:setup.py install is deprecated -W ignore:easy_install command is deprecated setup.py egg_info --egg-base ../../build/waypoint build --build-base /home/everygreen/ros2/bot_ws/build/waypoint/build install --record /home/everygreen/ros2/bot_ws/build/waypoint/install.log --single-version-externally-managed install_data
