[0.360s] DEBUG:colcon:Command line arguments: ['/usr/bin/colcon', 'build']
[0.360s] DEBUG:colcon:Parsed command line arguments: Namespace(log_base=None, log_level=None, verb_name='build', build_base='build', install_base='install', merge_install=False, symlink_install=False, test_result_base=None, continue_on_error=False, executor='parallel', parallel_workers=4, event_handlers=None, ignore_user_meta=False, metas=['./colcon.meta'], base_paths=['.'], packages_ignore=None, packages_ignore_regex=None, paths=None, packages_up_to=None, packages_up_to_regex=None, packages_above=None, packages_above_and_dependencies=None, packages_above_depth=None, packages_select_by_dep=None, packages_skip_by_dep=None, packages_skip_up_to=None, packages_select_build_failed=False, packages_skip_build_finished=False, packages_select_test_failures=False, packages_skip_test_passed=False, packages_select=None, packages_skip=None, packages_select_regex=None, packages_skip_regex=None, packages_start=None, packages_end=None, allow_overriding=[], cmake_args=None, cmake_target=None, cmake_target_skip_unavailable=False, cmake_clean_cache=False, cmake_clean_first=False, cmake_force_configure=False, ament_cmake_args=None, catkin_cmake_args=None, catkin_skip_building_tests=False, verb_parser=<colcon_defaults.argument_parser.defaults.DefaultArgumentsDecorator object at 0x7aa29491fa60>, verb_extension=<colcon_core.verb.build.BuildVerb object at 0x7aa294a64e50>, main=<bound method BuildVerb.main of <colcon_core.verb.build.BuildVerb object at 0x7aa294a64e50>>)
[0.685s] Level 1:colcon.colcon_core.package_discovery:discover_packages(colcon_meta) check parameters
[0.685s] Level 1:colcon.colcon_core.package_discovery:discover_packages(recursive) check parameters
[0.685s] Level 1:colcon.colcon_core.package_discovery:discover_packages(ignore) check parameters
[0.685s] Level 1:colcon.colcon_core.package_discovery:discover_packages(path) check parameters
[0.685s] Level 1:colcon.colcon_core.package_discovery:discover_packages(colcon_meta) discover
[0.685s] Level 1:colcon.colcon_core.package_discovery:discover_packages(recursive) discover
[0.685s] INFO:colcon.colcon_core.package_discovery:Crawling recursively for packages in '/home/everygreen/ros2/bot_ws'
[0.685s] Level 1:colcon.colcon_core.package_identification:_identify(.) by extensions ['ignore', 'ignore_ament_install']
[0.685s] Level 1:colcon.colcon_core.package_identification:_identify(.) by extension 'ignore'
[0.685s] Level 1:colcon.colcon_core.package_identification:_identify(.) by extension 'ignore_ament_install'
[0.685s] Level 1:colcon.colcon_core.package_identification:_identify(.) by extensions ['colcon_pkg']
[0.685s] Level 1:colcon.colcon_core.package_identification:_identify(.) by extension 'colcon_pkg'
[0.685s] Level 1:colcon.colcon_core.package_identification:_identify(.) by extensions ['colcon_meta']
[0.685s] Level 1:colcon.colcon_core.package_identification:_identify(.) by extension 'colcon_meta'
[0.685s] Level 1:colcon.colcon_core.package_identification:_identify(.) by extensions ['ros']
[0.685s] Level 1:colcon.colcon_core.package_identification:_identify(.) by extension 'ros'
[0.719s] Level 1:colcon.colcon_core.package_identification:_identify(.) by extensions ['cmake', 'python']
[0.719s] Level 1:colcon.colcon_core.package_identification:_identify(.) by extension 'cmake'
[0.719s] Level 1:colcon.colcon_core.package_identification:_identify(.) by extension 'python'
[0.719s] Level 1:colcon.colcon_core.package_identification:_identify(.) by extensions ['python_setup_py']
[0.719s] Level 1:colcon.colcon_core.package_identification:_identify(.) by extension 'python_setup_py'
[0.720s] Level 1:colcon.colcon_core.package_identification:_identify(build) by extensions ['ignore', 'ignore_ament_install']
[0.720s] Level 1:colcon.colcon_core.package_identification:_identify(build) by extension 'ignore'
[0.720s] Level 1:colcon.colcon_core.package_identification:_identify(build) ignored
[0.720s] Level 1:colcon.colcon_core.package_identification:_identify(install) by extensions ['ignore', 'ignore_ament_install']
[0.720s] Level 1:colcon.colcon_core.package_identification:_identify(install) by extension 'ignore'
[0.720s] Level 1:colcon.colcon_core.package_identification:_identify(install) ignored
[0.720s] Level 1:colcon.colcon_core.package_identification:_identify(log) by extensions ['ignore', 'ignore_ament_install']
[0.720s] Level 1:colcon.colcon_core.package_identification:_identify(log) by extension 'ignore'
[0.720s] Level 1:colcon.colcon_core.package_identification:_identify(log) ignored
[0.720s] Level 1:colcon.colcon_core.package_identification:_identify(src) by extensions ['ignore', 'ignore_ament_install']
[0.720s] Level 1:colcon.colcon_core.package_identification:_identify(src) by extension 'ignore'
[0.720s] Level 1:colcon.colcon_core.package_identification:_identify(src) by extension 'ignore_ament_install'
[0.720s] Level 1:colcon.colcon_core.package_identification:_identify(src) by extensions ['colcon_pkg']
[0.720s] Level 1:colcon.colcon_core.package_identification:_identify(src) by extension 'colcon_pkg'
[0.720s] Level 1:colcon.colcon_core.package_identification:_identify(src) by extensions ['colcon_meta']
[0.720s] Level 1:colcon.colcon_core.package_identification:_identify(src) by extension 'colcon_meta'
[0.720s] Level 1:colcon.colcon_core.package_identification:_identify(src) by extensions ['ros']
[0.720s] Level 1:colcon.colcon_core.package_identification:_identify(src) by extension 'ros'
[0.720s] Level 1:colcon.colcon_core.package_identification:_identify(src) by extensions ['cmake', 'python']
[0.720s] Level 1:colcon.colcon_core.package_identification:_identify(src) by extension 'cmake'
[0.720s] Level 1:colcon.colcon_core.package_identification:_identify(src) by extension 'python'
[0.720s] Level 1:colcon.colcon_core.package_identification:_identify(src) by extensions ['python_setup_py']
[0.720s] Level 1:colcon.colcon_core.package_identification:_identify(src) by extension 'python_setup_py'
[0.721s] Level 1:colcon.colcon_core.package_identification:_identify(src/bot) by extensions ['ignore', 'ignore_ament_install']
[0.721s] Level 1:colcon.colcon_core.package_identification:_identify(src/bot) by extension 'ignore'
[0.721s] Level 1:colcon.colcon_core.package_identification:_identify(src/bot) by extension 'ignore_ament_install'
[0.721s] Level 1:colcon.colcon_core.package_identification:_identify(src/bot) by extensions ['colcon_pkg']
[0.721s] Level 1:colcon.colcon_core.package_identification:_identify(src/bot) by extension 'colcon_pkg'
[0.721s] Level 1:colcon.colcon_core.package_identification:_identify(src/bot) by extensions ['colcon_meta']
[0.721s] Level 1:colcon.colcon_core.package_identification:_identify(src/bot) by extension 'colcon_meta'
[0.721s] Level 1:colcon.colcon_core.package_identification:_identify(src/bot) by extensions ['ros']
[0.721s] Level 1:colcon.colcon_core.package_identification:_identify(src/bot) by extension 'ros'
[0.724s] DEBUG:colcon.colcon_core.package_identification:Package 'src/bot' with type 'ros.ament_cmake' and name 'bot'
[0.724s] Level 1:colcon.colcon_core.package_identification:_identify(src/bot_nav2) by extensions ['ignore', 'ignore_ament_install']
[0.725s] Level 1:colcon.colcon_core.package_identification:_identify(src/bot_nav2) by extension 'ignore'
[0.725s] Level 1:colcon.colcon_core.package_identification:_identify(src/bot_nav2) by extension 'ignore_ament_install'
[0.725s] Level 1:colcon.colcon_core.package_identification:_identify(src/bot_nav2) by extensions ['colcon_pkg']
[0.725s] Level 1:colcon.colcon_core.package_identification:_identify(src/bot_nav2) by extension 'colcon_pkg'
[0.725s] Level 1:colcon.colcon_core.package_identification:_identify(src/bot_nav2) by extensions ['colcon_meta']
[0.725s] Level 1:colcon.colcon_core.package_identification:_identify(src/bot_nav2) by extension 'colcon_meta'
[0.725s] Level 1:colcon.colcon_core.package_identification:_identify(src/bot_nav2) by extensions ['ros']
[0.725s] Level 1:colcon.colcon_core.package_identification:_identify(src/bot_nav2) by extension 'ros'
[0.725s] DEBUG:colcon.colcon_core.package_identification:Package 'src/bot_nav2' with type 'ros.ament_cmake' and name 'bot_nav2'
[0.726s] Level 1:colcon.colcon_core.package_identification:_identify(src/fishbot_description) by extensions ['ignore', 'ignore_ament_install']
[0.726s] Level 1:colcon.colcon_core.package_identification:_identify(src/fishbot_description) by extension 'ignore'
[0.726s] Level 1:colcon.colcon_core.package_identification:_identify(src/fishbot_description) by extension 'ignore_ament_install'
[0.726s] Level 1:colcon.colcon_core.package_identification:_identify(src/fishbot_description) by extensions ['colcon_pkg']
[0.726s] Level 1:colcon.colcon_core.package_identification:_identify(src/fishbot_description) by extension 'colcon_pkg'
[0.726s] Level 1:colcon.colcon_core.package_identification:_identify(src/fishbot_description) by extensions ['colcon_meta']
[0.726s] Level 1:colcon.colcon_core.package_identification:_identify(src/fishbot_description) by extension 'colcon_meta'
[0.726s] Level 1:colcon.colcon_core.package_identification:_identify(src/fishbot_description) by extensions ['ros']
[0.726s] Level 1:colcon.colcon_core.package_identification:_identify(src/fishbot_description) by extension 'ros'
[0.726s] DEBUG:colcon.colcon_core.package_identification:Package 'src/fishbot_description' with type 'ros.ament_cmake' and name 'fishbot_description'
[0.727s] Level 1:colcon.colcon_core.package_identification:_identify(src/waypoint) by extensions ['ignore', 'ignore_ament_install']
[0.727s] Level 1:colcon.colcon_core.package_identification:_identify(src/waypoint) by extension 'ignore'
[0.727s] Level 1:colcon.colcon_core.package_identification:_identify(src/waypoint) by extension 'ignore_ament_install'
[0.727s] Level 1:colcon.colcon_core.package_identification:_identify(src/waypoint) by extensions ['colcon_pkg']
[0.727s] Level 1:colcon.colcon_core.package_identification:_identify(src/waypoint) by extension 'colcon_pkg'
[0.727s] Level 1:colcon.colcon_core.package_identification:_identify(src/waypoint) by extensions ['colcon_meta']
[0.727s] Level 1:colcon.colcon_core.package_identification:_identify(src/waypoint) by extension 'colcon_meta'
[0.727s] Level 1:colcon.colcon_core.package_identification:_identify(src/waypoint) by extensions ['ros']
[0.727s] Level 1:colcon.colcon_core.package_identification:_identify(src/waypoint) by extension 'ros'
[0.727s] DEBUG:colcon.colcon_core.package_identification:Package 'src/waypoint' with type 'ros.ament_python' and name 'waypoint'
[0.727s] Level 1:colcon.colcon_core.package_discovery:discover_packages(recursive) using defaults
[0.727s] Level 1:colcon.colcon_core.package_discovery:discover_packages(ignore) discover
[0.727s] Level 1:colcon.colcon_core.package_discovery:discover_packages(ignore) using defaults
[0.727s] Level 1:colcon.colcon_core.package_discovery:discover_packages(path) discover
[0.727s] Level 1:colcon.colcon_core.package_discovery:discover_packages(path) using defaults
[0.773s] Level 1:colcon.colcon_core.package_discovery:discover_packages(prefix_path) check parameters
[0.773s] Level 1:colcon.colcon_core.package_discovery:discover_packages(prefix_path) discover
[0.777s] DEBUG:colcon.colcon_installed_package_information.package_discovery:Found 375 installed packages in /opt/ros/humble
[0.793s] Level 1:colcon.colcon_core.package_discovery:discover_packages(prefix_path) using defaults
[0.837s] Level 5:colcon.colcon_core.verb:set package 'bot' build argument 'cmake_args' from command line to 'None'
[0.838s] Level 5:colcon.colcon_core.verb:set package 'bot' build argument 'cmake_target' from command line to 'None'
[0.838s] Level 5:colcon.colcon_core.verb:set package 'bot' build argument 'cmake_target_skip_unavailable' from command line to 'False'
[0.838s] Level 5:colcon.colcon_core.verb:set package 'bot' build argument 'cmake_clean_cache' from command line to 'False'
[0.838s] Level 5:colcon.colcon_core.verb:set package 'bot' build argument 'cmake_clean_first' from command line to 'False'
[0.838s] Level 5:colcon.colcon_core.verb:set package 'bot' build argument 'cmake_force_configure' from command line to 'False'
[0.838s] Level 5:colcon.colcon_core.verb:set package 'bot' build argument 'ament_cmake_args' from command line to 'None'
[0.838s] Level 5:colcon.colcon_core.verb:set package 'bot' build argument 'catkin_cmake_args' from command line to 'None'
[0.838s] Level 5:colcon.colcon_core.verb:set package 'bot' build argument 'catkin_skip_building_tests' from command line to 'False'
[0.838s] DEBUG:colcon.colcon_core.verb:Building package 'bot' with the following arguments: {'ament_cmake_args': None, 'build_base': '/home/everygreen/ros2/bot_ws/build/bot', 'catkin_cmake_args': None, 'catkin_skip_building_tests': False, 'cmake_args': None, 'cmake_clean_cache': False, 'cmake_clean_first': False, 'cmake_force_configure': False, 'cmake_target': None, 'cmake_target_skip_unavailable': False, 'install_base': '/home/everygreen/ros2/bot_ws/install/bot', 'merge_install': False, 'path': '/home/everygreen/ros2/bot_ws/src/bot', 'symlink_install': False, 'test_result_base': None}
[0.838s] Level 5:colcon.colcon_core.verb:set package 'bot_nav2' build argument 'cmake_args' from command line to 'None'
[0.838s] Level 5:colcon.colcon_core.verb:set package 'bot_nav2' build argument 'cmake_target' from command line to 'None'
[0.838s] Level 5:colcon.colcon_core.verb:set package 'bot_nav2' build argument 'cmake_target_skip_unavailable' from command line to 'False'
[0.838s] Level 5:colcon.colcon_core.verb:set package 'bot_nav2' build argument 'cmake_clean_cache' from command line to 'False'
[0.838s] Level 5:colcon.colcon_core.verb:set package 'bot_nav2' build argument 'cmake_clean_first' from command line to 'False'
[0.838s] Level 5:colcon.colcon_core.verb:set package 'bot_nav2' build argument 'cmake_force_configure' from command line to 'False'
[0.838s] Level 5:colcon.colcon_core.verb:set package 'bot_nav2' build argument 'ament_cmake_args' from command line to 'None'
[0.838s] Level 5:colcon.colcon_core.verb:set package 'bot_nav2' build argument 'catkin_cmake_args' from command line to 'None'
[0.838s] Level 5:colcon.colcon_core.verb:set package 'bot_nav2' build argument 'catkin_skip_building_tests' from command line to 'False'
[0.838s] DEBUG:colcon.colcon_core.verb:Building package 'bot_nav2' with the following arguments: {'ament_cmake_args': None, 'build_base': '/home/everygreen/ros2/bot_ws/build/bot_nav2', 'catkin_cmake_args': None, 'catkin_skip_building_tests': False, 'cmake_args': None, 'cmake_clean_cache': False, 'cmake_clean_first': False, 'cmake_force_configure': False, 'cmake_target': None, 'cmake_target_skip_unavailable': False, 'install_base': '/home/everygreen/ros2/bot_ws/install/bot_nav2', 'merge_install': False, 'path': '/home/everygreen/ros2/bot_ws/src/bot_nav2', 'symlink_install': False, 'test_result_base': None}
[0.838s] Level 5:colcon.colcon_core.verb:set package 'fishbot_description' build argument 'cmake_args' from command line to 'None'
[0.838s] Level 5:colcon.colcon_core.verb:set package 'fishbot_description' build argument 'cmake_target' from command line to 'None'
[0.838s] Level 5:colcon.colcon_core.verb:set package 'fishbot_description' build argument 'cmake_target_skip_unavailable' from command line to 'False'
[0.838s] Level 5:colcon.colcon_core.verb:set package 'fishbot_description' build argument 'cmake_clean_cache' from command line to 'False'
[0.838s] Level 5:colcon.colcon_core.verb:set package 'fishbot_description' build argument 'cmake_clean_first' from command line to 'False'
[0.838s] Level 5:colcon.colcon_core.verb:set package 'fishbot_description' build argument 'cmake_force_configure' from command line to 'False'
[0.838s] Level 5:colcon.colcon_core.verb:set package 'fishbot_description' build argument 'ament_cmake_args' from command line to 'None'
[0.838s] Level 5:colcon.colcon_core.verb:set package 'fishbot_description' build argument 'catkin_cmake_args' from command line to 'None'
[0.838s] Level 5:colcon.colcon_core.verb:set package 'fishbot_description' build argument 'catkin_skip_building_tests' from command line to 'False'
[0.838s] DEBUG:colcon.colcon_core.verb:Building package 'fishbot_description' with the following arguments: {'ament_cmake_args': None, 'build_base': '/home/everygreen/ros2/bot_ws/build/fishbot_description', 'catkin_cmake_args': None, 'catkin_skip_building_tests': False, 'cmake_args': None, 'cmake_clean_cache': False, 'cmake_clean_first': False, 'cmake_force_configure': False, 'cmake_target': None, 'cmake_target_skip_unavailable': False, 'install_base': '/home/everygreen/ros2/bot_ws/install/fishbot_description', 'merge_install': False, 'path': '/home/everygreen/ros2/bot_ws/src/fishbot_description', 'symlink_install': False, 'test_result_base': None}
[0.839s] Level 5:colcon.colcon_core.verb:set package 'waypoint' build argument 'cmake_args' from command line to 'None'
[0.839s] Level 5:colcon.colcon_core.verb:set package 'waypoint' build argument 'cmake_target' from command line to 'None'
[0.839s] Level 5:colcon.colcon_core.verb:set package 'waypoint' build argument 'cmake_target_skip_unavailable' from command line to 'False'
[0.839s] Level 5:colcon.colcon_core.verb:set package 'waypoint' build argument 'cmake_clean_cache' from command line to 'False'
[0.839s] Level 5:colcon.colcon_core.verb:set package 'waypoint' build argument 'cmake_clean_first' from command line to 'False'
[0.839s] Level 5:colcon.colcon_core.verb:set package 'waypoint' build argument 'cmake_force_configure' from command line to 'False'
[0.839s] Level 5:colcon.colcon_core.verb:set package 'waypoint' build argument 'ament_cmake_args' from command line to 'None'
[0.839s] Level 5:colcon.colcon_core.verb:set package 'waypoint' build argument 'catkin_cmake_args' from command line to 'None'
[0.839s] Level 5:colcon.colcon_core.verb:set package 'waypoint' build argument 'catkin_skip_building_tests' from command line to 'False'
[0.839s] DEBUG:colcon.colcon_core.verb:Building package 'waypoint' with the following arguments: {'ament_cmake_args': None, 'build_base': '/home/everygreen/ros2/bot_ws/build/waypoint', 'catkin_cmake_args': None, 'catkin_skip_building_tests': False, 'cmake_args': None, 'cmake_clean_cache': False, 'cmake_clean_first': False, 'cmake_force_configure': False, 'cmake_target': None, 'cmake_target_skip_unavailable': False, 'install_base': '/home/everygreen/ros2/bot_ws/install/waypoint', 'merge_install': False, 'path': '/home/everygreen/ros2/bot_ws/src/waypoint', 'symlink_install': False, 'test_result_base': None}
[0.839s] INFO:colcon.colcon_core.executor:Executing jobs using 'parallel' executor
[0.843s] DEBUG:colcon.colcon_parallel_executor.executor.parallel:run_until_complete
[0.843s] INFO:colcon.colcon_ros.task.ament_cmake.build:Building ROS package in '/home/everygreen/ros2/bot_ws/src/bot' with build type 'ament_cmake'
[0.843s] INFO:colcon.colcon_cmake.task.cmake.build:Building CMake package in '/home/everygreen/ros2/bot_ws/src/bot'
[0.856s] INFO:colcon.colcon_core.plugin_system:Skipping extension 'colcon_core.shell.bat': Not used on non-Windows systems
[0.857s] INFO:colcon.colcon_core.shell:Skip shell extension 'powershell' for command environment: Not usable outside of PowerShell
[0.857s] DEBUG:colcon.colcon_core.shell:Skip shell extension 'dsv' for command environment
[0.862s] INFO:colcon.colcon_ros.task.ament_cmake.build:Building ROS package in '/home/everygreen/ros2/bot_ws/src/bot_nav2' with build type 'ament_cmake'
[0.862s] INFO:colcon.colcon_cmake.task.cmake.build:Building CMake package in '/home/everygreen/ros2/bot_ws/src/bot_nav2'
[0.862s] INFO:colcon.colcon_core.shell:Skip shell extension 'powershell' for command environment: Not usable outside of PowerShell
[0.862s] DEBUG:colcon.colcon_core.shell:Skip shell extension 'dsv' for command environment
[0.866s] INFO:colcon.colcon_ros.task.ament_cmake.build:Building ROS package in '/home/everygreen/ros2/bot_ws/src/fishbot_description' with build type 'ament_cmake'
[0.866s] INFO:colcon.colcon_cmake.task.cmake.build:Building CMake package in '/home/everygreen/ros2/bot_ws/src/fishbot_description'
[0.867s] INFO:colcon.colcon_core.shell:Skip shell extension 'powershell' for command environment: Not usable outside of PowerShell
[0.867s] DEBUG:colcon.colcon_core.shell:Skip shell extension 'dsv' for command environment
[0.870s] INFO:colcon.colcon_ros.task.ament_python.build:Building ROS package in '/home/everygreen/ros2/bot_ws/src/waypoint' with build type 'ament_python'
[0.871s] Level 1:colcon.colcon_core.shell:create_environment_hook('waypoint', 'ament_prefix_path')
[0.871s] INFO:colcon.colcon_core.shell:Creating environment hook '/home/everygreen/ros2/bot_ws/install/waypoint/share/waypoint/hook/ament_prefix_path.ps1'
[0.873s] INFO:colcon.colcon_core.shell:Creating environment descriptor '/home/everygreen/ros2/bot_ws/install/waypoint/share/waypoint/hook/ament_prefix_path.dsv'
[0.874s] INFO:colcon.colcon_core.shell:Creating environment hook '/home/everygreen/ros2/bot_ws/install/waypoint/share/waypoint/hook/ament_prefix_path.sh'
[0.875s] INFO:colcon.colcon_core.shell:Skip shell extension 'powershell' for command environment: Not usable outside of PowerShell
[0.875s] DEBUG:colcon.colcon_core.shell:Skip shell extension 'dsv' for command environment
[0.879s] DEBUG:colcon.colcon_core.event_handler.log_command:Invoking command in '/home/everygreen/ros2/bot_ws/build/bot': CMAKE_PREFIX_PATH=/opt/ros/humble /usr/bin/cmake /home/everygreen/ros2/bot_ws/src/bot -DCMAKE_INSTALL_PREFIX=/home/everygreen/ros2/bot_ws/install/bot
[0.916s] DEBUG:colcon.colcon_core.event_handler.log_command:Invoking command in '/home/everygreen/ros2/bot_ws/build/bot_nav2': CMAKE_PREFIX_PATH=/opt/ros/humble /usr/bin/cmake /home/everygreen/ros2/bot_ws/src/bot_nav2 -DCMAKE_INSTALL_PREFIX=/home/everygreen/ros2/bot_ws/install/bot_nav2
[0.944s] DEBUG:colcon.colcon_core.event_handler.log_command:Invoking command in '/home/everygreen/ros2/bot_ws/build/fishbot_description': CMAKE_PREFIX_PATH=/opt/ros/humble /usr/bin/cmake /home/everygreen/ros2/bot_ws/src/fishbot_description -DCMAKE_INSTALL_PREFIX=/home/everygreen/ros2/bot_ws/install/fishbot_description
[1.632s] INFO:colcon.colcon_core.task.python.build:Building Python package in '/home/everygreen/ros2/bot_ws/src/waypoint'
[1.633s] INFO:colcon.colcon_core.shell:Skip shell extension 'powershell' for command environment: Not usable outside of PowerShell
[1.633s] DEBUG:colcon.colcon_core.shell:Skip shell extension 'dsv' for command environment
[2.756s] DEBUG:colcon.colcon_core.event_handler.log_command:Invoked command in '/home/everygreen/ros2/bot_ws/build/bot_nav2' returned '0': CMAKE_PREFIX_PATH=/opt/ros/humble /usr/bin/cmake /home/everygreen/ros2/bot_ws/src/bot_nav2 -DCMAKE_INSTALL_PREFIX=/home/everygreen/ros2/bot_ws/install/bot_nav2
[2.757s] DEBUG:colcon.colcon_core.event_handler.log_command:Invoking command in '/home/everygreen/ros2/bot_ws/build/bot_nav2': CMAKE_PREFIX_PATH=/opt/ros/humble /usr/bin/cmake --build /home/everygreen/ros2/bot_ws/build/bot_nav2 -- -j4 -l4
[2.762s] DEBUG:colcon.colcon_core.event_handler.log_command:Invoked command in '/home/everygreen/ros2/bot_ws/build/bot' returned '0': CMAKE_PREFIX_PATH=/opt/ros/humble /usr/bin/cmake /home/everygreen/ros2/bot_ws/src/bot -DCMAKE_INSTALL_PREFIX=/home/everygreen/ros2/bot_ws/install/bot
[2.768s] DEBUG:colcon.colcon_core.event_handler.log_command:Invoking command in '/home/everygreen/ros2/bot_ws/build/bot': CMAKE_PREFIX_PATH=/opt/ros/humble /usr/bin/cmake --build /home/everygreen/ros2/bot_ws/build/bot -- -j4 -l4
[2.777s] DEBUG:colcon.colcon_core.event_handler.log_command:Invoked command in '/home/everygreen/ros2/bot_ws/build/fishbot_description' returned '0': CMAKE_PREFIX_PATH=/opt/ros/humble /usr/bin/cmake /home/everygreen/ros2/bot_ws/src/fishbot_description -DCMAKE_INSTALL_PREFIX=/home/everygreen/ros2/bot_ws/install/fishbot_description
[2.777s] DEBUG:colcon.colcon_core.event_handler.log_command:Invoking command in '/home/everygreen/ros2/bot_ws/build/fishbot_description': CMAKE_PREFIX_PATH=/opt/ros/humble /usr/bin/cmake --build /home/everygreen/ros2/bot_ws/build/fishbot_description -- -j4 -l4
[2.827s] DEBUG:colcon.colcon_core.event_handler.log_command:Invoked command in '/home/everygreen/ros2/bot_ws/build/fishbot_description' returned '0': CMAKE_PREFIX_PATH=/opt/ros/humble /usr/bin/cmake --build /home/everygreen/ros2/bot_ws/build/fishbot_description -- -j4 -l4
[2.848s] DEBUG:colcon.colcon_core.event_handler.log_command:Invoking command in '/home/everygreen/ros2/bot_ws/build/fishbot_description': CMAKE_PREFIX_PATH=/opt/ros/humble /usr/bin/cmake --install /home/everygreen/ros2/bot_ws/build/fishbot_description
[2.850s] DEBUG:colcon.colcon_core.event_handler.log_command:Invoked command in '/home/everygreen/ros2/bot_ws/build/bot_nav2' returned '0': CMAKE_PREFIX_PATH=/opt/ros/humble /usr/bin/cmake --build /home/everygreen/ros2/bot_ws/build/bot_nav2 -- -j4 -l4
[2.852s] DEBUG:colcon.colcon_core.event_handler.log_command:Invoking command in '/home/everygreen/ros2/bot_ws/build/bot_nav2': CMAKE_PREFIX_PATH=/opt/ros/humble /usr/bin/cmake --install /home/everygreen/ros2/bot_ws/build/bot_nav2
[2.855s] DEBUG:colcon.colcon_core.event_handler.log_command:Invoked command in '/home/everygreen/ros2/bot_ws/build/bot' returned '0': CMAKE_PREFIX_PATH=/opt/ros/humble /usr/bin/cmake --build /home/everygreen/ros2/bot_ws/build/bot -- -j4 -l4
[2.858s] DEBUG:colcon.colcon_core.event_handler.log_command:Invoking command in '/home/everygreen/ros2/bot_ws/build/bot': CMAKE_PREFIX_PATH=/opt/ros/humble /usr/bin/cmake --install /home/everygreen/ros2/bot_ws/build/bot
[2.871s] DEBUG:colcon.colcon_core.event_handler.log_command:Invoking command in '/home/everygreen/ros2/bot_ws/src/waypoint': PYTHONPATH=/home/everygreen/ros2/bot_ws/build/waypoint/prefix_override:/usr/lib/python3/dist-packages/colcon_core/task/python/colcon_distutils_commands:/home/everygreen/ros2/bot_ws/install/waypoint/lib/python3.10/site-packages:${PYTHONPATH} /usr/bin/python3 -W ignore:setup.py install is deprecated -W ignore:easy_install command is deprecated setup.py egg_info --egg-base ../../build/waypoint build --build-base /home/everygreen/ros2/bot_ws/build/waypoint/build install --record /home/everygreen/ros2/bot_ws/build/waypoint/install.log --single-version-externally-managed install_data
[2.873s] Level 1:colcon.colcon_core.environment:create_environment_scripts_only(fishbot_description)
[2.877s] DEBUG:colcon.colcon_core.event_handler.log_command:Invoked command in '/home/everygreen/ros2/bot_ws/build/fishbot_description' returned '0': CMAKE_PREFIX_PATH=/opt/ros/humble /usr/bin/cmake --install /home/everygreen/ros2/bot_ws/build/fishbot_description
[2.906s] Level 1:colcon.colcon_core.environment:checking '/home/everygreen/ros2/bot_ws/install/fishbot_description' for CMake module files
[2.907s] Level 1:colcon.colcon_core.environment:checking '/home/everygreen/ros2/bot_ws/install/fishbot_description' for CMake config files
[2.909s] Level 1:colcon.colcon_core.shell:create_environment_hook('fishbot_description', 'cmake_prefix_path')
[2.909s] INFO:colcon.colcon_core.shell:Creating environment hook '/home/everygreen/ros2/bot_ws/install/fishbot_description/share/fishbot_description/hook/cmake_prefix_path.ps1'
[2.909s] INFO:colcon.colcon_core.shell:Creating environment descriptor '/home/everygreen/ros2/bot_ws/install/fishbot_description/share/fishbot_description/hook/cmake_prefix_path.dsv'
[2.913s] INFO:colcon.colcon_core.shell:Creating environment hook '/home/everygreen/ros2/bot_ws/install/fishbot_description/share/fishbot_description/hook/cmake_prefix_path.sh'
[2.913s] Level 1:colcon.colcon_core.environment:checking '/home/everygreen/ros2/bot_ws/install/fishbot_description/bin'
[2.914s] Level 1:colcon.colcon_core.environment:checking '/home/everygreen/ros2/bot_ws/install/fishbot_description/lib/pkgconfig/fishbot_description.pc'
[2.914s] Level 1:colcon.colcon_core.environment:checking '/home/everygreen/ros2/bot_ws/install/fishbot_description/lib/python3.10/site-packages'
[2.914s] Level 1:colcon.colcon_core.environment:checking '/home/everygreen/ros2/bot_ws/install/fishbot_description/bin'
[2.914s] INFO:colcon.colcon_core.shell:Creating package script '/home/everygreen/ros2/bot_ws/install/fishbot_description/share/fishbot_description/package.ps1'
[2.915s] INFO:colcon.colcon_core.shell:Creating package descriptor '/home/everygreen/ros2/bot_ws/install/fishbot_description/share/fishbot_description/package.dsv'
[2.916s] INFO:colcon.colcon_core.shell:Creating package script '/home/everygreen/ros2/bot_ws/install/fishbot_description/share/fishbot_description/package.sh'
[2.917s] INFO:colcon.colcon_core.shell:Creating package script '/home/everygreen/ros2/bot_ws/install/fishbot_description/share/fishbot_description/package.bash'
[2.918s] INFO:colcon.colcon_core.shell:Creating package script '/home/everygreen/ros2/bot_ws/install/fishbot_description/share/fishbot_description/package.zsh'
[2.919s] Level 1:colcon.colcon_core.environment:create_file_with_runtime_dependencies(/home/everygreen/ros2/bot_ws/install/fishbot_description/share/colcon-core/packages/fishbot_description)
[2.919s] Level 1:colcon.colcon_core.environment:create_environment_scripts_only(fishbot_description)
[2.921s] Level 1:colcon.colcon_core.environment:checking '/home/everygreen/ros2/bot_ws/install/fishbot_description' for CMake module files
[2.922s] Level 1:colcon.colcon_core.environment:checking '/home/everygreen/ros2/bot_ws/install/fishbot_description' for CMake config files
[2.922s] Level 1:colcon.colcon_core.shell:create_environment_hook('fishbot_description', 'cmake_prefix_path')
[2.922s] INFO:colcon.colcon_core.shell:Creating environment hook '/home/everygreen/ros2/bot_ws/install/fishbot_description/share/fishbot_description/hook/cmake_prefix_path.ps1'
[2.923s] INFO:colcon.colcon_core.shell:Creating environment descriptor '/home/everygreen/ros2/bot_ws/install/fishbot_description/share/fishbot_description/hook/cmake_prefix_path.dsv'
[2.923s] INFO:colcon.colcon_core.shell:Creating environment hook '/home/everygreen/ros2/bot_ws/install/fishbot_description/share/fishbot_description/hook/cmake_prefix_path.sh'
[2.924s] Level 1:colcon.colcon_core.environment:checking '/home/everygreen/ros2/bot_ws/install/fishbot_description/bin'
[2.924s] Level 1:colcon.colcon_core.environment:checking '/home/everygreen/ros2/bot_ws/install/fishbot_description/lib/pkgconfig/fishbot_description.pc'
[2.925s] Level 1:colcon.colcon_core.environment:checking '/home/everygreen/ros2/bot_ws/install/fishbot_description/lib/python3.10/site-packages'
[2.925s] Level 1:colcon.colcon_core.environment:checking '/home/everygreen/ros2/bot_ws/install/fishbot_description/bin'
[2.925s] INFO:colcon.colcon_core.shell:Creating package script '/home/everygreen/ros2/bot_ws/install/fishbot_description/share/fishbot_description/package.ps1'
[2.930s] INFO:colcon.colcon_core.shell:Creating package descriptor '/home/everygreen/ros2/bot_ws/install/fishbot_description/share/fishbot_description/package.dsv'
[2.930s] INFO:colcon.colcon_core.shell:Creating package script '/home/everygreen/ros2/bot_ws/install/fishbot_description/share/fishbot_description/package.sh'
[2.931s] INFO:colcon.colcon_core.shell:Creating package script '/home/everygreen/ros2/bot_ws/install/fishbot_description/share/fishbot_description/package.bash'
[2.931s] INFO:colcon.colcon_core.shell:Creating package script '/home/everygreen/ros2/bot_ws/install/fishbot_description/share/fishbot_description/package.zsh'
[2.932s] Level 1:colcon.colcon_core.environment:create_file_with_runtime_dependencies(/home/everygreen/ros2/bot_ws/install/fishbot_description/share/colcon-core/packages/fishbot_description)
[2.932s] Level 1:colcon.colcon_core.environment:create_environment_scripts_only(bot_nav2)
[2.932s] Level 1:colcon.colcon_core.environment:checking '/home/everygreen/ros2/bot_ws/install/bot_nav2' for CMake module files
[2.933s] Level 1:colcon.colcon_core.environment:checking '/home/everygreen/ros2/bot_ws/install/bot_nav2' for CMake config files
[2.933s] Level 1:colcon.colcon_core.shell:create_environment_hook('bot_nav2', 'cmake_prefix_path')
[2.933s] INFO:colcon.colcon_core.shell:Creating environment hook '/home/everygreen/ros2/bot_ws/install/bot_nav2/share/bot_nav2/hook/cmake_prefix_path.ps1'
[2.934s] DEBUG:colcon.colcon_core.event_handler.log_command:Invoked command in '/home/everygreen/ros2/bot_ws/build/bot_nav2' returned '0': CMAKE_PREFIX_PATH=/opt/ros/humble /usr/bin/cmake --install /home/everygreen/ros2/bot_ws/build/bot_nav2
[2.935s] INFO:colcon.colcon_core.shell:Creating environment descriptor '/home/everygreen/ros2/bot_ws/install/bot_nav2/share/bot_nav2/hook/cmake_prefix_path.dsv'
[2.935s] INFO:colcon.colcon_core.shell:Creating environment hook '/home/everygreen/ros2/bot_ws/install/bot_nav2/share/bot_nav2/hook/cmake_prefix_path.sh'
[2.936s] Level 1:colcon.colcon_core.environment:checking '/home/everygreen/ros2/bot_ws/install/bot_nav2/lib'
[2.936s] Level 1:colcon.colcon_core.environment:checking '/home/everygreen/ros2/bot_ws/install/bot_nav2/bin'
[2.936s] Level 1:colcon.colcon_core.environment:checking '/home/everygreen/ros2/bot_ws/install/bot_nav2/lib/pkgconfig/bot_nav2.pc'
[2.936s] Level 1:colcon.colcon_core.environment:checking '/home/everygreen/ros2/bot_ws/install/bot_nav2/lib/python3.10/site-packages'
[2.936s] Level 1:colcon.colcon_core.environment:checking '/home/everygreen/ros2/bot_ws/install/bot_nav2/bin'
[2.936s] INFO:colcon.colcon_core.shell:Creating package script '/home/everygreen/ros2/bot_ws/install/bot_nav2/share/bot_nav2/package.ps1'
[2.937s] INFO:colcon.colcon_core.shell:Creating package descriptor '/home/everygreen/ros2/bot_ws/install/bot_nav2/share/bot_nav2/package.dsv'
[2.937s] INFO:colcon.colcon_core.shell:Creating package script '/home/everygreen/ros2/bot_ws/install/bot_nav2/share/bot_nav2/package.sh'
[2.939s] INFO:colcon.colcon_core.shell:Creating package script '/home/everygreen/ros2/bot_ws/install/bot_nav2/share/bot_nav2/package.bash'
[2.939s] INFO:colcon.colcon_core.shell:Creating package script '/home/everygreen/ros2/bot_ws/install/bot_nav2/share/bot_nav2/package.zsh'
[2.940s] Level 1:colcon.colcon_core.environment:create_file_with_runtime_dependencies(/home/everygreen/ros2/bot_ws/install/bot_nav2/share/colcon-core/packages/bot_nav2)
[2.941s] Level 1:colcon.colcon_core.environment:create_environment_scripts_only(bot_nav2)
[2.941s] Level 1:colcon.colcon_core.environment:checking '/home/everygreen/ros2/bot_ws/install/bot_nav2' for CMake module files
[2.942s] Level 1:colcon.colcon_core.environment:checking '/home/everygreen/ros2/bot_ws/install/bot_nav2' for CMake config files
[2.942s] Level 1:colcon.colcon_core.shell:create_environment_hook('bot_nav2', 'cmake_prefix_path')
[2.942s] INFO:colcon.colcon_core.shell:Creating environment hook '/home/everygreen/ros2/bot_ws/install/bot_nav2/share/bot_nav2/hook/cmake_prefix_path.ps1'
[2.943s] INFO:colcon.colcon_core.shell:Creating environment descriptor '/home/everygreen/ros2/bot_ws/install/bot_nav2/share/bot_nav2/hook/cmake_prefix_path.dsv'
[2.945s] INFO:colcon.colcon_core.shell:Creating environment hook '/home/everygreen/ros2/bot_ws/install/bot_nav2/share/bot_nav2/hook/cmake_prefix_path.sh'
[2.945s] Level 1:colcon.colcon_core.environment:checking '/home/everygreen/ros2/bot_ws/install/bot_nav2/lib'
[2.945s] Level 1:colcon.colcon_core.environment:checking '/home/everygreen/ros2/bot_ws/install/bot_nav2/bin'
[2.945s] Level 1:colcon.colcon_core.environment:checking '/home/everygreen/ros2/bot_ws/install/bot_nav2/lib/pkgconfig/bot_nav2.pc'
[2.945s] Level 1:colcon.colcon_core.environment:checking '/home/everygreen/ros2/bot_ws/install/bot_nav2/lib/python3.10/site-packages'
[2.946s] Level 1:colcon.colcon_core.environment:checking '/home/everygreen/ros2/bot_ws/install/bot_nav2/bin'
[2.946s] INFO:colcon.colcon_core.shell:Creating package script '/home/everygreen/ros2/bot_ws/install/bot_nav2/share/bot_nav2/package.ps1'
[2.947s] INFO:colcon.colcon_core.shell:Creating package descriptor '/home/everygreen/ros2/bot_ws/install/bot_nav2/share/bot_nav2/package.dsv'
[2.947s] INFO:colcon.colcon_core.shell:Creating package script '/home/everygreen/ros2/bot_ws/install/bot_nav2/share/bot_nav2/package.sh'
[2.951s] INFO:colcon.colcon_core.shell:Creating package script '/home/everygreen/ros2/bot_ws/install/bot_nav2/share/bot_nav2/package.bash'
[2.951s] INFO:colcon.colcon_core.shell:Creating package script '/home/everygreen/ros2/bot_ws/install/bot_nav2/share/bot_nav2/package.zsh'
[2.951s] Level 1:colcon.colcon_core.environment:create_file_with_runtime_dependencies(/home/everygreen/ros2/bot_ws/install/bot_nav2/share/colcon-core/packages/bot_nav2)
[2.953s] Level 1:colcon.colcon_core.environment:create_environment_scripts_only(bot)
[2.953s] DEBUG:colcon.colcon_core.event_handler.log_command:Invoked command in '/home/everygreen/ros2/bot_ws/build/bot' returned '0': CMAKE_PREFIX_PATH=/opt/ros/humble /usr/bin/cmake --install /home/everygreen/ros2/bot_ws/build/bot
[2.953s] Level 1:colcon.colcon_core.environment:checking '/home/everygreen/ros2/bot_ws/install/bot' for CMake module files
[2.953s] Level 1:colcon.colcon_core.environment:checking '/home/everygreen/ros2/bot_ws/install/bot' for CMake config files
[2.953s] Level 1:colcon.colcon_core.shell:create_environment_hook('bot', 'cmake_prefix_path')
[2.953s] INFO:colcon.colcon_core.shell:Creating environment hook '/home/everygreen/ros2/bot_ws/install/bot/share/bot/hook/cmake_prefix_path.ps1'
[2.954s] INFO:colcon.colcon_core.shell:Creating environment descriptor '/home/everygreen/ros2/bot_ws/install/bot/share/bot/hook/cmake_prefix_path.dsv'
[2.954s] INFO:colcon.colcon_core.shell:Creating environment hook '/home/everygreen/ros2/bot_ws/install/bot/share/bot/hook/cmake_prefix_path.sh'
[2.954s] Level 1:colcon.colcon_core.environment:checking '/home/everygreen/ros2/bot_ws/install/bot/bin'
[2.955s] Level 1:colcon.colcon_core.environment:checking '/home/everygreen/ros2/bot_ws/install/bot/lib/pkgconfig/bot.pc'
[2.955s] Level 1:colcon.colcon_core.environment:checking '/home/everygreen/ros2/bot_ws/install/bot/lib/python3.10/site-packages'
[2.955s] Level 1:colcon.colcon_core.environment:checking '/home/everygreen/ros2/bot_ws/install/bot/bin'
[2.955s] INFO:colcon.colcon_core.shell:Creating package script '/home/everygreen/ros2/bot_ws/install/bot/share/bot/package.ps1'
[2.956s] INFO:colcon.colcon_core.shell:Creating package descriptor '/home/everygreen/ros2/bot_ws/install/bot/share/bot/package.dsv'
[2.956s] INFO:colcon.colcon_core.shell:Creating package script '/home/everygreen/ros2/bot_ws/install/bot/share/bot/package.sh'
[2.957s] INFO:colcon.colcon_core.shell:Creating package script '/home/everygreen/ros2/bot_ws/install/bot/share/bot/package.bash'
[2.957s] INFO:colcon.colcon_core.shell:Creating package script '/home/everygreen/ros2/bot_ws/install/bot/share/bot/package.zsh'
[2.958s] Level 1:colcon.colcon_core.environment:create_file_with_runtime_dependencies(/home/everygreen/ros2/bot_ws/install/bot/share/colcon-core/packages/bot)
[2.959s] Level 1:colcon.colcon_core.environment:create_environment_scripts_only(bot)
[2.959s] Level 1:colcon.colcon_core.environment:checking '/home/everygreen/ros2/bot_ws/install/bot' for CMake module files
[2.959s] Level 1:colcon.colcon_core.environment:checking '/home/everygreen/ros2/bot_ws/install/bot' for CMake config files
[2.959s] Level 1:colcon.colcon_core.shell:create_environment_hook('bot', 'cmake_prefix_path')
[2.960s] INFO:colcon.colcon_core.shell:Creating environment hook '/home/everygreen/ros2/bot_ws/install/bot/share/bot/hook/cmake_prefix_path.ps1'
[2.960s] INFO:colcon.colcon_core.shell:Creating environment descriptor '/home/everygreen/ros2/bot_ws/install/bot/share/bot/hook/cmake_prefix_path.dsv'
[2.964s] INFO:colcon.colcon_core.shell:Creating environment hook '/home/everygreen/ros2/bot_ws/install/bot/share/bot/hook/cmake_prefix_path.sh'
[2.964s] Level 1:colcon.colcon_core.environment:checking '/home/everygreen/ros2/bot_ws/install/bot/bin'
[2.964s] Level 1:colcon.colcon_core.environment:checking '/home/everygreen/ros2/bot_ws/install/bot/lib/pkgconfig/bot.pc'
[2.965s] Level 1:colcon.colcon_core.environment:checking '/home/everygreen/ros2/bot_ws/install/bot/lib/python3.10/site-packages'
[2.965s] Level 1:colcon.colcon_core.environment:checking '/home/everygreen/ros2/bot_ws/install/bot/bin'
[2.965s] INFO:colcon.colcon_core.shell:Creating package script '/home/everygreen/ros2/bot_ws/install/bot/share/bot/package.ps1'
[2.966s] INFO:colcon.colcon_core.shell:Creating package descriptor '/home/everygreen/ros2/bot_ws/install/bot/share/bot/package.dsv'
[2.966s] INFO:colcon.colcon_core.shell:Creating package script '/home/everygreen/ros2/bot_ws/install/bot/share/bot/package.sh'
[2.966s] INFO:colcon.colcon_core.shell:Creating package script '/home/everygreen/ros2/bot_ws/install/bot/share/bot/package.bash'
[2.967s] INFO:colcon.colcon_core.shell:Creating package script '/home/everygreen/ros2/bot_ws/install/bot/share/bot/package.zsh'
[2.967s] Level 1:colcon.colcon_core.environment:create_file_with_runtime_dependencies(/home/everygreen/ros2/bot_ws/install/bot/share/colcon-core/packages/bot)
[3.166s] Level 1:colcon.colcon_core.environment:checking '/home/everygreen/ros2/bot_ws/install/waypoint' for CMake module files
[3.166s] DEBUG:colcon.colcon_core.event_handler.log_command:Invoked command in '/home/everygreen/ros2/bot_ws/src/waypoint' returned '0': PYTHONPATH=/home/everygreen/ros2/bot_ws/build/waypoint/prefix_override:/usr/lib/python3/dist-packages/colcon_core/task/python/colcon_distutils_commands:/home/everygreen/ros2/bot_ws/install/waypoint/lib/python3.10/site-packages:${PYTHONPATH} /usr/bin/python3 -W ignore:setup.py install is deprecated -W ignore:easy_install command is deprecated setup.py egg_info --egg-base ../../build/waypoint build --build-base /home/everygreen/ros2/bot_ws/build/waypoint/build install --record /home/everygreen/ros2/bot_ws/build/waypoint/install.log --single-version-externally-managed install_data
[3.167s] Level 1:colcon.colcon_core.environment:checking '/home/everygreen/ros2/bot_ws/install/waypoint' for CMake config files
[3.167s] Level 1:colcon.colcon_core.environment:checking '/home/everygreen/ros2/bot_ws/install/waypoint/lib'
[3.167s] Level 1:colcon.colcon_core.environment:checking '/home/everygreen/ros2/bot_ws/install/waypoint/bin'
[3.167s] Level 1:colcon.colcon_core.environment:checking '/home/everygreen/ros2/bot_ws/install/waypoint/lib/pkgconfig/waypoint.pc'
[3.167s] Level 1:colcon.colcon_core.environment:checking '/home/everygreen/ros2/bot_ws/install/waypoint/lib/python3.10/site-packages'
[3.167s] Level 1:colcon.colcon_core.shell:create_environment_hook('waypoint', 'pythonpath')
[3.168s] INFO:colcon.colcon_core.shell:Creating environment hook '/home/everygreen/ros2/bot_ws/install/waypoint/share/waypoint/hook/pythonpath.ps1'
[3.168s] INFO:colcon.colcon_core.shell:Creating environment descriptor '/home/everygreen/ros2/bot_ws/install/waypoint/share/waypoint/hook/pythonpath.dsv'
[3.169s] INFO:colcon.colcon_core.shell:Creating environment hook '/home/everygreen/ros2/bot_ws/install/waypoint/share/waypoint/hook/pythonpath.sh'
[3.170s] Level 1:colcon.colcon_core.environment:checking '/home/everygreen/ros2/bot_ws/install/waypoint/bin'
[3.170s] Level 1:colcon.colcon_core.environment:create_environment_scripts_only(waypoint)
[3.170s] INFO:colcon.colcon_core.shell:Creating package script '/home/everygreen/ros2/bot_ws/install/waypoint/share/waypoint/package.ps1'
[3.171s] INFO:colcon.colcon_core.shell:Creating package descriptor '/home/everygreen/ros2/bot_ws/install/waypoint/share/waypoint/package.dsv'
[3.171s] INFO:colcon.colcon_core.shell:Creating package script '/home/everygreen/ros2/bot_ws/install/waypoint/share/waypoint/package.sh'
[3.172s] INFO:colcon.colcon_core.shell:Creating package script '/home/everygreen/ros2/bot_ws/install/waypoint/share/waypoint/package.bash'
[3.172s] INFO:colcon.colcon_core.shell:Creating package script '/home/everygreen/ros2/bot_ws/install/waypoint/share/waypoint/package.zsh'
[3.172s] Level 1:colcon.colcon_core.environment:create_file_with_runtime_dependencies(/home/everygreen/ros2/bot_ws/install/waypoint/share/colcon-core/packages/waypoint)
[3.172s] DEBUG:colcon.colcon_parallel_executor.executor.parallel:closing loop
[3.173s] DEBUG:colcon.colcon_parallel_executor.executor.parallel:loop closed
[3.173s] DEBUG:colcon.colcon_parallel_executor.executor.parallel:run_until_complete finished with '0'
[3.173s] DEBUG:colcon.colcon_core.event_reactor:joining thread
[3.180s] INFO:colcon.colcon_core.plugin_system:Skipping extension 'colcon_notification.desktop_notification.terminal_notifier': Not used on non-Darwin systems
[3.180s] INFO:colcon.colcon_core.plugin_system:Skipping extension 'colcon_notification.desktop_notification.win32': Not used on non-Windows systems
[3.181s] INFO:colcon.colcon_notification.desktop_notification:Sending desktop notification using 'notify2'
[3.210s] DEBUG:colcon.colcon_core.event_reactor:joined thread
[3.211s] INFO:colcon.colcon_core.shell:Creating prefix script '/home/everygreen/ros2/bot_ws/install/local_setup.ps1'
[3.213s] INFO:colcon.colcon_core.shell:Creating prefix util module '/home/everygreen/ros2/bot_ws/install/_local_setup_util_ps1.py'
[3.216s] INFO:colcon.colcon_core.shell:Creating prefix chain script '/home/everygreen/ros2/bot_ws/install/setup.ps1'
[3.218s] INFO:colcon.colcon_core.shell:Creating prefix script '/home/everygreen/ros2/bot_ws/install/local_setup.sh'
[3.218s] INFO:colcon.colcon_core.shell:Creating prefix util module '/home/everygreen/ros2/bot_ws/install/_local_setup_util_sh.py'
[3.219s] INFO:colcon.colcon_core.shell:Creating prefix chain script '/home/everygreen/ros2/bot_ws/install/setup.sh'
[3.220s] INFO:colcon.colcon_core.shell:Creating prefix script '/home/everygreen/ros2/bot_ws/install/local_setup.bash'
[3.220s] INFO:colcon.colcon_core.shell:Creating prefix chain script '/home/everygreen/ros2/bot_ws/install/setup.bash'
[3.221s] INFO:colcon.colcon_core.shell:Creating prefix script '/home/everygreen/ros2/bot_ws/install/local_setup.zsh'
[3.222s] INFO:colcon.colcon_core.shell:Creating prefix chain script '/home/everygreen/ros2/bot_ws/install/setup.zsh'
