[0.034s] Invoking command in '/home/everygreen/ros2/bot_ws/build/bot': CMAKE_PREFIX_PATH=/opt/ros/humble /usr/bin/cmake /home/everygreen/ros2/bot_ws/src/bot -DCMAKE_INSTALL_PREFIX=/home/everygreen/ros2/bot_ws/install/bot
[0.495s] -- The C compiler identification is GNU 11.4.0
[0.793s] -- The CXX compiler identification is GNU 11.4.0
[0.811s] -- Detecting C compiler ABI info
[0.997s] -- Detecting C compiler ABI info - done
[1.026s] -- Check for working C compiler: /usr/bin/cc - skipped
[1.027s] -- Detecting C compile features
[1.027s] -- Detecting C compile features - done
[1.027s] -- Detecting CXX compiler ABI info
[1.318s] -- Detecting CXX compiler ABI info - done
[1.331s] -- Check for working CXX compiler: /usr/bin/c++ - skipped
[1.331s] -- Detecting CXX compile features
[1.331s] -- Detecting CXX compile features - done
[1.336s] -- Found ament_cmake: 1.3.14 (/opt/ros/humble/share/ament_cmake/cmake)
[1.600s] -- Found Python3: /usr/bin/python3 (found version "3.10.12") found components: Interpreter 
[1.767s] -- Found ament_lint_auto: 0.12.15 (/opt/ros/humble/share/ament_lint_auto/cmake)
[1.897s] -- Added test 'flake8' to check Python code syntax and style conventions
[1.898s] -- Added test 'lint_cmake' to check CMake code style
[1.900s] -- Added test 'pep257' to check Python code against some of the docstring style conventions in PEP 257
[1.901s] -- Added test 'xmllint' to check XML markup files
[1.903s] -- Configuring done
[1.907s] -- Generating done
[1.908s] -- Build files have been written to: /home/everygreen/ros2/bot_ws/build/bot
[1.918s] Invoked command in '/home/everygreen/ros2/bot_ws/build/bot' returned '0': CMAKE_PREFIX_PATH=/opt/ros/humble /usr/bin/cmake /home/everygreen/ros2/bot_ws/src/bot -DCMAKE_INSTALL_PREFIX=/home/everygreen/ros2/bot_ws/install/bot
[1.923s] Invoking command in '/home/everygreen/ros2/bot_ws/build/bot': CMAKE_PREFIX_PATH=/opt/ros/humble /usr/bin/cmake --build /home/everygreen/ros2/bot_ws/build/bot -- -j4 -l4
[2.011s] Invoked command in '/home/everygreen/ros2/bot_ws/build/bot' returned '0': CMAKE_PREFIX_PATH=/opt/ros/humble /usr/bin/cmake --build /home/everygreen/ros2/bot_ws/build/bot -- -j4 -l4
[2.014s] Invoking command in '/home/everygreen/ros2/bot_ws/build/bot': CMAKE_PREFIX_PATH=/opt/ros/humble /usr/bin/cmake --install /home/everygreen/ros2/bot_ws/build/bot
[2.032s] -- Install configuration: ""
[2.032s] -- Installing: /home/everygreen/ros2/bot_ws/install/bot/share/bot/launch
[2.032s] -- Installing: /home/everygreen/ros2/bot_ws/install/bot/share/bot/launch/sim.launch.py
[2.032s] -- Installing: /home/everygreen/ros2/bot_ws/install/bot/share/bot/worlds
[2.032s] -- Installing: /home/everygreen/ros2/bot_ws/install/bot/share/bot/worlds/bot.world
[2.032s] -- Installing: /home/everygreen/ros2/bot_ws/install/bot/share/bot/models
[2.032s] -- Installing: /home/everygreen/ros2/bot_ws/install/bot/share/bot/models/bot_map
[2.032s] -- Installing: /home/everygreen/ros2/bot_ws/install/bot/share/bot/models/bot_map/meshes
[2.032s] -- Installing: /home/everygreen/ros2/bot_ws/install/bot/share/bot/models/bot_map/meshes/map.stl
[2.034s] -- Installing: /home/everygreen/ros2/bot_ws/install/bot/share/bot/models/bot_map/model.config
[2.034s] -- Installing: /home/everygreen/ros2/bot_ws/install/bot/share/bot/models/bot_map/model.sdf
[2.034s] -- Installing: /home/everygreen/ros2/bot_ws/install/bot/share/ament_index/resource_index/package_run_dependencies/bot
[2.035s] -- Installing: /home/everygreen/ros2/bot_ws/install/bot/share/ament_index/resource_index/parent_prefix_path/bot
[2.035s] -- Installing: /home/everygreen/ros2/bot_ws/install/bot/share/bot/environment/ament_prefix_path.sh
[2.035s] -- Installing: /home/everygreen/ros2/bot_ws/install/bot/share/bot/environment/ament_prefix_path.dsv
[2.035s] -- Installing: /home/everygreen/ros2/bot_ws/install/bot/share/bot/environment/path.sh
[2.035s] -- Installing: /home/everygreen/ros2/bot_ws/install/bot/share/bot/environment/path.dsv
[2.035s] -- Installing: /home/everygreen/ros2/bot_ws/install/bot/share/bot/local_setup.bash
[2.035s] -- Installing: /home/everygreen/ros2/bot_ws/install/bot/share/bot/local_setup.sh
[2.035s] -- Installing: /home/everygreen/ros2/bot_ws/install/bot/share/bot/local_setup.zsh
[2.035s] -- Installing: /home/everygreen/ros2/bot_ws/install/bot/share/bot/local_setup.dsv
[2.035s] -- Installing: /home/everygreen/ros2/bot_ws/install/bot/share/bot/package.dsv
[2.036s] -- Installing: /home/everygreen/ros2/bot_ws/install/bot/share/ament_index/resource_index/packages/bot
[2.040s] -- Installing: /home/everygreen/ros2/bot_ws/install/bot/share/bot/cmake/botConfig.cmake
[2.040s] -- Installing: /home/everygreen/ros2/bot_ws/install/bot/share/bot/cmake/botConfig-version.cmake
[2.040s] -- Installing: /home/everygreen/ros2/bot_ws/install/bot/share/bot/package.xml
[2.108s] Invoked command in '/home/everygreen/ros2/bot_ws/build/bot' returned '0': CMAKE_PREFIX_PATH=/opt/ros/humble /usr/bin/cmake --install /home/everygreen/ros2/bot_ws/build/bot
