[0.025s] Invoking command in '/home/everygreen/ros2/bot_ws/build/bot': CMAKE_PREFIX_PATH=${CMAKE_PREFIX_PATH}:/home/everygreen/ros2/bot_ws/install/waypoint:/opt/ros/humble /usr/bin/cmake --build /home/everygreen/ros2/bot_ws/build/bot -- -j4 -l4
[0.293s] Invoked command in '/home/everygreen/ros2/bot_ws/build/bot' returned '0': CMAKE_PREFIX_PATH=${CMAKE_PREFIX_PATH}:/home/everygreen/ros2/bot_ws/install/waypoint:/opt/ros/humble /usr/bin/cmake --build /home/everygreen/ros2/bot_ws/build/bot -- -j4 -l4
[0.296s] Invoking command in '/home/everygreen/ros2/bot_ws/build/bot': CMAKE_PREFIX_PATH=${CMAKE_PREFIX_PATH}:/home/everygreen/ros2/bot_ws/install/waypoint:/opt/ros/humble /usr/bin/cmake --install /home/everygreen/ros2/bot_ws/build/bot
[0.313s] -- Install configuration: ""
[0.313s] -- Up-to-date: /home/everygreen/ros2/bot_ws/install/bot/share/bot/launch
[0.313s] -- Up-to-date: /home/everygreen/ros2/bot_ws/install/bot/share/bot/launch/sim.launch.py
[0.313s] -- Up-to-date: /home/everygreen/ros2/bot_ws/install/bot/share/bot/worlds
[0.313s] -- Up-to-date: /home/everygreen/ros2/bot_ws/install/bot/share/bot/worlds/bot.world
[0.314s] -- Up-to-date: /home/everygreen/ros2/bot_ws/install/bot/share/bot/models
[0.314s] -- Up-to-date: /home/everygreen/ros2/bot_ws/install/bot/share/bot/models/bot_map
[0.314s] -- Up-to-date: /home/everygreen/ros2/bot_ws/install/bot/share/bot/models/bot_map/meshes
[0.315s] -- Up-to-date: /home/everygreen/ros2/bot_ws/install/bot/share/bot/models/bot_map/meshes/map.stl
[0.316s] -- Up-to-date: /home/everygreen/ros2/bot_ws/install/bot/share/bot/models/bot_map/model.config
[0.316s] -- Up-to-date: /home/everygreen/ros2/bot_ws/install/bot/share/bot/models/bot_map/model.sdf
[0.316s] -- Up-to-date: /home/everygreen/ros2/bot_ws/install/bot/share/ament_index/resource_index/package_run_dependencies/bot
[0.317s] -- Up-to-date: /home/everygreen/ros2/bot_ws/install/bot/share/ament_index/resource_index/parent_prefix_path/bot
[0.317s] -- Up-to-date: /home/everygreen/ros2/bot_ws/install/bot/share/bot/environment/ament_prefix_path.sh
[0.317s] -- Up-to-date: /home/everygreen/ros2/bot_ws/install/bot/share/bot/environment/ament_prefix_path.dsv
[0.317s] -- Up-to-date: /home/everygreen/ros2/bot_ws/install/bot/share/bot/environment/path.sh
[0.317s] -- Up-to-date: /home/everygreen/ros2/bot_ws/install/bot/share/bot/environment/path.dsv
[0.318s] -- Up-to-date: /home/everygreen/ros2/bot_ws/install/bot/share/bot/local_setup.bash
[0.318s] -- Up-to-date: /home/everygreen/ros2/bot_ws/install/bot/share/bot/local_setup.sh
[0.318s] -- Up-to-date: /home/everygreen/ros2/bot_ws/install/bot/share/bot/local_setup.zsh
[0.318s] -- Up-to-date: /home/everygreen/ros2/bot_ws/install/bot/share/bot/local_setup.dsv
[0.319s] -- Installing: /home/everygreen/ros2/bot_ws/install/bot/share/bot/package.dsv
[0.319s] -- Up-to-date: /home/everygreen/ros2/bot_ws/install/bot/share/ament_index/resource_index/packages/bot
[0.319s] -- Up-to-date: /home/everygreen/ros2/bot_ws/install/bot/share/bot/cmake/botConfig.cmake
[0.319s] -- Up-to-date: /home/everygreen/ros2/bot_ws/install/bot/share/bot/cmake/botConfig-version.cmake
[0.319s] -- Up-to-date: /home/everygreen/ros2/bot_ws/install/bot/share/bot/package.xml
[0.343s] Invoked command in '/home/everygreen/ros2/bot_ws/build/bot' returned '0': CMAKE_PREFIX_PATH=${CMAKE_PREFIX_PATH}:/home/everygreen/ros2/bot_ws/install/waypoint:/opt/ros/humble /usr/bin/cmake --install /home/everygreen/ros2/bot_ws/build/bot
