[0.022s] Invoking command in '/home/everygreen/ros2/bot_ws/build/bot_nav2': CMAKE_PREFIX_PATH=${CMAKE_PREFIX_PATH}:/home/everygreen/ros2/bot_ws/install/waypoint:/opt/ros/humble /usr/bin/cmake --build /home/everygreen/ros2/bot_ws/build/bot_nav2 -- -j4 -l4
[0.215s] Invoked command in '/home/everygreen/ros2/bot_ws/build/bot_nav2' returned '0': CMAKE_PREFIX_PATH=${CMAKE_PREFIX_PATH}:/home/everygreen/ros2/bot_ws/install/waypoint:/opt/ros/humble /usr/bin/cmake --build /home/everygreen/ros2/bot_ws/build/bot_nav2 -- -j4 -l4
[0.229s] Invoking command in '/home/everygreen/ros2/bot_ws/build/bot_nav2': CMAKE_PREFIX_PATH=${CMAKE_PREFIX_PATH}:/home/everygreen/ros2/bot_ws/install/waypoint:/opt/ros/humble /usr/bin/cmake --install /home/everygreen/ros2/bot_ws/build/bot_nav2
[0.237s] -- Install configuration: ""
[0.237s] -- Up-to-date: /home/everygreen/ros2/bot_ws/install/bot_nav2/share/bot_nav2/launch
[0.237s] -- Up-to-date: /home/everygreen/ros2/bot_ws/install/bot_nav2/share/bot_nav2/launch/nav2_launch.py
[0.238s] -- Up-to-date: /home/everygreen/ros2/bot_ws/install/bot_nav2/share/bot_nav2/config
[0.238s] -- Up-to-date: /home/everygreen/ros2/bot_ws/install/bot_nav2/share/bot_nav2/config/nav2_params.yaml
[0.238s] -- Up-to-date: /home/everygreen/ros2/bot_ws/install/bot_nav2/share/bot_nav2/maps
[0.238s] -- Up-to-date: /home/everygreen/ros2/bot_ws/install/bot_nav2/share/bot_nav2/maps/fishbot_map.yaml
[0.238s] -- Up-to-date: /home/everygreen/ros2/bot_ws/install/bot_nav2/share/bot_nav2/maps/fishbot_map.pgm
[0.238s] -- Up-to-date: /home/everygreen/ros2/bot_ws/install/bot_nav2/share/bot_nav2/behavior_trees
[0.240s] -- Up-to-date: /home/everygreen/ros2/bot_ws/install/bot_nav2/share/bot_nav2/behavior_trees/my_nav_through_poses.xml
[0.242s] [31mCMake Error at cmake_install.cmake:61 (file):
[0.243s]   file INSTALL cannot find
[0.243s]   "/home/everygreen/ros2/bot_ws/src/bot_nav2/scripts/patrol_node.py": No such
[0.243s]   file or directory.
[0.243s] 
[0.243s] [0m
[0.249s] Invoked command in '/home/everygreen/ros2/bot_ws/build/bot_nav2' returned '1': CMAKE_PREFIX_PATH=${CMAKE_PREFIX_PATH}:/home/everygreen/ros2/bot_ws/install/waypoint:/opt/ros/humble /usr/bin/cmake --install /home/everygreen/ros2/bot_ws/build/bot_nav2
