[0.068s] DEBUG:colcon:Command line arguments: ['/usr/bin/colcon', 'build']
[0.068s] DEBUG:colcon:Parsed command line arguments: Namespace(log_base=None, log_level=None, verb_name='build', build_base='build', install_base='install', merge_install=False, symlink_install=False, test_result_base=None, continue_on_error=False, executor='parallel', parallel_workers=4, event_handlers=None, ignore_user_meta=False, metas=['./colcon.meta'], base_paths=['.'], packages_ignore=None, packages_ignore_regex=None, paths=None, packages_up_to=None, packages_up_to_regex=None, packages_above=None, packages_above_and_dependencies=None, packages_above_depth=None, packages_select_by_dep=None, packages_skip_by_dep=None, packages_skip_up_to=None, packages_select_build_failed=False, packages_skip_build_finished=False, packages_select_test_failures=False, packages_skip_test_passed=False, packages_select=None, packages_skip=None, packages_select_regex=None, packages_skip_regex=None, packages_start=None, packages_end=None, allow_overriding=[], cmake_args=None, cmake_target=None, cmake_target_skip_unavailable=False, cmake_clean_cache=False, cmake_clean_first=False, cmake_force_configure=False, ament_cmake_args=None, catkin_cmake_args=None, catkin_skip_building_tests=False, verb_parser=<colcon_defaults.argument_parser.defaults.DefaultArgumentsDecorator object at 0x7af484d1bdc0>, verb_extension=<colcon_core.verb.build.BuildVerb object at 0x7af484e651b0>, main=<bound method BuildVerb.main of <colcon_core.verb.build.BuildVerb object at 0x7af484e651b0>>)
[0.173s] Level 1:colcon.colcon_core.package_discovery:discover_packages(colcon_meta) check parameters
[0.173s] Level 1:colcon.colcon_core.package_discovery:discover_packages(recursive) check parameters
[0.173s] Level 1:colcon.colcon_core.package_discovery:discover_packages(ignore) check parameters
[0.173s] Level 1:colcon.colcon_core.package_discovery:discover_packages(path) check parameters
[0.173s] Level 1:colcon.colcon_core.package_discovery:discover_packages(colcon_meta) discover
[0.173s] Level 1:colcon.colcon_core.package_discovery:discover_packages(recursive) discover
[0.173s] INFO:colcon.colcon_core.package_discovery:Crawling recursively for packages in '/home/everygreen/ros2/bot_ws'
[0.173s] Level 1:colcon.colcon_core.package_identification:_identify(.) by extensions ['ignore', 'ignore_ament_install']
[0.173s] Level 1:colcon.colcon_core.package_identification:_identify(.) by extension 'ignore'
[0.173s] Level 1:colcon.colcon_core.package_identification:_identify(.) by extension 'ignore_ament_install'
[0.173s] Level 1:colcon.colcon_core.package_identification:_identify(.) by extensions ['colcon_pkg']
[0.173s] Level 1:colcon.colcon_core.package_identification:_identify(.) by extension 'colcon_pkg'
[0.173s] Level 1:colcon.colcon_core.package_identification:_identify(.) by extensions ['colcon_meta']
[0.173s] Level 1:colcon.colcon_core.package_identification:_identify(.) by extension 'colcon_meta'
[0.173s] Level 1:colcon.colcon_core.package_identification:_identify(.) by extensions ['ros']
[0.173s] Level 1:colcon.colcon_core.package_identification:_identify(.) by extension 'ros'
[0.185s] Level 1:colcon.colcon_core.package_identification:_identify(.) by extensions ['cmake', 'python']
[0.185s] Level 1:colcon.colcon_core.package_identification:_identify(.) by extension 'cmake'
[0.185s] Level 1:colcon.colcon_core.package_identification:_identify(.) by extension 'python'
[0.185s] Level 1:colcon.colcon_core.package_identification:_identify(.) by extensions ['python_setup_py']
[0.185s] Level 1:colcon.colcon_core.package_identification:_identify(.) by extension 'python_setup_py'
[0.185s] Level 1:colcon.colcon_core.package_identification:_identify(build) by extensions ['ignore', 'ignore_ament_install']
[0.185s] Level 1:colcon.colcon_core.package_identification:_identify(build) by extension 'ignore'
[0.185s] Level 1:colcon.colcon_core.package_identification:_identify(build) ignored
[0.185s] Level 1:colcon.colcon_core.package_identification:_identify(install) by extensions ['ignore', 'ignore_ament_install']
[0.186s] Level 1:colcon.colcon_core.package_identification:_identify(install) by extension 'ignore'
[0.186s] Level 1:colcon.colcon_core.package_identification:_identify(install) ignored
[0.186s] Level 1:colcon.colcon_core.package_identification:_identify(log) by extensions ['ignore', 'ignore_ament_install']
[0.186s] Level 1:colcon.colcon_core.package_identification:_identify(log) by extension 'ignore'
[0.186s] Level 1:colcon.colcon_core.package_identification:_identify(log) ignored
[0.186s] Level 1:colcon.colcon_core.package_identification:_identify(src) by extensions ['ignore', 'ignore_ament_install']
[0.186s] Level 1:colcon.colcon_core.package_identification:_identify(src) by extension 'ignore'
[0.186s] Level 1:colcon.colcon_core.package_identification:_identify(src) by extension 'ignore_ament_install'
[0.186s] Level 1:colcon.colcon_core.package_identification:_identify(src) by extensions ['colcon_pkg']
[0.186s] Level 1:colcon.colcon_core.package_identification:_identify(src) by extension 'colcon_pkg'
[0.186s] Level 1:colcon.colcon_core.package_identification:_identify(src) by extensions ['colcon_meta']
[0.186s] Level 1:colcon.colcon_core.package_identification:_identify(src) by extension 'colcon_meta'
[0.186s] Level 1:colcon.colcon_core.package_identification:_identify(src) by extensions ['ros']
[0.186s] Level 1:colcon.colcon_core.package_identification:_identify(src) by extension 'ros'
[0.186s] Level 1:colcon.colcon_core.package_identification:_identify(src) by extensions ['cmake', 'python']
[0.186s] Level 1:colcon.colcon_core.package_identification:_identify(src) by extension 'cmake'
[0.186s] Level 1:colcon.colcon_core.package_identification:_identify(src) by extension 'python'
[0.186s] Level 1:colcon.colcon_core.package_identification:_identify(src) by extensions ['python_setup_py']
[0.186s] Level 1:colcon.colcon_core.package_identification:_identify(src) by extension 'python_setup_py'
[0.186s] Level 1:colcon.colcon_core.package_identification:_identify(src/bot) by extensions ['ignore', 'ignore_ament_install']
[0.186s] Level 1:colcon.colcon_core.package_identification:_identify(src/bot) by extension 'ignore'
[0.186s] Level 1:colcon.colcon_core.package_identification:_identify(src/bot) by extension 'ignore_ament_install'
[0.186s] Level 1:colcon.colcon_core.package_identification:_identify(src/bot) by extensions ['colcon_pkg']
[0.186s] Level 1:colcon.colcon_core.package_identification:_identify(src/bot) by extension 'colcon_pkg'
[0.186s] Level 1:colcon.colcon_core.package_identification:_identify(src/bot) by extensions ['colcon_meta']
[0.186s] Level 1:colcon.colcon_core.package_identification:_identify(src/bot) by extension 'colcon_meta'
[0.186s] Level 1:colcon.colcon_core.package_identification:_identify(src/bot) by extensions ['ros']
[0.186s] Level 1:colcon.colcon_core.package_identification:_identify(src/bot) by extension 'ros'
[0.188s] DEBUG:colcon.colcon_core.package_identification:Package 'src/bot' with type 'ros.ament_cmake' and name 'bot'
[0.188s] Level 1:colcon.colcon_core.package_identification:_identify(src/bot_nav2) by extensions ['ignore', 'ignore_ament_install']
[0.188s] Level 1:colcon.colcon_core.package_identification:_identify(src/bot_nav2) by extension 'ignore'
[0.188s] Level 1:colcon.colcon_core.package_identification:_identify(src/bot_nav2) by extension 'ignore_ament_install'
[0.188s] Level 1:colcon.colcon_core.package_identification:_identify(src/bot_nav2) by extensions ['colcon_pkg']
[0.188s] Level 1:colcon.colcon_core.package_identification:_identify(src/bot_nav2) by extension 'colcon_pkg'
[0.188s] Level 1:colcon.colcon_core.package_identification:_identify(src/bot_nav2) by extensions ['colcon_meta']
[0.188s] Level 1:colcon.colcon_core.package_identification:_identify(src/bot_nav2) by extension 'colcon_meta'
[0.188s] Level 1:colcon.colcon_core.package_identification:_identify(src/bot_nav2) by extensions ['ros']
[0.188s] Level 1:colcon.colcon_core.package_identification:_identify(src/bot_nav2) by extension 'ros'
[0.189s] DEBUG:colcon.colcon_core.package_identification:Package 'src/bot_nav2' with type 'ros.ament_cmake' and name 'bot_nav2'
[0.189s] Level 1:colcon.colcon_core.package_identification:_identify(src/fishbot_description) by extensions ['ignore', 'ignore_ament_install']
[0.189s] Level 1:colcon.colcon_core.package_identification:_identify(src/fishbot_description) by extension 'ignore'
[0.189s] Level 1:colcon.colcon_core.package_identification:_identify(src/fishbot_description) by extension 'ignore_ament_install'
[0.189s] Level 1:colcon.colcon_core.package_identification:_identify(src/fishbot_description) by extensions ['colcon_pkg']
[0.189s] Level 1:colcon.colcon_core.package_identification:_identify(src/fishbot_description) by extension 'colcon_pkg'
[0.189s] Level 1:colcon.colcon_core.package_identification:_identify(src/fishbot_description) by extensions ['colcon_meta']
[0.189s] Level 1:colcon.colcon_core.package_identification:_identify(src/fishbot_description) by extension 'colcon_meta'
[0.189s] Level 1:colcon.colcon_core.package_identification:_identify(src/fishbot_description) by extensions ['ros']
[0.189s] Level 1:colcon.colcon_core.package_identification:_identify(src/fishbot_description) by extension 'ros'
[0.190s] DEBUG:colcon.colcon_core.package_identification:Package 'src/fishbot_description' with type 'ros.ament_cmake' and name 'fishbot_description'
[0.190s] Level 1:colcon.colcon_core.package_identification:_identify(src/waypoint) by extensions ['ignore', 'ignore_ament_install']
[0.190s] Level 1:colcon.colcon_core.package_identification:_identify(src/waypoint) by extension 'ignore'
[0.190s] Level 1:colcon.colcon_core.package_identification:_identify(src/waypoint) by extension 'ignore_ament_install'
[0.190s] Level 1:colcon.colcon_core.package_identification:_identify(src/waypoint) by extensions ['colcon_pkg']
[0.190s] Level 1:colcon.colcon_core.package_identification:_identify(src/waypoint) by extension 'colcon_pkg'
[0.190s] Level 1:colcon.colcon_core.package_identification:_identify(src/waypoint) by extensions ['colcon_meta']
[0.190s] Level 1:colcon.colcon_core.package_identification:_identify(src/waypoint) by extension 'colcon_meta'
[0.190s] Level 1:colcon.colcon_core.package_identification:_identify(src/waypoint) by extensions ['ros']
[0.190s] Level 1:colcon.colcon_core.package_identification:_identify(src/waypoint) by extension 'ros'
[0.190s] DEBUG:colcon.colcon_core.package_identification:Package 'src/waypoint' with type 'ros.ament_python' and name 'waypoint'
[0.190s] Level 1:colcon.colcon_core.package_discovery:discover_packages(recursive) using defaults
[0.190s] Level 1:colcon.colcon_core.package_discovery:discover_packages(ignore) discover
[0.190s] Level 1:colcon.colcon_core.package_discovery:discover_packages(ignore) using defaults
[0.190s] Level 1:colcon.colcon_core.package_discovery:discover_packages(path) discover
[0.190s] Level 1:colcon.colcon_core.package_discovery:discover_packages(path) using defaults
[0.205s] Level 1:colcon.colcon_core.package_discovery:discover_packages(prefix_path) check parameters
[0.205s] Level 1:colcon.colcon_core.package_discovery:discover_packages(prefix_path) discover
[0.207s] DEBUG:colcon.colcon_installed_package_information.package_discovery:Found 4 installed packages in /home/everygreen/ros2/bot_ws/install
[0.208s] DEBUG:colcon.colcon_installed_package_information.package_discovery:Found 375 installed packages in /opt/ros/humble
[0.217s] Level 1:colcon.colcon_core.package_discovery:discover_packages(prefix_path) using defaults
[0.252s] Level 5:colcon.colcon_core.verb:set package 'bot' build argument 'cmake_args' from command line to 'None'
[0.253s] Level 5:colcon.colcon_core.verb:set package 'bot' build argument 'cmake_target' from command line to 'None'
[0.253s] Level 5:colcon.colcon_core.verb:set package 'bot' build argument 'cmake_target_skip_unavailable' from command line to 'False'
[0.253s] Level 5:colcon.colcon_core.verb:set package 'bot' build argument 'cmake_clean_cache' from command line to 'False'
[0.253s] Level 5:colcon.colcon_core.verb:set package 'bot' build argument 'cmake_clean_first' from command line to 'False'
[0.253s] Level 5:colcon.colcon_core.verb:set package 'bot' build argument 'cmake_force_configure' from command line to 'False'
[0.253s] Level 5:colcon.colcon_core.verb:set package 'bot' build argument 'ament_cmake_args' from command line to 'None'
[0.253s] Level 5:colcon.colcon_core.verb:set package 'bot' build argument 'catkin_cmake_args' from command line to 'None'
[0.253s] Level 5:colcon.colcon_core.verb:set package 'bot' build argument 'catkin_skip_building_tests' from command line to 'False'
[0.253s] DEBUG:colcon.colcon_core.verb:Building package 'bot' with the following arguments: {'ament_cmake_args': None, 'build_base': '/home/everygreen/ros2/bot_ws/build/bot', 'catkin_cmake_args': None, 'catkin_skip_building_tests': False, 'cmake_args': None, 'cmake_clean_cache': False, 'cmake_clean_first': False, 'cmake_force_configure': False, 'cmake_target': None, 'cmake_target_skip_unavailable': False, 'install_base': '/home/everygreen/ros2/bot_ws/install/bot', 'merge_install': False, 'path': '/home/everygreen/ros2/bot_ws/src/bot', 'symlink_install': False, 'test_result_base': None}
[0.253s] Level 5:colcon.colcon_core.verb:set package 'bot_nav2' build argument 'cmake_args' from command line to 'None'
[0.253s] Level 5:colcon.colcon_core.verb:set package 'bot_nav2' build argument 'cmake_target' from command line to 'None'
[0.253s] Level 5:colcon.colcon_core.verb:set package 'bot_nav2' build argument 'cmake_target_skip_unavailable' from command line to 'False'
[0.253s] Level 5:colcon.colcon_core.verb:set package 'bot_nav2' build argument 'cmake_clean_cache' from command line to 'False'
[0.253s] Level 5:colcon.colcon_core.verb:set package 'bot_nav2' build argument 'cmake_clean_first' from command line to 'False'
[0.253s] Level 5:colcon.colcon_core.verb:set package 'bot_nav2' build argument 'cmake_force_configure' from command line to 'False'
[0.253s] Level 5:colcon.colcon_core.verb:set package 'bot_nav2' build argument 'ament_cmake_args' from command line to 'None'
[0.253s] Level 5:colcon.colcon_core.verb:set package 'bot_nav2' build argument 'catkin_cmake_args' from command line to 'None'
[0.253s] Level 5:colcon.colcon_core.verb:set package 'bot_nav2' build argument 'catkin_skip_building_tests' from command line to 'False'
[0.253s] DEBUG:colcon.colcon_core.verb:Building package 'bot_nav2' with the following arguments: {'ament_cmake_args': None, 'build_base': '/home/everygreen/ros2/bot_ws/build/bot_nav2', 'catkin_cmake_args': None, 'catkin_skip_building_tests': False, 'cmake_args': None, 'cmake_clean_cache': False, 'cmake_clean_first': False, 'cmake_force_configure': False, 'cmake_target': None, 'cmake_target_skip_unavailable': False, 'install_base': '/home/everygreen/ros2/bot_ws/install/bot_nav2', 'merge_install': False, 'path': '/home/everygreen/ros2/bot_ws/src/bot_nav2', 'symlink_install': False, 'test_result_base': None}
[0.253s] Level 5:colcon.colcon_core.verb:set package 'fishbot_description' build argument 'cmake_args' from command line to 'None'
[0.253s] Level 5:colcon.colcon_core.verb:set package 'fishbot_description' build argument 'cmake_target' from command line to 'None'
[0.253s] Level 5:colcon.colcon_core.verb:set package 'fishbot_description' build argument 'cmake_target_skip_unavailable' from command line to 'False'
[0.253s] Level 5:colcon.colcon_core.verb:set package 'fishbot_description' build argument 'cmake_clean_cache' from command line to 'False'
[0.253s] Level 5:colcon.colcon_core.verb:set package 'fishbot_description' build argument 'cmake_clean_first' from command line to 'False'
[0.253s] Level 5:colcon.colcon_core.verb:set package 'fishbot_description' build argument 'cmake_force_configure' from command line to 'False'
[0.253s] Level 5:colcon.colcon_core.verb:set package 'fishbot_description' build argument 'ament_cmake_args' from command line to 'None'
[0.253s] Level 5:colcon.colcon_core.verb:set package 'fishbot_description' build argument 'catkin_cmake_args' from command line to 'None'
[0.253s] Level 5:colcon.colcon_core.verb:set package 'fishbot_description' build argument 'catkin_skip_building_tests' from command line to 'False'
[0.253s] DEBUG:colcon.colcon_core.verb:Building package 'fishbot_description' with the following arguments: {'ament_cmake_args': None, 'build_base': '/home/everygreen/ros2/bot_ws/build/fishbot_description', 'catkin_cmake_args': None, 'catkin_skip_building_tests': False, 'cmake_args': None, 'cmake_clean_cache': False, 'cmake_clean_first': False, 'cmake_force_configure': False, 'cmake_target': None, 'cmake_target_skip_unavailable': False, 'install_base': '/home/everygreen/ros2/bot_ws/install/fishbot_description', 'merge_install': False, 'path': '/home/everygreen/ros2/bot_ws/src/fishbot_description', 'symlink_install': False, 'test_result_base': None}
[0.254s] Level 5:colcon.colcon_core.verb:set package 'waypoint' build argument 'cmake_args' from command line to 'None'
[0.254s] Level 5:colcon.colcon_core.verb:set package 'waypoint' build argument 'cmake_target' from command line to 'None'
[0.254s] Level 5:colcon.colcon_core.verb:set package 'waypoint' build argument 'cmake_target_skip_unavailable' from command line to 'False'
[0.254s] Level 5:colcon.colcon_core.verb:set package 'waypoint' build argument 'cmake_clean_cache' from command line to 'False'
[0.254s] Level 5:colcon.colcon_core.verb:set package 'waypoint' build argument 'cmake_clean_first' from command line to 'False'
[0.254s] Level 5:colcon.colcon_core.verb:set package 'waypoint' build argument 'cmake_force_configure' from command line to 'False'
[0.254s] Level 5:colcon.colcon_core.verb:set package 'waypoint' build argument 'ament_cmake_args' from command line to 'None'
[0.254s] Level 5:colcon.colcon_core.verb:set package 'waypoint' build argument 'catkin_cmake_args' from command line to 'None'
[0.254s] Level 5:colcon.colcon_core.verb:set package 'waypoint' build argument 'catkin_skip_building_tests' from command line to 'False'
[0.254s] DEBUG:colcon.colcon_core.verb:Building package 'waypoint' with the following arguments: {'ament_cmake_args': None, 'build_base': '/home/everygreen/ros2/bot_ws/build/waypoint', 'catkin_cmake_args': None, 'catkin_skip_building_tests': False, 'cmake_args': None, 'cmake_clean_cache': False, 'cmake_clean_first': False, 'cmake_force_configure': False, 'cmake_target': None, 'cmake_target_skip_unavailable': False, 'install_base': '/home/everygreen/ros2/bot_ws/install/waypoint', 'merge_install': False, 'path': '/home/everygreen/ros2/bot_ws/src/waypoint', 'symlink_install': False, 'test_result_base': None}
[0.254s] INFO:colcon.colcon_core.executor:Executing jobs using 'parallel' executor
[0.255s] DEBUG:colcon.colcon_parallel_executor.executor.parallel:run_until_complete
[0.255s] INFO:colcon.colcon_ros.task.ament_cmake.build:Building ROS package in '/home/everygreen/ros2/bot_ws/src/bot' with build type 'ament_cmake'
[0.256s] INFO:colcon.colcon_cmake.task.cmake.build:Building CMake package in '/home/everygreen/ros2/bot_ws/src/bot'
[0.257s] INFO:colcon.colcon_core.plugin_system:Skipping extension 'colcon_core.shell.bat': Not used on non-Windows systems
[0.257s] INFO:colcon.colcon_core.shell:Skip shell extension 'powershell' for command environment: Not usable outside of PowerShell
[0.257s] DEBUG:colcon.colcon_core.shell:Skip shell extension 'dsv' for command environment
[0.261s] INFO:colcon.colcon_ros.task.ament_cmake.build:Building ROS package in '/home/everygreen/ros2/bot_ws/src/bot_nav2' with build type 'ament_cmake'
[0.261s] INFO:colcon.colcon_cmake.task.cmake.build:Building CMake package in '/home/everygreen/ros2/bot_ws/src/bot_nav2'
[0.262s] INFO:colcon.colcon_core.shell:Skip shell extension 'powershell' for command environment: Not usable outside of PowerShell
[0.262s] DEBUG:colcon.colcon_core.shell:Skip shell extension 'dsv' for command environment
[0.266s] INFO:colcon.colcon_ros.task.ament_cmake.build:Building ROS package in '/home/everygreen/ros2/bot_ws/src/fishbot_description' with build type 'ament_cmake'
[0.266s] INFO:colcon.colcon_cmake.task.cmake.build:Building CMake package in '/home/everygreen/ros2/bot_ws/src/fishbot_description'
[0.266s] INFO:colcon.colcon_core.shell:Skip shell extension 'powershell' for command environment: Not usable outside of PowerShell
[0.268s] DEBUG:colcon.colcon_core.shell:Skip shell extension 'dsv' for command environment
[0.272s] INFO:colcon.colcon_ros.task.ament_python.build:Building ROS package in '/home/everygreen/ros2/bot_ws/src/waypoint' with build type 'ament_python'
[0.272s] Level 1:colcon.colcon_core.shell:create_environment_hook('waypoint', 'ament_prefix_path')
[0.273s] INFO:colcon.colcon_core.shell:Creating environment hook '/home/everygreen/ros2/bot_ws/install/waypoint/share/waypoint/hook/ament_prefix_path.ps1'
[0.274s] INFO:colcon.colcon_core.shell:Creating environment descriptor '/home/everygreen/ros2/bot_ws/install/waypoint/share/waypoint/hook/ament_prefix_path.dsv'
[0.274s] INFO:colcon.colcon_core.shell:Creating environment hook '/home/everygreen/ros2/bot_ws/install/waypoint/share/waypoint/hook/ament_prefix_path.sh'
[0.277s] INFO:colcon.colcon_core.shell:Skip shell extension 'powershell' for command environment: Not usable outside of PowerShell
[0.277s] DEBUG:colcon.colcon_core.shell:Skip shell extension 'dsv' for command environment
[0.289s] DEBUG:colcon.colcon_core.event_handler.log_command:Invoking command in '/home/everygreen/ros2/bot_ws/build/bot': CMAKE_PREFIX_PATH=${CMAKE_PREFIX_PATH}:/home/everygreen/ros2/bot_ws/install/waypoint:/opt/ros/humble /usr/bin/cmake --build /home/everygreen/ros2/bot_ws/build/bot -- -j4 -l4
[0.298s] DEBUG:colcon.colcon_core.event_handler.log_command:Invoking command in '/home/everygreen/ros2/bot_ws/build/bot_nav2': CMAKE_PREFIX_PATH=${CMAKE_PREFIX_PATH}:/home/everygreen/ros2/bot_ws/install/waypoint:/opt/ros/humble /usr/bin/cmake --build /home/everygreen/ros2/bot_ws/build/bot_nav2 -- -j4 -l4
[0.298s] DEBUG:colcon.colcon_core.event_handler.log_command:Invoking command in '/home/everygreen/ros2/bot_ws/build/fishbot_description': CMAKE_PREFIX_PATH=${CMAKE_PREFIX_PATH}:/home/everygreen/ros2/bot_ws/install/waypoint:/opt/ros/humble /usr/bin/cmake --build /home/everygreen/ros2/bot_ws/build/fishbot_description -- -j4 -l4
[0.498s] INFO:colcon.colcon_core.task.python.build:Building Python package in '/home/everygreen/ros2/bot_ws/src/waypoint'
[0.498s] INFO:colcon.colcon_core.shell:Skip shell extension 'powershell' for command environment: Not usable outside of PowerShell
[0.498s] DEBUG:colcon.colcon_core.shell:Skip shell extension 'dsv' for command environment
[0.503s] DEBUG:colcon.colcon_core.event_handler.log_command:Invoked command in '/home/everygreen/ros2/bot_ws/build/bot_nav2' returned '0': CMAKE_PREFIX_PATH=${CMAKE_PREFIX_PATH}:/home/everygreen/ros2/bot_ws/install/waypoint:/opt/ros/humble /usr/bin/cmake --build /home/everygreen/ros2/bot_ws/build/bot_nav2 -- -j4 -l4
[0.510s] DEBUG:colcon.colcon_core.event_handler.log_command:Invoking command in '/home/everygreen/ros2/bot_ws/build/bot_nav2': CMAKE_PREFIX_PATH=${CMAKE_PREFIX_PATH}:/home/everygreen/ros2/bot_ws/install/waypoint:/opt/ros/humble /usr/bin/cmake --install /home/everygreen/ros2/bot_ws/build/bot_nav2
[0.511s] DEBUG:colcon.colcon_core.event_handler.log_command:Invoked command in '/home/everygreen/ros2/bot_ws/build/fishbot_description' returned '0': CMAKE_PREFIX_PATH=${CMAKE_PREFIX_PATH}:/home/everygreen/ros2/bot_ws/install/waypoint:/opt/ros/humble /usr/bin/cmake --build /home/everygreen/ros2/bot_ws/build/fishbot_description -- -j4 -l4
[0.516s] DEBUG:colcon.colcon_core.event_handler.log_command:Invoking command in '/home/everygreen/ros2/bot_ws/build/fishbot_description': CMAKE_PREFIX_PATH=${CMAKE_PREFIX_PATH}:/home/everygreen/ros2/bot_ws/install/waypoint:/opt/ros/humble /usr/bin/cmake --install /home/everygreen/ros2/bot_ws/build/fishbot_description
[0.516s] DEBUG:colcon.colcon_core.event_handler.log_command:Invoked command in '/home/everygreen/ros2/bot_ws/build/bot' returned '0': CMAKE_PREFIX_PATH=${CMAKE_PREFIX_PATH}:/home/everygreen/ros2/bot_ws/install/waypoint:/opt/ros/humble /usr/bin/cmake --build /home/everygreen/ros2/bot_ws/build/bot -- -j4 -l4
[0.518s] DEBUG:colcon.colcon_core.event_handler.log_command:Invoking command in '/home/everygreen/ros2/bot_ws/build/bot': CMAKE_PREFIX_PATH=${CMAKE_PREFIX_PATH}:/home/everygreen/ros2/bot_ws/install/waypoint:/opt/ros/humble /usr/bin/cmake --install /home/everygreen/ros2/bot_ws/build/bot
[0.524s] Level 1:colcon.colcon_core.environment:create_environment_scripts_only(fishbot_description)
[0.531s] DEBUG:colcon.colcon_core.event_handler.log_command:Invoked command in '/home/everygreen/ros2/bot_ws/build/fishbot_description' returned '0': CMAKE_PREFIX_PATH=${CMAKE_PREFIX_PATH}:/home/everygreen/ros2/bot_ws/install/waypoint:/opt/ros/humble /usr/bin/cmake --install /home/everygreen/ros2/bot_ws/build/fishbot_description
[0.532s] Level 1:colcon.colcon_core.environment:checking '/home/everygreen/ros2/bot_ws/install/fishbot_description' for CMake module files
[0.533s] Level 1:colcon.colcon_core.environment:checking '/home/everygreen/ros2/bot_ws/install/fishbot_description' for CMake config files
[0.534s] Level 1:colcon.colcon_core.shell:create_environment_hook('fishbot_description', 'cmake_prefix_path')
[0.534s] INFO:colcon.colcon_core.shell:Creating environment hook '/home/everygreen/ros2/bot_ws/install/fishbot_description/share/fishbot_description/hook/cmake_prefix_path.ps1'
[0.535s] INFO:colcon.colcon_core.shell:Creating environment descriptor '/home/everygreen/ros2/bot_ws/install/fishbot_description/share/fishbot_description/hook/cmake_prefix_path.dsv'
[0.536s] INFO:colcon.colcon_core.shell:Creating environment hook '/home/everygreen/ros2/bot_ws/install/fishbot_description/share/fishbot_description/hook/cmake_prefix_path.sh'
[0.536s] Level 1:colcon.colcon_core.environment:checking '/home/everygreen/ros2/bot_ws/install/fishbot_description/bin'
[0.536s] Level 1:colcon.colcon_core.environment:checking '/home/everygreen/ros2/bot_ws/install/fishbot_description/lib/pkgconfig/fishbot_description.pc'
[0.537s] Level 1:colcon.colcon_core.environment:checking '/home/everygreen/ros2/bot_ws/install/fishbot_description/lib/python3.10/site-packages'
[0.537s] Level 1:colcon.colcon_core.environment:checking '/home/everygreen/ros2/bot_ws/install/fishbot_description/bin'
[0.537s] INFO:colcon.colcon_core.shell:Creating package script '/home/everygreen/ros2/bot_ws/install/fishbot_description/share/fishbot_description/package.ps1'
[0.538s] INFO:colcon.colcon_core.shell:Creating package descriptor '/home/everygreen/ros2/bot_ws/install/fishbot_description/share/fishbot_description/package.dsv'
[0.538s] INFO:colcon.colcon_core.shell:Creating package script '/home/everygreen/ros2/bot_ws/install/fishbot_description/share/fishbot_description/package.sh'
[0.539s] INFO:colcon.colcon_core.shell:Creating package script '/home/everygreen/ros2/bot_ws/install/fishbot_description/share/fishbot_description/package.bash'
[0.540s] INFO:colcon.colcon_core.shell:Creating package script '/home/everygreen/ros2/bot_ws/install/fishbot_description/share/fishbot_description/package.zsh'
[0.540s] Level 1:colcon.colcon_core.environment:create_file_with_runtime_dependencies(/home/everygreen/ros2/bot_ws/install/fishbot_description/share/colcon-core/packages/fishbot_description)
[0.540s] Level 1:colcon.colcon_core.environment:create_environment_scripts_only(fishbot_description)
[0.541s] Level 1:colcon.colcon_core.environment:checking '/home/everygreen/ros2/bot_ws/install/fishbot_description' for CMake module files
[0.541s] Level 1:colcon.colcon_core.environment:checking '/home/everygreen/ros2/bot_ws/install/fishbot_description' for CMake config files
[0.541s] Level 1:colcon.colcon_core.shell:create_environment_hook('fishbot_description', 'cmake_prefix_path')
[0.541s] INFO:colcon.colcon_core.shell:Creating environment hook '/home/everygreen/ros2/bot_ws/install/fishbot_description/share/fishbot_description/hook/cmake_prefix_path.ps1'
[0.541s] INFO:colcon.colcon_core.shell:Creating environment descriptor '/home/everygreen/ros2/bot_ws/install/fishbot_description/share/fishbot_description/hook/cmake_prefix_path.dsv'
[0.542s] INFO:colcon.colcon_core.shell:Creating environment hook '/home/everygreen/ros2/bot_ws/install/fishbot_description/share/fishbot_description/hook/cmake_prefix_path.sh'
[0.542s] Level 1:colcon.colcon_core.environment:checking '/home/everygreen/ros2/bot_ws/install/fishbot_description/bin'
[0.542s] Level 1:colcon.colcon_core.environment:checking '/home/everygreen/ros2/bot_ws/install/fishbot_description/lib/pkgconfig/fishbot_description.pc'
[0.542s] Level 1:colcon.colcon_core.environment:checking '/home/everygreen/ros2/bot_ws/install/fishbot_description/lib/python3.10/site-packages'
[0.543s] Level 1:colcon.colcon_core.environment:checking '/home/everygreen/ros2/bot_ws/install/fishbot_description/bin'
[0.543s] INFO:colcon.colcon_core.shell:Creating package script '/home/everygreen/ros2/bot_ws/install/fishbot_description/share/fishbot_description/package.ps1'
[0.544s] INFO:colcon.colcon_core.shell:Creating package descriptor '/home/everygreen/ros2/bot_ws/install/fishbot_description/share/fishbot_description/package.dsv'
[0.544s] INFO:colcon.colcon_core.shell:Creating package script '/home/everygreen/ros2/bot_ws/install/fishbot_description/share/fishbot_description/package.sh'
[0.544s] INFO:colcon.colcon_core.shell:Creating package script '/home/everygreen/ros2/bot_ws/install/fishbot_description/share/fishbot_description/package.bash'
[0.545s] INFO:colcon.colcon_core.shell:Creating package script '/home/everygreen/ros2/bot_ws/install/fishbot_description/share/fishbot_description/package.zsh'
[0.545s] Level 1:colcon.colcon_core.environment:create_file_with_runtime_dependencies(/home/everygreen/ros2/bot_ws/install/fishbot_description/share/colcon-core/packages/fishbot_description)
[0.545s] Level 1:colcon.colcon_core.environment:create_environment_scripts_only(bot_nav2)
[0.545s] Level 1:colcon.colcon_core.environment:checking '/home/everygreen/ros2/bot_ws/install/bot_nav2' for CMake module files
[0.546s] DEBUG:colcon.colcon_core.event_handler.log_command:Invoked command in '/home/everygreen/ros2/bot_ws/build/bot_nav2' returned '0': CMAKE_PREFIX_PATH=${CMAKE_PREFIX_PATH}:/home/everygreen/ros2/bot_ws/install/waypoint:/opt/ros/humble /usr/bin/cmake --install /home/everygreen/ros2/bot_ws/build/bot_nav2
[0.547s] Level 1:colcon.colcon_core.environment:checking '/home/everygreen/ros2/bot_ws/install/bot_nav2' for CMake config files
[0.547s] Level 1:colcon.colcon_core.shell:create_environment_hook('bot_nav2', 'cmake_prefix_path')
[0.547s] INFO:colcon.colcon_core.shell:Creating environment hook '/home/everygreen/ros2/bot_ws/install/bot_nav2/share/bot_nav2/hook/cmake_prefix_path.ps1'
[0.547s] INFO:colcon.colcon_core.shell:Creating environment descriptor '/home/everygreen/ros2/bot_ws/install/bot_nav2/share/bot_nav2/hook/cmake_prefix_path.dsv'
[0.548s] INFO:colcon.colcon_core.shell:Creating environment hook '/home/everygreen/ros2/bot_ws/install/bot_nav2/share/bot_nav2/hook/cmake_prefix_path.sh'
[0.548s] Level 1:colcon.colcon_core.environment:checking '/home/everygreen/ros2/bot_ws/install/bot_nav2/lib'
[0.548s] Level 1:colcon.colcon_core.environment:checking '/home/everygreen/ros2/bot_ws/install/bot_nav2/bin'
[0.548s] Level 1:colcon.colcon_core.environment:checking '/home/everygreen/ros2/bot_ws/install/bot_nav2/lib/pkgconfig/bot_nav2.pc'
[0.548s] Level 1:colcon.colcon_core.environment:checking '/home/everygreen/ros2/bot_ws/install/bot_nav2/lib/python3.10/site-packages'
[0.549s] Level 1:colcon.colcon_core.environment:checking '/home/everygreen/ros2/bot_ws/install/bot_nav2/bin'
[0.549s] INFO:colcon.colcon_core.shell:Creating package script '/home/everygreen/ros2/bot_ws/install/bot_nav2/share/bot_nav2/package.ps1'
[0.549s] INFO:colcon.colcon_core.shell:Creating package descriptor '/home/everygreen/ros2/bot_ws/install/bot_nav2/share/bot_nav2/package.dsv'
[0.550s] INFO:colcon.colcon_core.shell:Creating package script '/home/everygreen/ros2/bot_ws/install/bot_nav2/share/bot_nav2/package.sh'
[0.550s] INFO:colcon.colcon_core.shell:Creating package script '/home/everygreen/ros2/bot_ws/install/bot_nav2/share/bot_nav2/package.bash'
[0.550s] INFO:colcon.colcon_core.shell:Creating package script '/home/everygreen/ros2/bot_ws/install/bot_nav2/share/bot_nav2/package.zsh'
[0.550s] Level 1:colcon.colcon_core.environment:create_file_with_runtime_dependencies(/home/everygreen/ros2/bot_ws/install/bot_nav2/share/colcon-core/packages/bot_nav2)
[0.551s] Level 1:colcon.colcon_core.environment:create_environment_scripts_only(bot_nav2)
[0.551s] Level 1:colcon.colcon_core.environment:checking '/home/everygreen/ros2/bot_ws/install/bot_nav2' for CMake module files
[0.551s] Level 1:colcon.colcon_core.environment:checking '/home/everygreen/ros2/bot_ws/install/bot_nav2' for CMake config files
[0.552s] Level 1:colcon.colcon_core.shell:create_environment_hook('bot_nav2', 'cmake_prefix_path')
[0.552s] INFO:colcon.colcon_core.shell:Creating environment hook '/home/everygreen/ros2/bot_ws/install/bot_nav2/share/bot_nav2/hook/cmake_prefix_path.ps1'
[0.552s] INFO:colcon.colcon_core.shell:Creating environment descriptor '/home/everygreen/ros2/bot_ws/install/bot_nav2/share/bot_nav2/hook/cmake_prefix_path.dsv'
[0.552s] INFO:colcon.colcon_core.shell:Creating environment hook '/home/everygreen/ros2/bot_ws/install/bot_nav2/share/bot_nav2/hook/cmake_prefix_path.sh'
[0.553s] Level 1:colcon.colcon_core.environment:checking '/home/everygreen/ros2/bot_ws/install/bot_nav2/lib'
[0.553s] Level 1:colcon.colcon_core.environment:checking '/home/everygreen/ros2/bot_ws/install/bot_nav2/bin'
[0.553s] Level 1:colcon.colcon_core.environment:checking '/home/everygreen/ros2/bot_ws/install/bot_nav2/lib/pkgconfig/bot_nav2.pc'
[0.553s] Level 1:colcon.colcon_core.environment:checking '/home/everygreen/ros2/bot_ws/install/bot_nav2/lib/python3.10/site-packages'
[0.554s] Level 1:colcon.colcon_core.environment:checking '/home/everygreen/ros2/bot_ws/install/bot_nav2/bin'
[0.554s] INFO:colcon.colcon_core.shell:Creating package script '/home/everygreen/ros2/bot_ws/install/bot_nav2/share/bot_nav2/package.ps1'
[0.555s] INFO:colcon.colcon_core.shell:Creating package descriptor '/home/everygreen/ros2/bot_ws/install/bot_nav2/share/bot_nav2/package.dsv'
[0.555s] INFO:colcon.colcon_core.shell:Creating package script '/home/everygreen/ros2/bot_ws/install/bot_nav2/share/bot_nav2/package.sh'
[0.556s] INFO:colcon.colcon_core.shell:Creating package script '/home/everygreen/ros2/bot_ws/install/bot_nav2/share/bot_nav2/package.bash'
[0.556s] INFO:colcon.colcon_core.shell:Creating package script '/home/everygreen/ros2/bot_ws/install/bot_nav2/share/bot_nav2/package.zsh'
[0.557s] Level 1:colcon.colcon_core.environment:create_file_with_runtime_dependencies(/home/everygreen/ros2/bot_ws/install/bot_nav2/share/colcon-core/packages/bot_nav2)
[0.558s] Level 1:colcon.colcon_core.environment:create_environment_scripts_only(bot)
[0.559s] Level 1:colcon.colcon_core.environment:checking '/home/everygreen/ros2/bot_ws/install/bot' for CMake module files
[0.559s] DEBUG:colcon.colcon_core.event_handler.log_command:Invoked command in '/home/everygreen/ros2/bot_ws/build/bot' returned '0': CMAKE_PREFIX_PATH=${CMAKE_PREFIX_PATH}:/home/everygreen/ros2/bot_ws/install/waypoint:/opt/ros/humble /usr/bin/cmake --install /home/everygreen/ros2/bot_ws/build/bot
[0.560s] Level 1:colcon.colcon_core.environment:checking '/home/everygreen/ros2/bot_ws/install/bot' for CMake config files
[0.560s] Level 1:colcon.colcon_core.shell:create_environment_hook('bot', 'cmake_prefix_path')
[0.560s] INFO:colcon.colcon_core.shell:Creating environment hook '/home/everygreen/ros2/bot_ws/install/bot/share/bot/hook/cmake_prefix_path.ps1'
[0.561s] INFO:colcon.colcon_core.shell:Creating environment descriptor '/home/everygreen/ros2/bot_ws/install/bot/share/bot/hook/cmake_prefix_path.dsv'
[0.562s] INFO:colcon.colcon_core.shell:Creating environment hook '/home/everygreen/ros2/bot_ws/install/bot/share/bot/hook/cmake_prefix_path.sh'
[0.563s] Level 1:colcon.colcon_core.environment:checking '/home/everygreen/ros2/bot_ws/install/bot/bin'
[0.563s] Level 1:colcon.colcon_core.environment:checking '/home/everygreen/ros2/bot_ws/install/bot/lib/pkgconfig/bot.pc'
[0.564s] Level 1:colcon.colcon_core.environment:checking '/home/everygreen/ros2/bot_ws/install/bot/lib/python3.10/site-packages'
[0.565s] Level 1:colcon.colcon_core.environment:checking '/home/everygreen/ros2/bot_ws/install/bot/bin'
[0.565s] INFO:colcon.colcon_core.shell:Creating package script '/home/everygreen/ros2/bot_ws/install/bot/share/bot/package.ps1'
[0.566s] INFO:colcon.colcon_core.shell:Creating package descriptor '/home/everygreen/ros2/bot_ws/install/bot/share/bot/package.dsv'
[0.567s] INFO:colcon.colcon_core.shell:Creating package script '/home/everygreen/ros2/bot_ws/install/bot/share/bot/package.sh'
[0.567s] INFO:colcon.colcon_core.shell:Creating package script '/home/everygreen/ros2/bot_ws/install/bot/share/bot/package.bash'
[0.567s] INFO:colcon.colcon_core.shell:Creating package script '/home/everygreen/ros2/bot_ws/install/bot/share/bot/package.zsh'
[0.568s] Level 1:colcon.colcon_core.environment:create_file_with_runtime_dependencies(/home/everygreen/ros2/bot_ws/install/bot/share/colcon-core/packages/bot)
[0.570s] Level 1:colcon.colcon_core.environment:create_environment_scripts_only(bot)
[0.570s] Level 1:colcon.colcon_core.environment:checking '/home/everygreen/ros2/bot_ws/install/bot' for CMake module files
[0.571s] Level 1:colcon.colcon_core.environment:checking '/home/everygreen/ros2/bot_ws/install/bot' for CMake config files
[0.571s] Level 1:colcon.colcon_core.shell:create_environment_hook('bot', 'cmake_prefix_path')
[0.571s] INFO:colcon.colcon_core.shell:Creating environment hook '/home/everygreen/ros2/bot_ws/install/bot/share/bot/hook/cmake_prefix_path.ps1'
[0.571s] INFO:colcon.colcon_core.shell:Creating environment descriptor '/home/everygreen/ros2/bot_ws/install/bot/share/bot/hook/cmake_prefix_path.dsv'
[0.572s] INFO:colcon.colcon_core.shell:Creating environment hook '/home/everygreen/ros2/bot_ws/install/bot/share/bot/hook/cmake_prefix_path.sh'
[0.572s] Level 1:colcon.colcon_core.environment:checking '/home/everygreen/ros2/bot_ws/install/bot/bin'
[0.572s] Level 1:colcon.colcon_core.environment:checking '/home/everygreen/ros2/bot_ws/install/bot/lib/pkgconfig/bot.pc'
[0.573s] Level 1:colcon.colcon_core.environment:checking '/home/everygreen/ros2/bot_ws/install/bot/lib/python3.10/site-packages'
[0.573s] Level 1:colcon.colcon_core.environment:checking '/home/everygreen/ros2/bot_ws/install/bot/bin'
[0.573s] INFO:colcon.colcon_core.shell:Creating package script '/home/everygreen/ros2/bot_ws/install/bot/share/bot/package.ps1'
[0.574s] INFO:colcon.colcon_core.shell:Creating package descriptor '/home/everygreen/ros2/bot_ws/install/bot/share/bot/package.dsv'
[0.574s] INFO:colcon.colcon_core.shell:Creating package script '/home/everygreen/ros2/bot_ws/install/bot/share/bot/package.sh'
[0.574s] INFO:colcon.colcon_core.shell:Creating package script '/home/everygreen/ros2/bot_ws/install/bot/share/bot/package.bash'
[0.575s] INFO:colcon.colcon_core.shell:Creating package script '/home/everygreen/ros2/bot_ws/install/bot/share/bot/package.zsh'
[0.575s] Level 1:colcon.colcon_core.environment:create_file_with_runtime_dependencies(/home/everygreen/ros2/bot_ws/install/bot/share/colcon-core/packages/bot)
[0.772s] DEBUG:colcon.colcon_core.event_handler.log_command:Invoking command in '/home/everygreen/ros2/bot_ws/src/waypoint': PYTHONPATH=/home/everygreen/ros2/bot_ws/build/waypoint/prefix_override:/usr/lib/python3/dist-packages/colcon_core/task/python/colcon_distutils_commands:/home/everygreen/ros2/bot_ws/install/waypoint/lib/python3.10/site-packages:${PYTHONPATH} /usr/bin/python3 -W ignore:setup.py install is deprecated -W ignore:easy_install command is deprecated setup.py egg_info --egg-base ../../build/waypoint build --build-base /home/everygreen/ros2/bot_ws/build/waypoint/build install --record /home/everygreen/ros2/bot_ws/build/waypoint/install.log --single-version-externally-managed install_data
[0.965s] Level 1:colcon.colcon_core.environment:checking '/home/everygreen/ros2/bot_ws/install/waypoint' for CMake module files
[0.966s] DEBUG:colcon.colcon_core.event_handler.log_command:Invoked command in '/home/everygreen/ros2/bot_ws/src/waypoint' returned '0': PYTHONPATH=/home/everygreen/ros2/bot_ws/build/waypoint/prefix_override:/usr/lib/python3/dist-packages/colcon_core/task/python/colcon_distutils_commands:/home/everygreen/ros2/bot_ws/install/waypoint/lib/python3.10/site-packages:${PYTHONPATH} /usr/bin/python3 -W ignore:setup.py install is deprecated -W ignore:easy_install command is deprecated setup.py egg_info --egg-base ../../build/waypoint build --build-base /home/everygreen/ros2/bot_ws/build/waypoint/build install --record /home/everygreen/ros2/bot_ws/build/waypoint/install.log --single-version-externally-managed install_data
[0.966s] Level 1:colcon.colcon_core.environment:checking '/home/everygreen/ros2/bot_ws/install/waypoint' for CMake config files
[0.966s] Level 1:colcon.colcon_core.environment:checking '/home/everygreen/ros2/bot_ws/install/waypoint/lib'
[0.966s] Level 1:colcon.colcon_core.environment:checking '/home/everygreen/ros2/bot_ws/install/waypoint/bin'
[0.966s] Level 1:colcon.colcon_core.environment:checking '/home/everygreen/ros2/bot_ws/install/waypoint/lib/pkgconfig/waypoint.pc'
[0.966s] Level 1:colcon.colcon_core.environment:checking '/home/everygreen/ros2/bot_ws/install/waypoint/lib/python3.10/site-packages'
[0.967s] Level 1:colcon.colcon_core.shell:create_environment_hook('waypoint', 'pythonpath')
[0.967s] INFO:colcon.colcon_core.shell:Creating environment hook '/home/everygreen/ros2/bot_ws/install/waypoint/share/waypoint/hook/pythonpath.ps1'
[0.967s] INFO:colcon.colcon_core.shell:Creating environment descriptor '/home/everygreen/ros2/bot_ws/install/waypoint/share/waypoint/hook/pythonpath.dsv'
[0.967s] INFO:colcon.colcon_core.shell:Creating environment hook '/home/everygreen/ros2/bot_ws/install/waypoint/share/waypoint/hook/pythonpath.sh'
[0.968s] Level 1:colcon.colcon_core.environment:checking '/home/everygreen/ros2/bot_ws/install/waypoint/bin'
[0.968s] Level 1:colcon.colcon_core.environment:create_environment_scripts_only(waypoint)
[0.968s] INFO:colcon.colcon_core.shell:Creating package script '/home/everygreen/ros2/bot_ws/install/waypoint/share/waypoint/package.ps1'
[0.969s] INFO:colcon.colcon_core.shell:Creating package descriptor '/home/everygreen/ros2/bot_ws/install/waypoint/share/waypoint/package.dsv'
[0.970s] INFO:colcon.colcon_core.shell:Creating package script '/home/everygreen/ros2/bot_ws/install/waypoint/share/waypoint/package.sh'
[0.970s] INFO:colcon.colcon_core.shell:Creating package script '/home/everygreen/ros2/bot_ws/install/waypoint/share/waypoint/package.bash'
[0.970s] INFO:colcon.colcon_core.shell:Creating package script '/home/everygreen/ros2/bot_ws/install/waypoint/share/waypoint/package.zsh'
[0.971s] Level 1:colcon.colcon_core.environment:create_file_with_runtime_dependencies(/home/everygreen/ros2/bot_ws/install/waypoint/share/colcon-core/packages/waypoint)
[0.971s] DEBUG:colcon.colcon_parallel_executor.executor.parallel:closing loop
[0.973s] DEBUG:colcon.colcon_parallel_executor.executor.parallel:loop closed
[0.973s] DEBUG:colcon.colcon_parallel_executor.executor.parallel:run_until_complete finished with '0'
[0.973s] DEBUG:colcon.colcon_core.event_reactor:joining thread
[0.979s] INFO:colcon.colcon_core.plugin_system:Skipping extension 'colcon_notification.desktop_notification.terminal_notifier': Not used on non-Darwin systems
[0.979s] INFO:colcon.colcon_core.plugin_system:Skipping extension 'colcon_notification.desktop_notification.win32': Not used on non-Windows systems
[0.979s] INFO:colcon.colcon_notification.desktop_notification:Sending desktop notification using 'notify2'
[0.991s] DEBUG:colcon.colcon_core.event_reactor:joined thread
[0.991s] INFO:colcon.colcon_core.shell:Creating prefix script '/home/everygreen/ros2/bot_ws/install/local_setup.ps1'
[0.992s] INFO:colcon.colcon_core.shell:Creating prefix util module '/home/everygreen/ros2/bot_ws/install/_local_setup_util_ps1.py'
[0.993s] INFO:colcon.colcon_core.shell:Creating prefix chain script '/home/everygreen/ros2/bot_ws/install/setup.ps1'
[0.994s] INFO:colcon.colcon_core.shell:Creating prefix script '/home/everygreen/ros2/bot_ws/install/local_setup.sh'
[0.994s] INFO:colcon.colcon_core.shell:Creating prefix util module '/home/everygreen/ros2/bot_ws/install/_local_setup_util_sh.py'
[0.995s] INFO:colcon.colcon_core.shell:Creating prefix chain script '/home/everygreen/ros2/bot_ws/install/setup.sh'
[0.996s] INFO:colcon.colcon_core.shell:Creating prefix script '/home/everygreen/ros2/bot_ws/install/local_setup.bash'
[0.996s] INFO:colcon.colcon_core.shell:Creating prefix chain script '/home/everygreen/ros2/bot_ws/install/setup.bash'
[0.997s] INFO:colcon.colcon_core.shell:Creating prefix script '/home/everygreen/ros2/bot_ws/install/local_setup.zsh'
[0.999s] INFO:colcon.colcon_core.shell:Creating prefix chain script '/home/everygreen/ros2/bot_ws/install/setup.zsh'
