[0.029s] Invoking command in '/home/everygreen/ros2/bot_ws/build/bot_nav2': CMAKE_PREFIX_PATH=${CMAKE_PREFIX_PATH}:/home/everygreen/ros2/bot_ws/install/waypoint:/opt/ros/humble /usr/bin/cmake --build /home/everygreen/ros2/bot_ws/build/bot_nav2 -- -j4 -l4
[0.229s] Invoked command in '/home/everygreen/ros2/bot_ws/build/bot_nav2' returned '0': CMAKE_PREFIX_PATH=${CMAKE_PREFIX_PATH}:/home/everygreen/ros2/bot_ws/install/waypoint:/opt/ros/humble /usr/bin/cmake --build /home/everygreen/ros2/bot_ws/build/bot_nav2 -- -j4 -l4
[0.230s] Invoking command in '/home/everygreen/ros2/bot_ws/build/bot_nav2': CMAKE_PREFIX_PATH=${CMAKE_PREFIX_PATH}:/home/everygreen/ros2/bot_ws/install/waypoint:/opt/ros/humble /usr/bin/cmake --install /home/everygreen/ros2/bot_ws/build/bot_nav2
[0.239s] -- Install configuration: ""
[0.241s] -- Up-to-date: /home/everygreen/ros2/bot_ws/install/bot_nav2/share/bot_nav2/launch
[0.241s] -- Up-to-date: /home/everygreen/ros2/bot_ws/install/bot_nav2/share/bot_nav2/launch/nav2_launch.py
[0.241s] -- Up-to-date: /home/everygreen/ros2/bot_ws/install/bot_nav2/share/bot_nav2/config
[0.241s] -- Installing: /home/everygreen/ros2/bot_ws/install/bot_nav2/share/bot_nav2/config/nav2_params.yaml
[0.241s] -- Up-to-date: /home/everygreen/ros2/bot_ws/install/bot_nav2/share/bot_nav2/maps
[0.241s] -- Up-to-date: /home/everygreen/ros2/bot_ws/install/bot_nav2/share/bot_nav2/maps/fishbot_map.yaml
[0.241s] -- Up-to-date: /home/everygreen/ros2/bot_ws/install/bot_nav2/share/bot_nav2/maps/fishbot_map.pgm
[0.241s] -- Up-to-date: /home/everygreen/ros2/bot_ws/install/bot_nav2/share/bot_nav2/behavior_trees
[0.241s] -- Up-to-date: /home/everygreen/ros2/bot_ws/install/bot_nav2/share/bot_nav2/behavior_trees/my_nav_through_poses.xml
[0.241s] -- Up-to-date: /home/everygreen/ros2/bot_ws/install/bot_nav2/share/ament_index/resource_index/package_run_dependencies/bot_nav2
[0.241s] -- Up-to-date: /home/everygreen/ros2/bot_ws/install/bot_nav2/share/ament_index/resource_index/parent_prefix_path/bot_nav2
[0.241s] -- Up-to-date: /home/everygreen/ros2/bot_ws/install/bot_nav2/share/bot_nav2/environment/ament_prefix_path.sh
[0.241s] -- Up-to-date: /home/everygreen/ros2/bot_ws/install/bot_nav2/share/bot_nav2/environment/ament_prefix_path.dsv
[0.241s] -- Up-to-date: /home/everygreen/ros2/bot_ws/install/bot_nav2/share/bot_nav2/environment/path.sh
[0.241s] -- Up-to-date: /home/everygreen/ros2/bot_ws/install/bot_nav2/share/bot_nav2/environment/path.dsv
[0.241s] -- Up-to-date: /home/everygreen/ros2/bot_ws/install/bot_nav2/share/bot_nav2/local_setup.bash
[0.242s] -- Up-to-date: /home/everygreen/ros2/bot_ws/install/bot_nav2/share/bot_nav2/local_setup.sh
[0.244s] -- Up-to-date: /home/everygreen/ros2/bot_ws/install/bot_nav2/share/bot_nav2/local_setup.zsh
[0.244s] -- Up-to-date: /home/everygreen/ros2/bot_ws/install/bot_nav2/share/bot_nav2/local_setup.dsv
[0.244s] -- Installing: /home/everygreen/ros2/bot_ws/install/bot_nav2/share/bot_nav2/package.dsv
[0.244s] -- Up-to-date: /home/everygreen/ros2/bot_ws/install/bot_nav2/share/ament_index/resource_index/packages/bot_nav2
[0.244s] -- Up-to-date: /home/everygreen/ros2/bot_ws/install/bot_nav2/share/bot_nav2/cmake/bot_nav2Config.cmake
[0.244s] -- Up-to-date: /home/everygreen/ros2/bot_ws/install/bot_nav2/share/bot_nav2/cmake/bot_nav2Config-version.cmake
[0.244s] -- Up-to-date: /home/everygreen/ros2/bot_ws/install/bot_nav2/share/bot_nav2/package.xml
[0.259s] Invoked command in '/home/everygreen/ros2/bot_ws/build/bot_nav2' returned '0': CMAKE_PREFIX_PATH=${CMAKE_PREFIX_PATH}:/home/everygreen/ros2/bot_ws/install/waypoint:/opt/ros/humble /usr/bin/cmake --install /home/everygreen/ros2/bot_ws/build/bot_nav2
