[0.019s] Invoking command in '/home/everygreen/ros2/bot_ws/build/bot_nav2': CMAKE_PREFIX_PATH=${CMAKE_PREFIX_PATH}:/home/everygreen/ros2/bot_ws/install/waypoint:/opt/ros/humble /usr/bin/cmake --build /home/everygreen/ros2/bot_ws/build/bot_nav2 -- -j4 -l4
[0.062s] -- Found ament_cmake: 1.3.14 (/opt/ros/humble/share/ament_cmake/cmake)
[0.187s] -- Found ament_lint_auto: 0.12.15 (/opt/ros/humble/share/ament_lint_auto/cmake)
[0.251s] -- Added test 'flake8' to check Python code syntax and style conventions
[0.251s] -- Added test 'lint_cmake' to check CMake code style
[0.254s] -- Added test 'pep257' to check Python code against some of the docstring style conventions in PEP 257
[0.256s] -- Added test 'xmllint' to check XML markup files
[0.258s] -- Configuring done
[0.270s] -- Generating done
[0.274s] -- Build files have been written to: /home/everygreen/ros2/bot_ws/build/bot_nav2
[0.293s] Invoked command in '/home/everygreen/ros2/bot_ws/build/bot_nav2' returned '0': CMAKE_PREFIX_PATH=${CMAKE_PREFIX_PATH}:/home/everygreen/ros2/bot_ws/install/waypoint:/opt/ros/humble /usr/bin/cmake --build /home/everygreen/ros2/bot_ws/build/bot_nav2 -- -j4 -l4
[0.297s] Invoking command in '/home/everygreen/ros2/bot_ws/build/bot_nav2': CMAKE_PREFIX_PATH=${CMAKE_PREFIX_PATH}:/home/everygreen/ros2/bot_ws/install/waypoint:/opt/ros/humble /usr/bin/cmake --install /home/everygreen/ros2/bot_ws/build/bot_nav2
[0.302s] -- Install configuration: ""
[0.303s] -- Up-to-date: /home/everygreen/ros2/bot_ws/install/bot_nav2/share/bot_nav2/launch
[0.304s] -- Up-to-date: /home/everygreen/ros2/bot_ws/install/bot_nav2/share/bot_nav2/launch/nav2_launch.py
[0.305s] -- Up-to-date: /home/everygreen/ros2/bot_ws/install/bot_nav2/share/bot_nav2/config
[0.305s] -- Up-to-date: /home/everygreen/ros2/bot_ws/install/bot_nav2/share/bot_nav2/config/nav2_params.yaml
[0.305s] -- Up-to-date: /home/everygreen/ros2/bot_ws/install/bot_nav2/share/bot_nav2/maps
[0.305s] -- Up-to-date: /home/everygreen/ros2/bot_ws/install/bot_nav2/share/bot_nav2/maps/fishbot_map.yaml
[0.306s] -- Up-to-date: /home/everygreen/ros2/bot_ws/install/bot_nav2/share/bot_nav2/maps/fishbot_map.pgm
[0.307s] -- Up-to-date: /home/everygreen/ros2/bot_ws/install/bot_nav2/share/bot_nav2/behavior_trees
[0.307s] -- Up-to-date: /home/everygreen/ros2/bot_ws/install/bot_nav2/share/bot_nav2/behavior_trees/my_nav_through_poses.xml
[0.307s] -- Up-to-date: /home/everygreen/ros2/bot_ws/install/bot_nav2/share/ament_index/resource_index/package_run_dependencies/bot_nav2
[0.308s] -- Installing: /home/everygreen/ros2/bot_ws/install/bot_nav2/share/ament_index/resource_index/parent_prefix_path/bot_nav2
[0.308s] -- Up-to-date: /home/everygreen/ros2/bot_ws/install/bot_nav2/share/bot_nav2/environment/ament_prefix_path.sh
[0.308s] -- Installing: /home/everygreen/ros2/bot_ws/install/bot_nav2/share/bot_nav2/environment/ament_prefix_path.dsv
[0.309s] -- Up-to-date: /home/everygreen/ros2/bot_ws/install/bot_nav2/share/bot_nav2/environment/path.sh
[0.310s] -- Installing: /home/everygreen/ros2/bot_ws/install/bot_nav2/share/bot_nav2/environment/path.dsv
[0.310s] -- Up-to-date: /home/everygreen/ros2/bot_ws/install/bot_nav2/share/bot_nav2/local_setup.bash
[0.310s] -- Up-to-date: /home/everygreen/ros2/bot_ws/install/bot_nav2/share/bot_nav2/local_setup.sh
[0.310s] -- Up-to-date: /home/everygreen/ros2/bot_ws/install/bot_nav2/share/bot_nav2/local_setup.zsh
[0.311s] -- Installing: /home/everygreen/ros2/bot_ws/install/bot_nav2/share/bot_nav2/local_setup.dsv
[0.311s] -- Installing: /home/everygreen/ros2/bot_ws/install/bot_nav2/share/bot_nav2/package.dsv
[0.311s] -- Up-to-date: /home/everygreen/ros2/bot_ws/install/bot_nav2/share/ament_index/resource_index/packages/bot_nav2
[0.311s] -- Up-to-date: /home/everygreen/ros2/bot_ws/install/bot_nav2/share/bot_nav2/cmake/bot_nav2Config.cmake
[0.311s] -- Up-to-date: /home/everygreen/ros2/bot_ws/install/bot_nav2/share/bot_nav2/cmake/bot_nav2Config-version.cmake
[0.311s] -- Up-to-date: /home/everygreen/ros2/bot_ws/install/bot_nav2/share/bot_nav2/package.xml
[0.312s] Invoked command in '/home/everygreen/ros2/bot_ws/build/bot_nav2' returned '0': CMAKE_PREFIX_PATH=${CMAKE_PREFIX_PATH}:/home/everygreen/ros2/bot_ws/install/waypoint:/opt/ros/humble /usr/bin/cmake --install /home/everygreen/ros2/bot_ws/build/bot_nav2
