[0.073s] DEBUG:colcon:Command line arguments: ['/usr/bin/colcon', 'build']
[0.073s] DEBUG:colcon:Parsed command line arguments: Namespace(log_base=None, log_level=None, verb_name='build', build_base='build', install_base='install', merge_install=False, symlink_install=False, test_result_base=None, continue_on_error=False, executor='parallel', parallel_workers=4, event_handlers=None, ignore_user_meta=False, metas=['./colcon.meta'], base_paths=['.'], packages_ignore=None, packages_ignore_regex=None, paths=None, packages_up_to=None, packages_up_to_regex=None, packages_above=None, packages_above_and_dependencies=None, packages_above_depth=None, packages_select_by_dep=None, packages_skip_by_dep=None, packages_skip_up_to=None, packages_select_build_failed=False, packages_skip_build_finished=False, packages_select_test_failures=False, packages_skip_test_passed=False, packages_select=None, packages_skip=None, packages_select_regex=None, packages_skip_regex=None, packages_start=None, packages_end=None, allow_overriding=[], cmake_args=None, cmake_target=None, cmake_target_skip_unavailable=False, cmake_clean_cache=False, cmake_clean_first=False, cmake_force_configure=False, ament_cmake_args=None, catkin_cmake_args=None, catkin_skip_building_tests=False, verb_parser=<colcon_defaults.argument_parser.defaults.DefaultArgumentsDecorator object at 0x7403508dfdc0>, verb_extension=<colcon_core.verb.build.BuildVerb object at 0x740350a6d1b0>, main=<bound method BuildVerb.main of <colcon_core.verb.build.BuildVerb object at 0x740350a6d1b0>>)
[0.181s] Level 1:colcon.colcon_core.package_discovery:discover_packages(colcon_meta) check parameters
[0.181s] Level 1:colcon.colcon_core.package_discovery:discover_packages(recursive) check parameters
[0.182s] Level 1:colcon.colcon_core.package_discovery:discover_packages(ignore) check parameters
[0.182s] Level 1:colcon.colcon_core.package_discovery:discover_packages(path) check parameters
[0.182s] Level 1:colcon.colcon_core.package_discovery:discover_packages(colcon_meta) discover
[0.182s] Level 1:colcon.colcon_core.package_discovery:discover_packages(recursive) discover
[0.182s] INFO:colcon.colcon_core.package_discovery:Crawling recursively for packages in '/home/everygreen/ros2/bot_ws'
[0.182s] Level 1:colcon.colcon_core.package_identification:_identify(.) by extensions ['ignore', 'ignore_ament_install']
[0.182s] Level 1:colcon.colcon_core.package_identification:_identify(.) by extension 'ignore'
[0.182s] Level 1:colcon.colcon_core.package_identification:_identify(.) by extension 'ignore_ament_install'
[0.182s] Level 1:colcon.colcon_core.package_identification:_identify(.) by extensions ['colcon_pkg']
[0.182s] Level 1:colcon.colcon_core.package_identification:_identify(.) by extension 'colcon_pkg'
[0.182s] Level 1:colcon.colcon_core.package_identification:_identify(.) by extensions ['colcon_meta']
[0.182s] Level 1:colcon.colcon_core.package_identification:_identify(.) by extension 'colcon_meta'
[0.182s] Level 1:colcon.colcon_core.package_identification:_identify(.) by extensions ['ros']
[0.182s] Level 1:colcon.colcon_core.package_identification:_identify(.) by extension 'ros'
[0.191s] Level 1:colcon.colcon_core.package_identification:_identify(.) by extensions ['cmake', 'python']
[0.191s] Level 1:colcon.colcon_core.package_identification:_identify(.) by extension 'cmake'
[0.191s] Level 1:colcon.colcon_core.package_identification:_identify(.) by extension 'python'
[0.191s] Level 1:colcon.colcon_core.package_identification:_identify(.) by extensions ['python_setup_py']
[0.191s] Level 1:colcon.colcon_core.package_identification:_identify(.) by extension 'python_setup_py'
[0.191s] Level 1:colcon.colcon_core.package_identification:_identify(build) by extensions ['ignore', 'ignore_ament_install']
[0.191s] Level 1:colcon.colcon_core.package_identification:_identify(build) by extension 'ignore'
[0.191s] Level 1:colcon.colcon_core.package_identification:_identify(build) ignored
[0.191s] Level 1:colcon.colcon_core.package_identification:_identify(install) by extensions ['ignore', 'ignore_ament_install']
[0.191s] Level 1:colcon.colcon_core.package_identification:_identify(install) by extension 'ignore'
[0.191s] Level 1:colcon.colcon_core.package_identification:_identify(install) ignored
[0.191s] Level 1:colcon.colcon_core.package_identification:_identify(log) by extensions ['ignore', 'ignore_ament_install']
[0.192s] Level 1:colcon.colcon_core.package_identification:_identify(log) by extension 'ignore'
[0.192s] Level 1:colcon.colcon_core.package_identification:_identify(log) ignored
[0.192s] Level 1:colcon.colcon_core.package_identification:_identify(src) by extensions ['ignore', 'ignore_ament_install']
[0.192s] Level 1:colcon.colcon_core.package_identification:_identify(src) by extension 'ignore'
[0.192s] Level 1:colcon.colcon_core.package_identification:_identify(src) by extension 'ignore_ament_install'
[0.192s] Level 1:colcon.colcon_core.package_identification:_identify(src) by extensions ['colcon_pkg']
[0.192s] Level 1:colcon.colcon_core.package_identification:_identify(src) by extension 'colcon_pkg'
[0.192s] Level 1:colcon.colcon_core.package_identification:_identify(src) by extensions ['colcon_meta']
[0.192s] Level 1:colcon.colcon_core.package_identification:_identify(src) by extension 'colcon_meta'
[0.192s] Level 1:colcon.colcon_core.package_identification:_identify(src) by extensions ['ros']
[0.192s] Level 1:colcon.colcon_core.package_identification:_identify(src) by extension 'ros'
[0.192s] Level 1:colcon.colcon_core.package_identification:_identify(src) by extensions ['cmake', 'python']
[0.192s] Level 1:colcon.colcon_core.package_identification:_identify(src) by extension 'cmake'
[0.192s] Level 1:colcon.colcon_core.package_identification:_identify(src) by extension 'python'
[0.192s] Level 1:colcon.colcon_core.package_identification:_identify(src) by extensions ['python_setup_py']
[0.192s] Level 1:colcon.colcon_core.package_identification:_identify(src) by extension 'python_setup_py'
[0.192s] Level 1:colcon.colcon_core.package_identification:_identify(src/bot) by extensions ['ignore', 'ignore_ament_install']
[0.192s] Level 1:colcon.colcon_core.package_identification:_identify(src/bot) by extension 'ignore'
[0.192s] Level 1:colcon.colcon_core.package_identification:_identify(src/bot) by extension 'ignore_ament_install'
[0.192s] Level 1:colcon.colcon_core.package_identification:_identify(src/bot) by extensions ['colcon_pkg']
[0.192s] Level 1:colcon.colcon_core.package_identification:_identify(src/bot) by extension 'colcon_pkg'
[0.192s] Level 1:colcon.colcon_core.package_identification:_identify(src/bot) by extensions ['colcon_meta']
[0.192s] Level 1:colcon.colcon_core.package_identification:_identify(src/bot) by extension 'colcon_meta'
[0.192s] Level 1:colcon.colcon_core.package_identification:_identify(src/bot) by extensions ['ros']
[0.192s] Level 1:colcon.colcon_core.package_identification:_identify(src/bot) by extension 'ros'
[0.194s] DEBUG:colcon.colcon_core.package_identification:Package 'src/bot' with type 'ros.ament_cmake' and name 'bot'
[0.194s] Level 1:colcon.colcon_core.package_identification:_identify(src/bot_nav2) by extensions ['ignore', 'ignore_ament_install']
[0.195s] Level 1:colcon.colcon_core.package_identification:_identify(src/bot_nav2) by extension 'ignore'
[0.195s] Level 1:colcon.colcon_core.package_identification:_identify(src/bot_nav2) by extension 'ignore_ament_install'
[0.195s] Level 1:colcon.colcon_core.package_identification:_identify(src/bot_nav2) by extensions ['colcon_pkg']
[0.195s] Level 1:colcon.colcon_core.package_identification:_identify(src/bot_nav2) by extension 'colcon_pkg'
[0.195s] Level 1:colcon.colcon_core.package_identification:_identify(src/bot_nav2) by extensions ['colcon_meta']
[0.195s] Level 1:colcon.colcon_core.package_identification:_identify(src/bot_nav2) by extension 'colcon_meta'
[0.195s] Level 1:colcon.colcon_core.package_identification:_identify(src/bot_nav2) by extensions ['ros']
[0.195s] Level 1:colcon.colcon_core.package_identification:_identify(src/bot_nav2) by extension 'ros'
[0.195s] DEBUG:colcon.colcon_core.package_identification:Package 'src/bot_nav2' with type 'ros.ament_cmake' and name 'bot_nav2'
[0.195s] Level 1:colcon.colcon_core.package_identification:_identify(src/fishbot_description) by extensions ['ignore', 'ignore_ament_install']
[0.195s] Level 1:colcon.colcon_core.package_identification:_identify(src/fishbot_description) by extension 'ignore'
[0.196s] Level 1:colcon.colcon_core.package_identification:_identify(src/fishbot_description) by extension 'ignore_ament_install'
[0.196s] Level 1:colcon.colcon_core.package_identification:_identify(src/fishbot_description) by extensions ['colcon_pkg']
[0.196s] Level 1:colcon.colcon_core.package_identification:_identify(src/fishbot_description) by extension 'colcon_pkg'
[0.196s] Level 1:colcon.colcon_core.package_identification:_identify(src/fishbot_description) by extensions ['colcon_meta']
[0.196s] Level 1:colcon.colcon_core.package_identification:_identify(src/fishbot_description) by extension 'colcon_meta'
[0.196s] Level 1:colcon.colcon_core.package_identification:_identify(src/fishbot_description) by extensions ['ros']
[0.196s] Level 1:colcon.colcon_core.package_identification:_identify(src/fishbot_description) by extension 'ros'
[0.196s] DEBUG:colcon.colcon_core.package_identification:Package 'src/fishbot_description' with type 'ros.ament_cmake' and name 'fishbot_description'
[0.196s] Level 1:colcon.colcon_core.package_identification:_identify(src/waypoint) by extensions ['ignore', 'ignore_ament_install']
[0.197s] Level 1:colcon.colcon_core.package_identification:_identify(src/waypoint) by extension 'ignore'
[0.197s] Level 1:colcon.colcon_core.package_identification:_identify(src/waypoint) by extension 'ignore_ament_install'
[0.197s] Level 1:colcon.colcon_core.package_identification:_identify(src/waypoint) by extensions ['colcon_pkg']
[0.197s] Level 1:colcon.colcon_core.package_identification:_identify(src/waypoint) by extension 'colcon_pkg'
[0.197s] Level 1:colcon.colcon_core.package_identification:_identify(src/waypoint) by extensions ['colcon_meta']
[0.197s] Level 1:colcon.colcon_core.package_identification:_identify(src/waypoint) by extension 'colcon_meta'
[0.197s] Level 1:colcon.colcon_core.package_identification:_identify(src/waypoint) by extensions ['ros']
[0.197s] Level 1:colcon.colcon_core.package_identification:_identify(src/waypoint) by extension 'ros'
[0.197s] DEBUG:colcon.colcon_core.package_identification:Package 'src/waypoint' with type 'ros.ament_python' and name 'waypoint'
[0.198s] Level 1:colcon.colcon_core.package_discovery:discover_packages(recursive) using defaults
[0.198s] Level 1:colcon.colcon_core.package_discovery:discover_packages(ignore) discover
[0.198s] Level 1:colcon.colcon_core.package_discovery:discover_packages(ignore) using defaults
[0.198s] Level 1:colcon.colcon_core.package_discovery:discover_packages(path) discover
[0.198s] Level 1:colcon.colcon_core.package_discovery:discover_packages(path) using defaults
[0.216s] Level 1:colcon.colcon_core.package_discovery:discover_packages(prefix_path) check parameters
[0.216s] Level 1:colcon.colcon_core.package_discovery:discover_packages(prefix_path) discover
[0.217s] DEBUG:colcon.colcon_installed_package_information.package_discovery:Found 4 installed packages in /home/everygreen/ros2/bot_ws/install
[0.219s] DEBUG:colcon.colcon_installed_package_information.package_discovery:Found 375 installed packages in /opt/ros/humble
[0.232s] Level 1:colcon.colcon_core.package_discovery:discover_packages(prefix_path) using defaults
[0.275s] Level 5:colcon.colcon_core.verb:set package 'bot' build argument 'cmake_args' from command line to 'None'
[0.275s] Level 5:colcon.colcon_core.verb:set package 'bot' build argument 'cmake_target' from command line to 'None'
[0.275s] Level 5:colcon.colcon_core.verb:set package 'bot' build argument 'cmake_target_skip_unavailable' from command line to 'False'
[0.275s] Level 5:colcon.colcon_core.verb:set package 'bot' build argument 'cmake_clean_cache' from command line to 'False'
[0.275s] Level 5:colcon.colcon_core.verb:set package 'bot' build argument 'cmake_clean_first' from command line to 'False'
[0.275s] Level 5:colcon.colcon_core.verb:set package 'bot' build argument 'cmake_force_configure' from command line to 'False'
[0.275s] Level 5:colcon.colcon_core.verb:set package 'bot' build argument 'ament_cmake_args' from command line to 'None'
[0.275s] Level 5:colcon.colcon_core.verb:set package 'bot' build argument 'catkin_cmake_args' from command line to 'None'
[0.275s] Level 5:colcon.colcon_core.verb:set package 'bot' build argument 'catkin_skip_building_tests' from command line to 'False'
[0.275s] DEBUG:colcon.colcon_core.verb:Building package 'bot' with the following arguments: {'ament_cmake_args': None, 'build_base': '/home/everygreen/ros2/bot_ws/build/bot', 'catkin_cmake_args': None, 'catkin_skip_building_tests': False, 'cmake_args': None, 'cmake_clean_cache': False, 'cmake_clean_first': False, 'cmake_force_configure': False, 'cmake_target': None, 'cmake_target_skip_unavailable': False, 'install_base': '/home/everygreen/ros2/bot_ws/install/bot', 'merge_install': False, 'path': '/home/everygreen/ros2/bot_ws/src/bot', 'symlink_install': False, 'test_result_base': None}
[0.275s] Level 5:colcon.colcon_core.verb:set package 'bot_nav2' build argument 'cmake_args' from command line to 'None'
[0.275s] Level 5:colcon.colcon_core.verb:set package 'bot_nav2' build argument 'cmake_target' from command line to 'None'
[0.275s] Level 5:colcon.colcon_core.verb:set package 'bot_nav2' build argument 'cmake_target_skip_unavailable' from command line to 'False'
[0.275s] Level 5:colcon.colcon_core.verb:set package 'bot_nav2' build argument 'cmake_clean_cache' from command line to 'False'
[0.275s] Level 5:colcon.colcon_core.verb:set package 'bot_nav2' build argument 'cmake_clean_first' from command line to 'False'
[0.275s] Level 5:colcon.colcon_core.verb:set package 'bot_nav2' build argument 'cmake_force_configure' from command line to 'False'
[0.275s] Level 5:colcon.colcon_core.verb:set package 'bot_nav2' build argument 'ament_cmake_args' from command line to 'None'
[0.275s] Level 5:colcon.colcon_core.verb:set package 'bot_nav2' build argument 'catkin_cmake_args' from command line to 'None'
[0.275s] Level 5:colcon.colcon_core.verb:set package 'bot_nav2' build argument 'catkin_skip_building_tests' from command line to 'False'
[0.276s] DEBUG:colcon.colcon_core.verb:Building package 'bot_nav2' with the following arguments: {'ament_cmake_args': None, 'build_base': '/home/everygreen/ros2/bot_ws/build/bot_nav2', 'catkin_cmake_args': None, 'catkin_skip_building_tests': False, 'cmake_args': None, 'cmake_clean_cache': False, 'cmake_clean_first': False, 'cmake_force_configure': False, 'cmake_target': None, 'cmake_target_skip_unavailable': False, 'install_base': '/home/everygreen/ros2/bot_ws/install/bot_nav2', 'merge_install': False, 'path': '/home/everygreen/ros2/bot_ws/src/bot_nav2', 'symlink_install': False, 'test_result_base': None}
[0.276s] Level 5:colcon.colcon_core.verb:set package 'fishbot_description' build argument 'cmake_args' from command line to 'None'
[0.276s] Level 5:colcon.colcon_core.verb:set package 'fishbot_description' build argument 'cmake_target' from command line to 'None'
[0.276s] Level 5:colcon.colcon_core.verb:set package 'fishbot_description' build argument 'cmake_target_skip_unavailable' from command line to 'False'
[0.276s] Level 5:colcon.colcon_core.verb:set package 'fishbot_description' build argument 'cmake_clean_cache' from command line to 'False'
[0.276s] Level 5:colcon.colcon_core.verb:set package 'fishbot_description' build argument 'cmake_clean_first' from command line to 'False'
[0.276s] Level 5:colcon.colcon_core.verb:set package 'fishbot_description' build argument 'cmake_force_configure' from command line to 'False'
[0.276s] Level 5:colcon.colcon_core.verb:set package 'fishbot_description' build argument 'ament_cmake_args' from command line to 'None'
[0.276s] Level 5:colcon.colcon_core.verb:set package 'fishbot_description' build argument 'catkin_cmake_args' from command line to 'None'
[0.276s] Level 5:colcon.colcon_core.verb:set package 'fishbot_description' build argument 'catkin_skip_building_tests' from command line to 'False'
[0.276s] DEBUG:colcon.colcon_core.verb:Building package 'fishbot_description' with the following arguments: {'ament_cmake_args': None, 'build_base': '/home/everygreen/ros2/bot_ws/build/fishbot_description', 'catkin_cmake_args': None, 'catkin_skip_building_tests': False, 'cmake_args': None, 'cmake_clean_cache': False, 'cmake_clean_first': False, 'cmake_force_configure': False, 'cmake_target': None, 'cmake_target_skip_unavailable': False, 'install_base': '/home/everygreen/ros2/bot_ws/install/fishbot_description', 'merge_install': False, 'path': '/home/everygreen/ros2/bot_ws/src/fishbot_description', 'symlink_install': False, 'test_result_base': None}
[0.276s] Level 5:colcon.colcon_core.verb:set package 'waypoint' build argument 'cmake_args' from command line to 'None'
[0.276s] Level 5:colcon.colcon_core.verb:set package 'waypoint' build argument 'cmake_target' from command line to 'None'
[0.276s] Level 5:colcon.colcon_core.verb:set package 'waypoint' build argument 'cmake_target_skip_unavailable' from command line to 'False'
[0.276s] Level 5:colcon.colcon_core.verb:set package 'waypoint' build argument 'cmake_clean_cache' from command line to 'False'
[0.276s] Level 5:colcon.colcon_core.verb:set package 'waypoint' build argument 'cmake_clean_first' from command line to 'False'
[0.276s] Level 5:colcon.colcon_core.verb:set package 'waypoint' build argument 'cmake_force_configure' from command line to 'False'
[0.276s] Level 5:colcon.colcon_core.verb:set package 'waypoint' build argument 'ament_cmake_args' from command line to 'None'
[0.276s] Level 5:colcon.colcon_core.verb:set package 'waypoint' build argument 'catkin_cmake_args' from command line to 'None'
[0.276s] Level 5:colcon.colcon_core.verb:set package 'waypoint' build argument 'catkin_skip_building_tests' from command line to 'False'
[0.276s] DEBUG:colcon.colcon_core.verb:Building package 'waypoint' with the following arguments: {'ament_cmake_args': None, 'build_base': '/home/everygreen/ros2/bot_ws/build/waypoint', 'catkin_cmake_args': None, 'catkin_skip_building_tests': False, 'cmake_args': None, 'cmake_clean_cache': False, 'cmake_clean_first': False, 'cmake_force_configure': False, 'cmake_target': None, 'cmake_target_skip_unavailable': False, 'install_base': '/home/everygreen/ros2/bot_ws/install/waypoint', 'merge_install': False, 'path': '/home/everygreen/ros2/bot_ws/src/waypoint', 'symlink_install': False, 'test_result_base': None}
[0.276s] INFO:colcon.colcon_core.executor:Executing jobs using 'parallel' executor
[0.277s] DEBUG:colcon.colcon_parallel_executor.executor.parallel:run_until_complete
[0.278s] INFO:colcon.colcon_ros.task.ament_cmake.build:Building ROS package in '/home/everygreen/ros2/bot_ws/src/bot' with build type 'ament_cmake'
[0.278s] INFO:colcon.colcon_cmake.task.cmake.build:Building CMake package in '/home/everygreen/ros2/bot_ws/src/bot'
[0.279s] INFO:colcon.colcon_core.plugin_system:Skipping extension 'colcon_core.shell.bat': Not used on non-Windows systems
[0.279s] INFO:colcon.colcon_core.shell:Skip shell extension 'powershell' for command environment: Not usable outside of PowerShell
[0.279s] DEBUG:colcon.colcon_core.shell:Skip shell extension 'dsv' for command environment
[0.283s] INFO:colcon.colcon_ros.task.ament_cmake.build:Building ROS package in '/home/everygreen/ros2/bot_ws/src/bot_nav2' with build type 'ament_cmake'
[0.284s] INFO:colcon.colcon_cmake.task.cmake.build:Building CMake package in '/home/everygreen/ros2/bot_ws/src/bot_nav2'
[0.284s] INFO:colcon.colcon_core.shell:Skip shell extension 'powershell' for command environment: Not usable outside of PowerShell
[0.284s] DEBUG:colcon.colcon_core.shell:Skip shell extension 'dsv' for command environment
[0.288s] INFO:colcon.colcon_ros.task.ament_cmake.build:Building ROS package in '/home/everygreen/ros2/bot_ws/src/fishbot_description' with build type 'ament_cmake'
[0.288s] INFO:colcon.colcon_cmake.task.cmake.build:Building CMake package in '/home/everygreen/ros2/bot_ws/src/fishbot_description'
[0.288s] INFO:colcon.colcon_core.shell:Skip shell extension 'powershell' for command environment: Not usable outside of PowerShell
[0.288s] DEBUG:colcon.colcon_core.shell:Skip shell extension 'dsv' for command environment
[0.292s] INFO:colcon.colcon_ros.task.ament_python.build:Building ROS package in '/home/everygreen/ros2/bot_ws/src/waypoint' with build type 'ament_python'
[0.292s] Level 1:colcon.colcon_core.shell:create_environment_hook('waypoint', 'ament_prefix_path')
[0.292s] INFO:colcon.colcon_core.shell:Creating environment hook '/home/everygreen/ros2/bot_ws/install/waypoint/share/waypoint/hook/ament_prefix_path.ps1'
[0.293s] INFO:colcon.colcon_core.shell:Creating environment descriptor '/home/everygreen/ros2/bot_ws/install/waypoint/share/waypoint/hook/ament_prefix_path.dsv'
[0.293s] INFO:colcon.colcon_core.shell:Creating environment hook '/home/everygreen/ros2/bot_ws/install/waypoint/share/waypoint/hook/ament_prefix_path.sh'
[0.295s] INFO:colcon.colcon_core.shell:Skip shell extension 'powershell' for command environment: Not usable outside of PowerShell
[0.295s] DEBUG:colcon.colcon_core.shell:Skip shell extension 'dsv' for command environment
[0.303s] DEBUG:colcon.colcon_core.event_handler.log_command:Invoking command in '/home/everygreen/ros2/bot_ws/build/bot': CMAKE_PREFIX_PATH=${CMAKE_PREFIX_PATH}:/home/everygreen/ros2/bot_ws/install/waypoint:/opt/ros/humble /usr/bin/cmake --build /home/everygreen/ros2/bot_ws/build/bot -- -j4 -l4
[0.309s] DEBUG:colcon.colcon_core.event_handler.log_command:Invoking command in '/home/everygreen/ros2/bot_ws/build/bot_nav2': CMAKE_PREFIX_PATH=${CMAKE_PREFIX_PATH}:/home/everygreen/ros2/bot_ws/install/waypoint:/opt/ros/humble /usr/bin/cmake --build /home/everygreen/ros2/bot_ws/build/bot_nav2 -- -j4 -l4
[0.313s] DEBUG:colcon.colcon_core.event_handler.log_command:Invoking command in '/home/everygreen/ros2/bot_ws/build/fishbot_description': CMAKE_PREFIX_PATH=${CMAKE_PREFIX_PATH}:/home/everygreen/ros2/bot_ws/install/waypoint:/opt/ros/humble /usr/bin/cmake --build /home/everygreen/ros2/bot_ws/build/fishbot_description -- -j4 -l4
[0.553s] INFO:colcon.colcon_core.task.python.build:Building Python package in '/home/everygreen/ros2/bot_ws/src/waypoint'
[0.553s] INFO:colcon.colcon_core.shell:Skip shell extension 'powershell' for command environment: Not usable outside of PowerShell
[0.554s] DEBUG:colcon.colcon_core.shell:Skip shell extension 'dsv' for command environment
[0.558s] DEBUG:colcon.colcon_core.event_handler.log_command:Invoked command in '/home/everygreen/ros2/bot_ws/build/fishbot_description' returned '0': CMAKE_PREFIX_PATH=${CMAKE_PREFIX_PATH}:/home/everygreen/ros2/bot_ws/install/waypoint:/opt/ros/humble /usr/bin/cmake --build /home/everygreen/ros2/bot_ws/build/fishbot_description -- -j4 -l4
[0.566s] DEBUG:colcon.colcon_core.event_handler.log_command:Invoking command in '/home/everygreen/ros2/bot_ws/build/fishbot_description': CMAKE_PREFIX_PATH=${CMAKE_PREFIX_PATH}:/home/everygreen/ros2/bot_ws/install/waypoint:/opt/ros/humble /usr/bin/cmake --install /home/everygreen/ros2/bot_ws/build/fishbot_description
[0.567s] DEBUG:colcon.colcon_core.event_handler.log_command:Invoked command in '/home/everygreen/ros2/bot_ws/build/bot_nav2' returned '0': CMAKE_PREFIX_PATH=${CMAKE_PREFIX_PATH}:/home/everygreen/ros2/bot_ws/install/waypoint:/opt/ros/humble /usr/bin/cmake --build /home/everygreen/ros2/bot_ws/build/bot_nav2 -- -j4 -l4
[0.567s] DEBUG:colcon.colcon_core.event_handler.log_command:Invoking command in '/home/everygreen/ros2/bot_ws/build/bot_nav2': CMAKE_PREFIX_PATH=${CMAKE_PREFIX_PATH}:/home/everygreen/ros2/bot_ws/install/waypoint:/opt/ros/humble /usr/bin/cmake --install /home/everygreen/ros2/bot_ws/build/bot_nav2
[0.569s] DEBUG:colcon.colcon_core.event_handler.log_command:Invoked command in '/home/everygreen/ros2/bot_ws/build/bot' returned '0': CMAKE_PREFIX_PATH=${CMAKE_PREFIX_PATH}:/home/everygreen/ros2/bot_ws/install/waypoint:/opt/ros/humble /usr/bin/cmake --build /home/everygreen/ros2/bot_ws/build/bot -- -j4 -l4
[0.569s] DEBUG:colcon.colcon_core.event_handler.log_command:Invoking command in '/home/everygreen/ros2/bot_ws/build/bot': CMAKE_PREFIX_PATH=${CMAKE_PREFIX_PATH}:/home/everygreen/ros2/bot_ws/install/waypoint:/opt/ros/humble /usr/bin/cmake --install /home/everygreen/ros2/bot_ws/build/bot
[0.580s] Level 1:colcon.colcon_core.environment:create_environment_scripts_only(fishbot_description)
[0.584s] DEBUG:colcon.colcon_core.event_handler.log_command:Invoked command in '/home/everygreen/ros2/bot_ws/build/fishbot_description' returned '0': CMAKE_PREFIX_PATH=${CMAKE_PREFIX_PATH}:/home/everygreen/ros2/bot_ws/install/waypoint:/opt/ros/humble /usr/bin/cmake --install /home/everygreen/ros2/bot_ws/build/fishbot_description
[0.587s] Level 1:colcon.colcon_core.environment:checking '/home/everygreen/ros2/bot_ws/install/fishbot_description' for CMake module files
[0.587s] Level 1:colcon.colcon_core.environment:checking '/home/everygreen/ros2/bot_ws/install/fishbot_description' for CMake config files
[0.587s] Level 1:colcon.colcon_core.shell:create_environment_hook('fishbot_description', 'cmake_prefix_path')
[0.587s] INFO:colcon.colcon_core.shell:Creating environment hook '/home/everygreen/ros2/bot_ws/install/fishbot_description/share/fishbot_description/hook/cmake_prefix_path.ps1'
[0.588s] INFO:colcon.colcon_core.shell:Creating environment descriptor '/home/everygreen/ros2/bot_ws/install/fishbot_description/share/fishbot_description/hook/cmake_prefix_path.dsv'
[0.588s] INFO:colcon.colcon_core.shell:Creating environment hook '/home/everygreen/ros2/bot_ws/install/fishbot_description/share/fishbot_description/hook/cmake_prefix_path.sh'
[0.589s] Level 1:colcon.colcon_core.environment:checking '/home/everygreen/ros2/bot_ws/install/fishbot_description/bin'
[0.589s] Level 1:colcon.colcon_core.environment:checking '/home/everygreen/ros2/bot_ws/install/fishbot_description/lib/pkgconfig/fishbot_description.pc'
[0.589s] Level 1:colcon.colcon_core.environment:checking '/home/everygreen/ros2/bot_ws/install/fishbot_description/lib/python3.10/site-packages'
[0.589s] Level 1:colcon.colcon_core.environment:checking '/home/everygreen/ros2/bot_ws/install/fishbot_description/bin'
[0.589s] INFO:colcon.colcon_core.shell:Creating package script '/home/everygreen/ros2/bot_ws/install/fishbot_description/share/fishbot_description/package.ps1'
[0.590s] INFO:colcon.colcon_core.shell:Creating package descriptor '/home/everygreen/ros2/bot_ws/install/fishbot_description/share/fishbot_description/package.dsv'
[0.591s] INFO:colcon.colcon_core.shell:Creating package script '/home/everygreen/ros2/bot_ws/install/fishbot_description/share/fishbot_description/package.sh'
[0.592s] INFO:colcon.colcon_core.shell:Creating package script '/home/everygreen/ros2/bot_ws/install/fishbot_description/share/fishbot_description/package.bash'
[0.592s] INFO:colcon.colcon_core.shell:Creating package script '/home/everygreen/ros2/bot_ws/install/fishbot_description/share/fishbot_description/package.zsh'
[0.593s] Level 1:colcon.colcon_core.environment:create_file_with_runtime_dependencies(/home/everygreen/ros2/bot_ws/install/fishbot_description/share/colcon-core/packages/fishbot_description)
[0.593s] Level 1:colcon.colcon_core.environment:create_environment_scripts_only(fishbot_description)
[0.593s] Level 1:colcon.colcon_core.environment:checking '/home/everygreen/ros2/bot_ws/install/fishbot_description' for CMake module files
[0.594s] Level 1:colcon.colcon_core.environment:checking '/home/everygreen/ros2/bot_ws/install/fishbot_description' for CMake config files
[0.594s] Level 1:colcon.colcon_core.shell:create_environment_hook('fishbot_description', 'cmake_prefix_path')
[0.594s] INFO:colcon.colcon_core.shell:Creating environment hook '/home/everygreen/ros2/bot_ws/install/fishbot_description/share/fishbot_description/hook/cmake_prefix_path.ps1'
[0.594s] INFO:colcon.colcon_core.shell:Creating environment descriptor '/home/everygreen/ros2/bot_ws/install/fishbot_description/share/fishbot_description/hook/cmake_prefix_path.dsv'
[0.594s] INFO:colcon.colcon_core.shell:Creating environment hook '/home/everygreen/ros2/bot_ws/install/fishbot_description/share/fishbot_description/hook/cmake_prefix_path.sh'
[0.595s] Level 1:colcon.colcon_core.environment:checking '/home/everygreen/ros2/bot_ws/install/fishbot_description/bin'
[0.595s] Level 1:colcon.colcon_core.environment:checking '/home/everygreen/ros2/bot_ws/install/fishbot_description/lib/pkgconfig/fishbot_description.pc'
[0.595s] Level 1:colcon.colcon_core.environment:checking '/home/everygreen/ros2/bot_ws/install/fishbot_description/lib/python3.10/site-packages'
[0.595s] Level 1:colcon.colcon_core.environment:checking '/home/everygreen/ros2/bot_ws/install/fishbot_description/bin'
[0.595s] INFO:colcon.colcon_core.shell:Creating package script '/home/everygreen/ros2/bot_ws/install/fishbot_description/share/fishbot_description/package.ps1'
[0.596s] INFO:colcon.colcon_core.shell:Creating package descriptor '/home/everygreen/ros2/bot_ws/install/fishbot_description/share/fishbot_description/package.dsv'
[0.596s] INFO:colcon.colcon_core.shell:Creating package script '/home/everygreen/ros2/bot_ws/install/fishbot_description/share/fishbot_description/package.sh'
[0.596s] INFO:colcon.colcon_core.shell:Creating package script '/home/everygreen/ros2/bot_ws/install/fishbot_description/share/fishbot_description/package.bash'
[0.597s] INFO:colcon.colcon_core.shell:Creating package script '/home/everygreen/ros2/bot_ws/install/fishbot_description/share/fishbot_description/package.zsh'
[0.597s] Level 1:colcon.colcon_core.environment:create_file_with_runtime_dependencies(/home/everygreen/ros2/bot_ws/install/fishbot_description/share/colcon-core/packages/fishbot_description)
[0.599s] Level 1:colcon.colcon_core.environment:create_environment_scripts_only(bot_nav2)
[0.599s] Level 1:colcon.colcon_core.environment:checking '/home/everygreen/ros2/bot_ws/install/bot_nav2' for CMake module files
[0.600s] Level 1:colcon.colcon_core.environment:checking '/home/everygreen/ros2/bot_ws/install/bot_nav2' for CMake config files
[0.600s] Level 1:colcon.colcon_core.shell:create_environment_hook('bot_nav2', 'cmake_prefix_path')
[0.600s] INFO:colcon.colcon_core.shell:Creating environment hook '/home/everygreen/ros2/bot_ws/install/bot_nav2/share/bot_nav2/hook/cmake_prefix_path.ps1'
[0.601s] INFO:colcon.colcon_core.shell:Creating environment descriptor '/home/everygreen/ros2/bot_ws/install/bot_nav2/share/bot_nav2/hook/cmake_prefix_path.dsv'
[0.601s] INFO:colcon.colcon_core.shell:Creating environment hook '/home/everygreen/ros2/bot_ws/install/bot_nav2/share/bot_nav2/hook/cmake_prefix_path.sh'
[0.601s] DEBUG:colcon.colcon_core.event_handler.log_command:Invoked command in '/home/everygreen/ros2/bot_ws/build/bot_nav2' returned '0': CMAKE_PREFIX_PATH=${CMAKE_PREFIX_PATH}:/home/everygreen/ros2/bot_ws/install/waypoint:/opt/ros/humble /usr/bin/cmake --install /home/everygreen/ros2/bot_ws/build/bot_nav2
[0.602s] Level 1:colcon.colcon_core.environment:checking '/home/everygreen/ros2/bot_ws/install/bot_nav2/lib'
[0.602s] Level 1:colcon.colcon_core.environment:checking '/home/everygreen/ros2/bot_ws/install/bot_nav2/bin'
[0.602s] Level 1:colcon.colcon_core.environment:checking '/home/everygreen/ros2/bot_ws/install/bot_nav2/lib/pkgconfig/bot_nav2.pc'
[0.602s] Level 1:colcon.colcon_core.environment:checking '/home/everygreen/ros2/bot_ws/install/bot_nav2/lib/python3.10/site-packages'
[0.602s] Level 1:colcon.colcon_core.environment:checking '/home/everygreen/ros2/bot_ws/install/bot_nav2/bin'
[0.603s] INFO:colcon.colcon_core.shell:Creating package script '/home/everygreen/ros2/bot_ws/install/bot_nav2/share/bot_nav2/package.ps1'
[0.603s] INFO:colcon.colcon_core.shell:Creating package descriptor '/home/everygreen/ros2/bot_ws/install/bot_nav2/share/bot_nav2/package.dsv'
[0.604s] INFO:colcon.colcon_core.shell:Creating package script '/home/everygreen/ros2/bot_ws/install/bot_nav2/share/bot_nav2/package.sh'
[0.604s] INFO:colcon.colcon_core.shell:Creating package script '/home/everygreen/ros2/bot_ws/install/bot_nav2/share/bot_nav2/package.bash'
[0.605s] INFO:colcon.colcon_core.shell:Creating package script '/home/everygreen/ros2/bot_ws/install/bot_nav2/share/bot_nav2/package.zsh'
[0.605s] Level 1:colcon.colcon_core.environment:create_file_with_runtime_dependencies(/home/everygreen/ros2/bot_ws/install/bot_nav2/share/colcon-core/packages/bot_nav2)
[0.605s] Level 1:colcon.colcon_core.environment:create_environment_scripts_only(bot_nav2)
[0.606s] Level 1:colcon.colcon_core.environment:checking '/home/everygreen/ros2/bot_ws/install/bot_nav2' for CMake module files
[0.606s] Level 1:colcon.colcon_core.environment:checking '/home/everygreen/ros2/bot_ws/install/bot_nav2' for CMake config files
[0.606s] Level 1:colcon.colcon_core.shell:create_environment_hook('bot_nav2', 'cmake_prefix_path')
[0.606s] INFO:colcon.colcon_core.shell:Creating environment hook '/home/everygreen/ros2/bot_ws/install/bot_nav2/share/bot_nav2/hook/cmake_prefix_path.ps1'
[0.606s] INFO:colcon.colcon_core.shell:Creating environment descriptor '/home/everygreen/ros2/bot_ws/install/bot_nav2/share/bot_nav2/hook/cmake_prefix_path.dsv'
[0.607s] INFO:colcon.colcon_core.shell:Creating environment hook '/home/everygreen/ros2/bot_ws/install/bot_nav2/share/bot_nav2/hook/cmake_prefix_path.sh'
[0.607s] Level 1:colcon.colcon_core.environment:checking '/home/everygreen/ros2/bot_ws/install/bot_nav2/lib'
[0.607s] Level 1:colcon.colcon_core.environment:checking '/home/everygreen/ros2/bot_ws/install/bot_nav2/bin'
[0.607s] Level 1:colcon.colcon_core.environment:checking '/home/everygreen/ros2/bot_ws/install/bot_nav2/lib/pkgconfig/bot_nav2.pc'
[0.607s] Level 1:colcon.colcon_core.environment:checking '/home/everygreen/ros2/bot_ws/install/bot_nav2/lib/python3.10/site-packages'
[0.608s] Level 1:colcon.colcon_core.environment:checking '/home/everygreen/ros2/bot_ws/install/bot_nav2/bin'
[0.608s] INFO:colcon.colcon_core.shell:Creating package script '/home/everygreen/ros2/bot_ws/install/bot_nav2/share/bot_nav2/package.ps1'
[0.609s] INFO:colcon.colcon_core.shell:Creating package descriptor '/home/everygreen/ros2/bot_ws/install/bot_nav2/share/bot_nav2/package.dsv'
[0.610s] INFO:colcon.colcon_core.shell:Creating package script '/home/everygreen/ros2/bot_ws/install/bot_nav2/share/bot_nav2/package.sh'
[0.610s] INFO:colcon.colcon_core.shell:Creating package script '/home/everygreen/ros2/bot_ws/install/bot_nav2/share/bot_nav2/package.bash'
[0.611s] INFO:colcon.colcon_core.shell:Creating package script '/home/everygreen/ros2/bot_ws/install/bot_nav2/share/bot_nav2/package.zsh'
[0.611s] Level 1:colcon.colcon_core.environment:create_file_with_runtime_dependencies(/home/everygreen/ros2/bot_ws/install/bot_nav2/share/colcon-core/packages/bot_nav2)
[0.612s] Level 1:colcon.colcon_core.environment:create_environment_scripts_only(bot)
[0.612s] Level 1:colcon.colcon_core.environment:checking '/home/everygreen/ros2/bot_ws/install/bot' for CMake module files
[0.612s] Level 1:colcon.colcon_core.environment:checking '/home/everygreen/ros2/bot_ws/install/bot' for CMake config files
[0.612s] Level 1:colcon.colcon_core.shell:create_environment_hook('bot', 'cmake_prefix_path')
[0.613s] INFO:colcon.colcon_core.shell:Creating environment hook '/home/everygreen/ros2/bot_ws/install/bot/share/bot/hook/cmake_prefix_path.ps1'
[0.613s] INFO:colcon.colcon_core.shell:Creating environment descriptor '/home/everygreen/ros2/bot_ws/install/bot/share/bot/hook/cmake_prefix_path.dsv'
[0.614s] DEBUG:colcon.colcon_core.event_handler.log_command:Invoked command in '/home/everygreen/ros2/bot_ws/build/bot' returned '0': CMAKE_PREFIX_PATH=${CMAKE_PREFIX_PATH}:/home/everygreen/ros2/bot_ws/install/waypoint:/opt/ros/humble /usr/bin/cmake --install /home/everygreen/ros2/bot_ws/build/bot
[0.614s] INFO:colcon.colcon_core.shell:Creating environment hook '/home/everygreen/ros2/bot_ws/install/bot/share/bot/hook/cmake_prefix_path.sh'
[0.615s] Level 1:colcon.colcon_core.environment:checking '/home/everygreen/ros2/bot_ws/install/bot/bin'
[0.615s] Level 1:colcon.colcon_core.environment:checking '/home/everygreen/ros2/bot_ws/install/bot/lib/pkgconfig/bot.pc'
[0.615s] Level 1:colcon.colcon_core.environment:checking '/home/everygreen/ros2/bot_ws/install/bot/lib/python3.10/site-packages'
[0.615s] Level 1:colcon.colcon_core.environment:checking '/home/everygreen/ros2/bot_ws/install/bot/bin'
[0.615s] INFO:colcon.colcon_core.shell:Creating package script '/home/everygreen/ros2/bot_ws/install/bot/share/bot/package.ps1'
[0.616s] INFO:colcon.colcon_core.shell:Creating package descriptor '/home/everygreen/ros2/bot_ws/install/bot/share/bot/package.dsv'
[0.616s] INFO:colcon.colcon_core.shell:Creating package script '/home/everygreen/ros2/bot_ws/install/bot/share/bot/package.sh'
[0.616s] INFO:colcon.colcon_core.shell:Creating package script '/home/everygreen/ros2/bot_ws/install/bot/share/bot/package.bash'
[0.617s] INFO:colcon.colcon_core.shell:Creating package script '/home/everygreen/ros2/bot_ws/install/bot/share/bot/package.zsh'
[0.617s] Level 1:colcon.colcon_core.environment:create_file_with_runtime_dependencies(/home/everygreen/ros2/bot_ws/install/bot/share/colcon-core/packages/bot)
[0.617s] Level 1:colcon.colcon_core.environment:create_environment_scripts_only(bot)
[0.617s] Level 1:colcon.colcon_core.environment:checking '/home/everygreen/ros2/bot_ws/install/bot' for CMake module files
[0.618s] Level 1:colcon.colcon_core.environment:checking '/home/everygreen/ros2/bot_ws/install/bot' for CMake config files
[0.618s] Level 1:colcon.colcon_core.shell:create_environment_hook('bot', 'cmake_prefix_path')
[0.618s] INFO:colcon.colcon_core.shell:Creating environment hook '/home/everygreen/ros2/bot_ws/install/bot/share/bot/hook/cmake_prefix_path.ps1'
[0.618s] INFO:colcon.colcon_core.shell:Creating environment descriptor '/home/everygreen/ros2/bot_ws/install/bot/share/bot/hook/cmake_prefix_path.dsv'
[0.618s] INFO:colcon.colcon_core.shell:Creating environment hook '/home/everygreen/ros2/bot_ws/install/bot/share/bot/hook/cmake_prefix_path.sh'
[0.619s] Level 1:colcon.colcon_core.environment:checking '/home/everygreen/ros2/bot_ws/install/bot/bin'
[0.619s] Level 1:colcon.colcon_core.environment:checking '/home/everygreen/ros2/bot_ws/install/bot/lib/pkgconfig/bot.pc'
[0.619s] Level 1:colcon.colcon_core.environment:checking '/home/everygreen/ros2/bot_ws/install/bot/lib/python3.10/site-packages'
[0.619s] Level 1:colcon.colcon_core.environment:checking '/home/everygreen/ros2/bot_ws/install/bot/bin'
[0.620s] INFO:colcon.colcon_core.shell:Creating package script '/home/everygreen/ros2/bot_ws/install/bot/share/bot/package.ps1'
[0.621s] INFO:colcon.colcon_core.shell:Creating package descriptor '/home/everygreen/ros2/bot_ws/install/bot/share/bot/package.dsv'
[0.622s] INFO:colcon.colcon_core.shell:Creating package script '/home/everygreen/ros2/bot_ws/install/bot/share/bot/package.sh'
[0.622s] INFO:colcon.colcon_core.shell:Creating package script '/home/everygreen/ros2/bot_ws/install/bot/share/bot/package.bash'
[0.622s] INFO:colcon.colcon_core.shell:Creating package script '/home/everygreen/ros2/bot_ws/install/bot/share/bot/package.zsh'
[0.623s] Level 1:colcon.colcon_core.environment:create_file_with_runtime_dependencies(/home/everygreen/ros2/bot_ws/install/bot/share/colcon-core/packages/bot)
[0.850s] DEBUG:colcon.colcon_core.event_handler.log_command:Invoking command in '/home/everygreen/ros2/bot_ws/src/waypoint': PYTHONPATH=/home/everygreen/ros2/bot_ws/build/waypoint/prefix_override:/usr/lib/python3/dist-packages/colcon_core/task/python/colcon_distutils_commands:/home/everygreen/ros2/bot_ws/install/waypoint/lib/python3.10/site-packages:${PYTHONPATH} /usr/bin/python3 -W ignore:setup.py install is deprecated -W ignore:easy_install command is deprecated setup.py egg_info --egg-base ../../build/waypoint build --build-base /home/everygreen/ros2/bot_ws/build/waypoint/build install --record /home/everygreen/ros2/bot_ws/build/waypoint/install.log --single-version-externally-managed install_data
[1.049s] Level 1:colcon.colcon_core.environment:checking '/home/everygreen/ros2/bot_ws/install/waypoint' for CMake module files
[1.049s] DEBUG:colcon.colcon_core.event_handler.log_command:Invoked command in '/home/everygreen/ros2/bot_ws/src/waypoint' returned '0': PYTHONPATH=/home/everygreen/ros2/bot_ws/build/waypoint/prefix_override:/usr/lib/python3/dist-packages/colcon_core/task/python/colcon_distutils_commands:/home/everygreen/ros2/bot_ws/install/waypoint/lib/python3.10/site-packages:${PYTHONPATH} /usr/bin/python3 -W ignore:setup.py install is deprecated -W ignore:easy_install command is deprecated setup.py egg_info --egg-base ../../build/waypoint build --build-base /home/everygreen/ros2/bot_ws/build/waypoint/build install --record /home/everygreen/ros2/bot_ws/build/waypoint/install.log --single-version-externally-managed install_data
[1.050s] Level 1:colcon.colcon_core.environment:checking '/home/everygreen/ros2/bot_ws/install/waypoint' for CMake config files
[1.050s] Level 1:colcon.colcon_core.environment:checking '/home/everygreen/ros2/bot_ws/install/waypoint/lib'
[1.050s] Level 1:colcon.colcon_core.environment:checking '/home/everygreen/ros2/bot_ws/install/waypoint/bin'
[1.050s] Level 1:colcon.colcon_core.environment:checking '/home/everygreen/ros2/bot_ws/install/waypoint/lib/pkgconfig/waypoint.pc'
[1.050s] Level 1:colcon.colcon_core.environment:checking '/home/everygreen/ros2/bot_ws/install/waypoint/lib/python3.10/site-packages'
[1.050s] Level 1:colcon.colcon_core.shell:create_environment_hook('waypoint', 'pythonpath')
[1.051s] INFO:colcon.colcon_core.shell:Creating environment hook '/home/everygreen/ros2/bot_ws/install/waypoint/share/waypoint/hook/pythonpath.ps1'
[1.051s] INFO:colcon.colcon_core.shell:Creating environment descriptor '/home/everygreen/ros2/bot_ws/install/waypoint/share/waypoint/hook/pythonpath.dsv'
[1.051s] INFO:colcon.colcon_core.shell:Creating environment hook '/home/everygreen/ros2/bot_ws/install/waypoint/share/waypoint/hook/pythonpath.sh'
[1.052s] Level 1:colcon.colcon_core.environment:checking '/home/everygreen/ros2/bot_ws/install/waypoint/bin'
[1.052s] Level 1:colcon.colcon_core.environment:create_environment_scripts_only(waypoint)
[1.053s] INFO:colcon.colcon_core.shell:Creating package script '/home/everygreen/ros2/bot_ws/install/waypoint/share/waypoint/package.ps1'
[1.053s] INFO:colcon.colcon_core.shell:Creating package descriptor '/home/everygreen/ros2/bot_ws/install/waypoint/share/waypoint/package.dsv'
[1.053s] INFO:colcon.colcon_core.shell:Creating package script '/home/everygreen/ros2/bot_ws/install/waypoint/share/waypoint/package.sh'
[1.054s] INFO:colcon.colcon_core.shell:Creating package script '/home/everygreen/ros2/bot_ws/install/waypoint/share/waypoint/package.bash'
[1.054s] INFO:colcon.colcon_core.shell:Creating package script '/home/everygreen/ros2/bot_ws/install/waypoint/share/waypoint/package.zsh'
[1.054s] Level 1:colcon.colcon_core.environment:create_file_with_runtime_dependencies(/home/everygreen/ros2/bot_ws/install/waypoint/share/colcon-core/packages/waypoint)
[1.054s] DEBUG:colcon.colcon_parallel_executor.executor.parallel:closing loop
[1.055s] DEBUG:colcon.colcon_parallel_executor.executor.parallel:loop closed
[1.055s] DEBUG:colcon.colcon_parallel_executor.executor.parallel:run_until_complete finished with '0'
[1.055s] DEBUG:colcon.colcon_core.event_reactor:joining thread
[1.059s] INFO:colcon.colcon_core.plugin_system:Skipping extension 'colcon_notification.desktop_notification.terminal_notifier': Not used on non-Darwin systems
[1.059s] INFO:colcon.colcon_core.plugin_system:Skipping extension 'colcon_notification.desktop_notification.win32': Not used on non-Windows systems
[1.059s] INFO:colcon.colcon_notification.desktop_notification:Sending desktop notification using 'notify2'
[1.073s] DEBUG:colcon.colcon_core.event_reactor:joined thread
[1.073s] INFO:colcon.colcon_core.shell:Creating prefix script '/home/everygreen/ros2/bot_ws/install/local_setup.ps1'
[1.074s] INFO:colcon.colcon_core.shell:Creating prefix util module '/home/everygreen/ros2/bot_ws/install/_local_setup_util_ps1.py'
[1.075s] INFO:colcon.colcon_core.shell:Creating prefix chain script '/home/everygreen/ros2/bot_ws/install/setup.ps1'
[1.076s] INFO:colcon.colcon_core.shell:Creating prefix script '/home/everygreen/ros2/bot_ws/install/local_setup.sh'
[1.077s] INFO:colcon.colcon_core.shell:Creating prefix util module '/home/everygreen/ros2/bot_ws/install/_local_setup_util_sh.py'
[1.077s] INFO:colcon.colcon_core.shell:Creating prefix chain script '/home/everygreen/ros2/bot_ws/install/setup.sh'
[1.079s] INFO:colcon.colcon_core.shell:Creating prefix script '/home/everygreen/ros2/bot_ws/install/local_setup.bash'
[1.080s] INFO:colcon.colcon_core.shell:Creating prefix chain script '/home/everygreen/ros2/bot_ws/install/setup.bash'
[1.081s] INFO:colcon.colcon_core.shell:Creating prefix script '/home/everygreen/ros2/bot_ws/install/local_setup.zsh'
[1.081s] INFO:colcon.colcon_core.shell:Creating prefix chain script '/home/everygreen/ros2/bot_ws/install/setup.zsh'
