[0.076s] Invoking command in '/home/everygreen/ros2/bot_ws/build/fishbot_description': CMAKE_PREFIX_PATH=/opt/ros/humble /usr/bin/cmake /home/everygreen/ros2/bot_ws/src/fishbot_description -DCMAKE_INSTALL_PREFIX=/home/everygreen/ros2/bot_ws/install/fishbot_description
[0.492s] -- The C compiler identification is GNU 11.4.0
[0.759s] -- The CXX compiler identification is GNU 11.4.0
[0.795s] -- Detecting C compiler ABI info
[0.973s] -- Detecting C compiler ABI info - done
[1.005s] -- Check for working C compiler: /usr/bin/cc - skipped
[1.005s] -- Detecting C compile features
[1.005s] -- Detecting C compile features - done
[1.009s] -- Detecting CXX compiler ABI info
[1.216s] -- Detecting CXX compiler ABI info - done
[1.243s] -- Check for working CXX compiler: /usr/bin/c++ - skipped
[1.243s] -- Detecting CXX compile features
[1.245s] -- Detecting CXX compile features - done
[1.253s] -- Found ament_cmake: 1.3.14 (/opt/ros/humble/share/ament_cmake/cmake)
[1.506s] -- Found Python3: /usr/bin/python3 (found version "3.10.12") found components: Interpreter 
[1.741s] -- Found ament_lint_auto: 0.12.15 (/opt/ros/humble/share/ament_lint_auto/cmake)
[1.883s] -- Added test 'lint_cmake' to check CMake code style
[1.886s] -- Added test 'xmllint' to check XML markup files
[1.893s] -- Configuring done
[1.897s] -- Generating done
[1.897s] -- Build files have been written to: /home/everygreen/ros2/bot_ws/build/fishbot_description
[1.909s] Invoked command in '/home/everygreen/ros2/bot_ws/build/fishbot_description' returned '0': CMAKE_PREFIX_PATH=/opt/ros/humble /usr/bin/cmake /home/everygreen/ros2/bot_ws/src/fishbot_description -DCMAKE_INSTALL_PREFIX=/home/everygreen/ros2/bot_ws/install/fishbot_description
[1.909s] Invoking command in '/home/everygreen/ros2/bot_ws/build/fishbot_description': CMAKE_PREFIX_PATH=/opt/ros/humble /usr/bin/cmake --build /home/everygreen/ros2/bot_ws/build/fishbot_description -- -j4 -l4
[1.959s] Invoked command in '/home/everygreen/ros2/bot_ws/build/fishbot_description' returned '0': CMAKE_PREFIX_PATH=/opt/ros/humble /usr/bin/cmake --build /home/everygreen/ros2/bot_ws/build/fishbot_description -- -j4 -l4
[1.980s] Invoking command in '/home/everygreen/ros2/bot_ws/build/fishbot_description': CMAKE_PREFIX_PATH=/opt/ros/humble /usr/bin/cmake --install /home/everygreen/ros2/bot_ws/build/fishbot_description
[1.997s] -- Install configuration: ""
[2.001s] -- Installing: /home/everygreen/ros2/bot_ws/install/fishbot_description/share/fishbot_description/urdf
[2.001s] -- Installing: /home/everygreen/ros2/bot_ws/install/fishbot_description/share/fishbot_description/urdf/fishbot
[2.002s] -- Installing: /home/everygreen/ros2/bot_ws/install/fishbot_description/share/fishbot_description/urdf/fishbot/fishbot.ros2_control.xacro
[2.002s] -- Installing: /home/everygreen/ros2/bot_ws/install/fishbot_description/share/fishbot_description/urdf/fishbot/fishbot.urdf.xacro
[2.002s] -- Installing: /home/everygreen/ros2/bot_ws/install/fishbot_description/share/fishbot_description/urdf/fishbot/sensor
[2.002s] -- Installing: /home/everygreen/ros2/bot_ws/install/fishbot_description/share/fishbot_description/urdf/fishbot/sensor/imu.urdf.xacro
[2.002s] -- Installing: /home/everygreen/ros2/bot_ws/install/fishbot_description/share/fishbot_description/urdf/fishbot/sensor/laser.urdf.xacro
[2.002s] -- Installing: /home/everygreen/ros2/bot_ws/install/fishbot_description/share/fishbot_description/urdf/fishbot/sensor/camera.urdf.xacro
[2.002s] -- Installing: /home/everygreen/ros2/bot_ws/install/fishbot_description/share/fishbot_description/urdf/fishbot/common_inertia.xacro
[2.002s] -- Installing: /home/everygreen/ros2/bot_ws/install/fishbot_description/share/fishbot_description/urdf/fishbot/base.urdf.xacro
[2.002s] -- Installing: /home/everygreen/ros2/bot_ws/install/fishbot_description/share/fishbot_description/urdf/fishbot/actuator
[2.002s] -- Installing: /home/everygreen/ros2/bot_ws/install/fishbot_description/share/fishbot_description/urdf/fishbot/actuator/caster.urdf.xacro
[2.002s] -- Installing: /home/everygreen/ros2/bot_ws/install/fishbot_description/share/fishbot_description/urdf/fishbot/actuator/wheel.urdf.xacro
[2.002s] -- Installing: /home/everygreen/ros2/bot_ws/install/fishbot_description/share/fishbot_description/urdf/fishbot/plugins
[2.002s] -- Installing: /home/everygreen/ros2/bot_ws/install/fishbot_description/share/fishbot_description/urdf/fishbot/plugins/gazebo_sensor_plugin.xacro
[2.002s] -- Installing: /home/everygreen/ros2/bot_ws/install/fishbot_description/share/fishbot_description/urdf/fishbot/plugins/gazebo_control_plugin.xacro
[2.002s] -- Installing: /home/everygreen/ros2/bot_ws/install/fishbot_description/share/fishbot_description/config
[2.002s] -- Installing: /home/everygreen/ros2/bot_ws/install/fishbot_description/share/fishbot_description/config/rviz
[2.002s] -- Installing: /home/everygreen/ros2/bot_ws/install/fishbot_description/share/fishbot_description/config/rviz/dispaly_model.rviz
[2.002s] -- Installing: /home/everygreen/ros2/bot_ws/install/fishbot_description/share/fishbot_description/config/fishbot_ros2_controller.yaml
[2.002s] -- Installing: /home/everygreen/ros2/bot_ws/install/fishbot_description/share/ament_index/resource_index/package_run_dependencies/fishbot_description
[2.002s] -- Installing: /home/everygreen/ros2/bot_ws/install/fishbot_description/share/ament_index/resource_index/parent_prefix_path/fishbot_description
[2.002s] -- Installing: /home/everygreen/ros2/bot_ws/install/fishbot_description/share/fishbot_description/environment/ament_prefix_path.sh
[2.002s] -- Installing: /home/everygreen/ros2/bot_ws/install/fishbot_description/share/fishbot_description/environment/ament_prefix_path.dsv
[2.002s] -- Installing: /home/everygreen/ros2/bot_ws/install/fishbot_description/share/fishbot_description/environment/path.sh
[2.002s] -- Installing: /home/everygreen/ros2/bot_ws/install/fishbot_description/share/fishbot_description/environment/path.dsv
[2.002s] -- Installing: /home/everygreen/ros2/bot_ws/install/fishbot_description/share/fishbot_description/local_setup.bash
[2.002s] -- Installing: /home/everygreen/ros2/bot_ws/install/fishbot_description/share/fishbot_description/local_setup.sh
[2.002s] -- Installing: /home/everygreen/ros2/bot_ws/install/fishbot_description/share/fishbot_description/local_setup.zsh
[2.002s] -- Installing: /home/everygreen/ros2/bot_ws/install/fishbot_description/share/fishbot_description/local_setup.dsv
[2.002s] -- Installing: /home/everygreen/ros2/bot_ws/install/fishbot_description/share/fishbot_description/package.dsv
[2.002s] -- Installing: /home/everygreen/ros2/bot_ws/install/fishbot_description/share/ament_index/resource_index/packages/fishbot_description
[2.005s] -- Installing: /home/everygreen/ros2/bot_ws/install/fishbot_description/share/fishbot_description/cmake/fishbot_descriptionConfig.cmake
[2.006s] -- Installing: /home/everygreen/ros2/bot_ws/install/fishbot_description/share/fishbot_description/cmake/fishbot_descriptionConfig-version.cmake
[2.006s] -- Installing: /home/everygreen/ros2/bot_ws/install/fishbot_description/share/fishbot_description/package.xml
[2.009s] Invoked command in '/home/everygreen/ros2/bot_ws/build/fishbot_description' returned '0': CMAKE_PREFIX_PATH=/opt/ros/humble /usr/bin/cmake --install /home/everygreen/ros2/bot_ws/build/fishbot_description
