-- Install configuration: ""
-- Up-to-date: /home/everygreen/ros2/bot_ws/install/bot/share/bot/launch
-- Up-to-date: /home/everygreen/ros2/bot_ws/install/bot/share/bot/launch/sim.launch.py
-- Up-to-date: /home/everygreen/ros2/bot_ws/install/bot/share/bot/worlds
-- Up-to-date: /home/everygreen/ros2/bot_ws/install/bot/share/bot/worlds/bot.world
-- Up-to-date: /home/everygreen/ros2/bot_ws/install/bot/share/bot/models
-- Up-to-date: /home/everygreen/ros2/bot_ws/install/bot/share/bot/models/bot_map
-- Up-to-date: /home/everygreen/ros2/bot_ws/install/bot/share/bot/models/bot_map/meshes
-- Installing: /home/everygreen/ros2/bot_ws/install/bot/share/bot/models/bot_map/meshes/map.stl
-- Up-to-date: /home/everygreen/ros2/bot_ws/install/bot/share/bot/models/bot_map/model.config
-- Up-to-date: /home/everygreen/ros2/bot_ws/install/bot/share/bot/models/bot_map/model.sdf
-- Up-to-date: /home/everygreen/ros2/bot_ws/install/bot/share/ament_index/resource_index/package_run_dependencies/bot
-- Up-to-date: /home/everygreen/ros2/bot_ws/install/bot/share/ament_index/resource_index/parent_prefix_path/bot
-- Up-to-date: /home/everygreen/ros2/bot_ws/install/bot/share/bot/environment/ament_prefix_path.sh
-- Up-to-date: /home/everygreen/ros2/bot_ws/install/bot/share/bot/environment/ament_prefix_path.dsv
-- Up-to-date: /home/everygreen/ros2/bot_ws/install/bot/share/bot/environment/path.sh
-- Up-to-date: /home/everygreen/ros2/bot_ws/install/bot/share/bot/environment/path.dsv
-- Up-to-date: /home/everygreen/ros2/bot_ws/install/bot/share/bot/local_setup.bash
-- Up-to-date: /home/everygreen/ros2/bot_ws/install/bot/share/bot/local_setup.sh
-- Up-to-date: /home/everygreen/ros2/bot_ws/install/bot/share/bot/local_setup.zsh
-- Up-to-date: /home/everygreen/ros2/bot_ws/install/bot/share/bot/local_setup.dsv
-- Installing: /home/everygreen/ros2/bot_ws/install/bot/share/bot/package.dsv
-- Up-to-date: /home/everygreen/ros2/bot_ws/install/bot/share/ament_index/resource_index/packages/bot
-- Up-to-date: /home/everygreen/ros2/bot_ws/install/bot/share/bot/cmake/botConfig.cmake
-- Up-to-date: /home/everygreen/ros2/bot_ws/install/bot/share/bot/cmake/botConfig-version.cmake
-- Up-to-date: /home/everygreen/ros2/bot_ws/install/bot/share/bot/package.xml
